Archive member included to satisfy reference by file (symbol)

c:/program files (x86)/atollic/truestudio for arm 7.1.0/armtools/bin/../lib/gcc/arm-atollic-eabi/5.3.1/../../../../arm-atollic-eabi/lib/armv7-m\libc_nano.a(lib_a-init.o)
                              Application\TrueSTUDIO\startup_stm32l152xe.o (__libc_init_array)
c:/program files (x86)/atollic/truestudio for arm 7.1.0/armtools/bin/../lib/gcc/arm-atollic-eabi/5.3.1/../../../../arm-atollic-eabi/lib/armv7-m\libc_nano.a(lib_a-memset.o)
                              Drivers\STM32L1xx_HAL_Driver\stm32l1xx_hal_rcc.o (memset)

Allocating common symbols
Common symbol       size              file

hspi2               0x58              Application\User\spi.o
rfmsg_len           0x1               Application\User\main.o
rfm7x_mode          0x1               rfm7x.o
uwTick              0x4               Drivers\STM32L1xx_HAL_Driver\stm32l1xx_hal.o
pFlash              0x18              Drivers\STM32L1xx_HAL_Driver\stm32l1xx_hal_flash.o
huart2              0x40              Application\User\usart.o
rfmsg               0x20              Application\User\main.o
st                  0x1               rfm7x.o
htim7               0x38              Application\User\tim.o
rfm7x_current_channel
                    0x1               rfm7x.o
rfpipe              0x1               Application\User\main.o

Discarded input sections

 .text          0x00000000        0x0 c:/program files (x86)/atollic/truestudio for arm 7.1.0/armtools/bin/../lib/gcc/arm-atollic-eabi/5.3.1/armv7-m/crti.o
 .data          0x00000000        0x0 c:/program files (x86)/atollic/truestudio for arm 7.1.0/armtools/bin/../lib/gcc/arm-atollic-eabi/5.3.1/armv7-m/crti.o
 .bss           0x00000000        0x0 c:/program files (x86)/atollic/truestudio for arm 7.1.0/armtools/bin/../lib/gcc/arm-atollic-eabi/5.3.1/armv7-m/crti.o
 .data          0x00000000        0x4 c:/program files (x86)/atollic/truestudio for arm 7.1.0/armtools/bin/../lib/gcc/arm-atollic-eabi/5.3.1/armv7-m/crtbegin.o
 .text          0x00000000       0x14 Application\TrueSTUDIO\startup_stm32l152xe.o
 .data          0x00000000        0x0 Application\TrueSTUDIO\startup_stm32l152xe.o
 .bss           0x00000000        0x0 Application\TrueSTUDIO\startup_stm32l152xe.o
 .text          0x00000000        0x0 Application\User\gpio.o
 .data          0x00000000        0x0 Application\User\gpio.o
 .bss           0x00000000        0x0 Application\User\gpio.o
 .text          0x00000000        0x0 Application\User\main.o
 .data          0x00000000        0x0 Application\User\main.o
 .bss           0x00000000        0x0 Application\User\main.o
 .bss.check     0x00000000        0x1 Application\User\main.o
 .data.Message_Error
                0x00000000        0x3 Application\User\main.o
 .text          0x00000000        0x0 Application\User\spi.o
 .data          0x00000000        0x0 Application\User\spi.o
 .bss           0x00000000        0x0 Application\User\spi.o
 .text.HAL_SPI_MspDeInit
                0x00000000       0x2c Application\User\spi.o
 .text          0x00000000        0x0 Application\User\stm32l1xx_hal_msp.o
 .data          0x00000000        0x0 Application\User\stm32l1xx_hal_msp.o
 .bss           0x00000000        0x0 Application\User\stm32l1xx_hal_msp.o
 .text          0x00000000        0x0 Application\User\stm32l1xx_it.o
 .data          0x00000000        0x0 Application\User\stm32l1xx_it.o
 .bss           0x00000000        0x0 Application\User\stm32l1xx_it.o
 .text          0x00000000        0x0 Application\User\tim.o
 .data          0x00000000        0x0 Application\User\tim.o
 .bss           0x00000000        0x0 Application\User\tim.o
 .text.HAL_TIM_Base_MspDeInit
                0x00000000       0x1c Application\User\tim.o
 .text          0x00000000        0x0 Application\User\usart.o
 .data          0x00000000        0x0 Application\User\usart.o
 .bss           0x00000000        0x0 Application\User\usart.o
 .text.HAL_UART_MspDeInit
                0x00000000       0x34 Application\User\usart.o
 .text          0x00000000        0x0 Drivers\CMSIS\system_stm32l1xx.o
 .data          0x00000000        0x0 Drivers\CMSIS\system_stm32l1xx.o
 .bss           0x00000000        0x0 Drivers\CMSIS\system_stm32l1xx.o
 .text.SystemCoreClockUpdate
                0x00000000       0x94 Drivers\CMSIS\system_stm32l1xx.o
 .text          0x00000000        0x0 Drivers\STM32L1xx_HAL_Driver\stm32l1xx_hal.o
 .data          0x00000000        0x0 Drivers\STM32L1xx_HAL_Driver\stm32l1xx_hal.o
 .bss           0x00000000        0x0 Drivers\STM32L1xx_HAL_Driver\stm32l1xx_hal.o
 .text.HAL_MspInit
                0x00000000        0x2 Drivers\STM32L1xx_HAL_Driver\stm32l1xx_hal.o
 .text.HAL_MspDeInit
                0x00000000        0x2 Drivers\STM32L1xx_HAL_Driver\stm32l1xx_hal.o
 .text.HAL_DeInit
                0x00000000       0x24 Drivers\STM32L1xx_HAL_Driver\stm32l1xx_hal.o
 .text.HAL_SuspendTick
                0x00000000       0x10 Drivers\STM32L1xx_HAL_Driver\stm32l1xx_hal.o
 .text.HAL_ResumeTick
                0x00000000       0x10 Drivers\STM32L1xx_HAL_Driver\stm32l1xx_hal.o
 .text.HAL_GetHalVersion
                0x00000000        0x6 Drivers\STM32L1xx_HAL_Driver\stm32l1xx_hal.o
 .text.HAL_GetREVID
                0x00000000        0xc Drivers\STM32L1xx_HAL_Driver\stm32l1xx_hal.o
 .text.HAL_GetDEVID
                0x00000000       0x10 Drivers\STM32L1xx_HAL_Driver\stm32l1xx_hal.o
 .text.HAL_DBGMCU_EnableDBGSleepMode
                0x00000000       0x10 Drivers\STM32L1xx_HAL_Driver\stm32l1xx_hal.o
 .text.HAL_DBGMCU_DisableDBGSleepMode
                0x00000000       0x10 Drivers\STM32L1xx_HAL_Driver\stm32l1xx_hal.o
 .text.HAL_DBGMCU_EnableDBGStopMode
                0x00000000       0x10 Drivers\STM32L1xx_HAL_Driver\stm32l1xx_hal.o
 .text.HAL_DBGMCU_DisableDBGStopMode
                0x00000000       0x10 Drivers\STM32L1xx_HAL_Driver\stm32l1xx_hal.o
 .text.HAL_DBGMCU_EnableDBGStandbyMode
                0x00000000       0x10 Drivers\STM32L1xx_HAL_Driver\stm32l1xx_hal.o
 .text.HAL_DBGMCU_DisableDBGStandbyMode
                0x00000000       0x10 Drivers\STM32L1xx_HAL_Driver\stm32l1xx_hal.o
 .text          0x00000000        0x0 Drivers\STM32L1xx_HAL_Driver\stm32l1xx_hal_cortex.o
 .data          0x00000000        0x0 Drivers\STM32L1xx_HAL_Driver\stm32l1xx_hal_cortex.o
 .bss           0x00000000        0x0 Drivers\STM32L1xx_HAL_Driver\stm32l1xx_hal_cortex.o
 .text.HAL_NVIC_DisableIRQ
                0x00000000       0x1c Drivers\STM32L1xx_HAL_Driver\stm32l1xx_hal_cortex.o
 .text.HAL_NVIC_SystemReset
                0x00000000       0x24 Drivers\STM32L1xx_HAL_Driver\stm32l1xx_hal_cortex.o
 .text.HAL_MPU_ConfigRegion
                0x00000000       0x4c Drivers\STM32L1xx_HAL_Driver\stm32l1xx_hal_cortex.o
 .text.HAL_NVIC_GetPriorityGrouping
                0x00000000       0x10 Drivers\STM32L1xx_HAL_Driver\stm32l1xx_hal_cortex.o
 .text.HAL_NVIC_GetPriority
                0x00000000       0x5c Drivers\STM32L1xx_HAL_Driver\stm32l1xx_hal_cortex.o
 .text.HAL_NVIC_SetPendingIRQ
                0x00000000       0x1c Drivers\STM32L1xx_HAL_Driver\stm32l1xx_hal_cortex.o
 .text.HAL_NVIC_GetPendingIRQ
                0x00000000       0x1c Drivers\STM32L1xx_HAL_Driver\stm32l1xx_hal_cortex.o
 .text.HAL_NVIC_ClearPendingIRQ
                0x00000000       0x1c Drivers\STM32L1xx_HAL_Driver\stm32l1xx_hal_cortex.o
 .text.HAL_NVIC_GetActive
                0x00000000       0x1c Drivers\STM32L1xx_HAL_Driver\stm32l1xx_hal_cortex.o
 .text          0x00000000        0x0 Drivers\STM32L1xx_HAL_Driver\stm32l1xx_hal_dma.o
 .data          0x00000000        0x0 Drivers\STM32L1xx_HAL_Driver\stm32l1xx_hal_dma.o
 .bss           0x00000000        0x0 Drivers\STM32L1xx_HAL_Driver\stm32l1xx_hal_dma.o
 .text.HAL_DMA_Init
                0x00000000       0x90 Drivers\STM32L1xx_HAL_Driver\stm32l1xx_hal_dma.o
 .text.HAL_DMA_DeInit
                0x00000000       0x70 Drivers\STM32L1xx_HAL_Driver\stm32l1xx_hal_dma.o
 .text.HAL_DMA_Start
                0x00000000       0x62 Drivers\STM32L1xx_HAL_Driver\stm32l1xx_hal_dma.o
 .text.HAL_DMA_Start_IT
                0x00000000       0x80 Drivers\STM32L1xx_HAL_Driver\stm32l1xx_hal_dma.o
 .text.HAL_DMA_Abort
                0x00000000       0x2c Drivers\STM32L1xx_HAL_Driver\stm32l1xx_hal_dma.o
 .text.HAL_DMA_Abort_IT
                0x00000000       0x48 Drivers\STM32L1xx_HAL_Driver\stm32l1xx_hal_dma.o
 .text.HAL_DMA_PollForTransfer
                0x00000000       0xc6 Drivers\STM32L1xx_HAL_Driver\stm32l1xx_hal_dma.o
 .text.HAL_DMA_IRQHandler
                0x00000000       0x90 Drivers\STM32L1xx_HAL_Driver\stm32l1xx_hal_dma.o
 .text.HAL_DMA_RegisterCallback
                0x00000000       0x46 Drivers\STM32L1xx_HAL_Driver\stm32l1xx_hal_dma.o
 .text.HAL_DMA_UnRegisterCallback
                0x00000000       0x4e Drivers\STM32L1xx_HAL_Driver\stm32l1xx_hal_dma.o
 .text.HAL_DMA_GetState
                0x00000000        0x6 Drivers\STM32L1xx_HAL_Driver\stm32l1xx_hal_dma.o
 .text.HAL_DMA_GetError
                0x00000000        0x4 Drivers\STM32L1xx_HAL_Driver\stm32l1xx_hal_dma.o
 .debug_info    0x00000000      0x797 Drivers\STM32L1xx_HAL_Driver\stm32l1xx_hal_dma.o
 .debug_abbrev  0x00000000      0x212 Drivers\STM32L1xx_HAL_Driver\stm32l1xx_hal_dma.o
 .debug_loc     0x00000000      0x5c4 Drivers\STM32L1xx_HAL_Driver\stm32l1xx_hal_dma.o
 .debug_aranges
                0x00000000       0x78 Drivers\STM32L1xx_HAL_Driver\stm32l1xx_hal_dma.o
 .debug_ranges  0x00000000       0xa8 Drivers\STM32L1xx_HAL_Driver\stm32l1xx_hal_dma.o
 .debug_line    0x00000000      0x4df Drivers\STM32L1xx_HAL_Driver\stm32l1xx_hal_dma.o
 .debug_str     0x00000000      0x64a Drivers\STM32L1xx_HAL_Driver\stm32l1xx_hal_dma.o
 .comment       0x00000000       0x7f Drivers\STM32L1xx_HAL_Driver\stm32l1xx_hal_dma.o
 .debug_frame   0x00000000      0x140 Drivers\STM32L1xx_HAL_Driver\stm32l1xx_hal_dma.o
 .ARM.attributes
                0x00000000       0x33 Drivers\STM32L1xx_HAL_Driver\stm32l1xx_hal_dma.o
 .text          0x00000000        0x0 Drivers\STM32L1xx_HAL_Driver\stm32l1xx_hal_flash.o
 .data          0x00000000        0x0 Drivers\STM32L1xx_HAL_Driver\stm32l1xx_hal_flash.o
 .bss           0x00000000        0x0 Drivers\STM32L1xx_HAL_Driver\stm32l1xx_hal_flash.o
 .text.FLASH_SetErrorCode
                0x00000000       0x64 Drivers\STM32L1xx_HAL_Driver\stm32l1xx_hal_flash.o
 .text.HAL_FLASH_Program_IT
                0x00000000       0x3c Drivers\STM32L1xx_HAL_Driver\stm32l1xx_hal_flash.o
 .text.HAL_FLASH_EndOfOperationCallback
                0x00000000        0x2 Drivers\STM32L1xx_HAL_Driver\stm32l1xx_hal_flash.o
 .text.HAL_FLASH_OperationErrorCallback
                0x00000000        0x2 Drivers\STM32L1xx_HAL_Driver\stm32l1xx_hal_flash.o
 .text.HAL_FLASH_IRQHandler
                0x00000000       0xd4 Drivers\STM32L1xx_HAL_Driver\stm32l1xx_hal_flash.o
 .text.HAL_FLASH_Unlock
                0x00000000       0x40 Drivers\STM32L1xx_HAL_Driver\stm32l1xx_hal_flash.o
 .text.HAL_FLASH_Lock
                0x00000000       0x14 Drivers\STM32L1xx_HAL_Driver\stm32l1xx_hal_flash.o
 .text.HAL_FLASH_OB_Unlock
                0x00000000       0x40 Drivers\STM32L1xx_HAL_Driver\stm32l1xx_hal_flash.o
 .text.HAL_FLASH_OB_Lock
                0x00000000       0x14 Drivers\STM32L1xx_HAL_Driver\stm32l1xx_hal_flash.o
 .text.HAL_FLASH_GetError
                0x00000000        0xc Drivers\STM32L1xx_HAL_Driver\stm32l1xx_hal_flash.o
 .text.FLASH_WaitForLastOperation
                0x00000000       0x60 Drivers\STM32L1xx_HAL_Driver\stm32l1xx_hal_flash.o
 .text.HAL_FLASH_Program
                0x00000000       0x38 Drivers\STM32L1xx_HAL_Driver\stm32l1xx_hal_flash.o
 .text.HAL_FLASH_OB_Launch
                0x00000000       0x18 Drivers\STM32L1xx_HAL_Driver\stm32l1xx_hal_flash.o
 .debug_info    0x00000000      0x534 Drivers\STM32L1xx_HAL_Driver\stm32l1xx_hal_flash.o
 .debug_abbrev  0x00000000      0x273 Drivers\STM32L1xx_HAL_Driver\stm32l1xx_hal_flash.o
 .debug_loc     0x00000000      0x1a7 Drivers\STM32L1xx_HAL_Driver\stm32l1xx_hal_flash.o
 .debug_aranges
                0x00000000       0x78 Drivers\STM32L1xx_HAL_Driver\stm32l1xx_hal_flash.o
 .debug_ranges  0x00000000       0x68 Drivers\STM32L1xx_HAL_Driver\stm32l1xx_hal_flash.o
 .debug_line    0x00000000      0x3f4 Drivers\STM32L1xx_HAL_Driver\stm32l1xx_hal_flash.o
 .debug_str     0x00000000      0x4c0 Drivers\STM32L1xx_HAL_Driver\stm32l1xx_hal_flash.o
 .comment       0x00000000       0x7f Drivers\STM32L1xx_HAL_Driver\stm32l1xx_hal_flash.o
 .debug_frame   0x00000000      0x110 Drivers\STM32L1xx_HAL_Driver\stm32l1xx_hal_flash.o
 .ARM.attributes
                0x00000000       0x33 Drivers\STM32L1xx_HAL_Driver\stm32l1xx_hal_flash.o
 COMMON         0x00000000       0x18 Drivers\STM32L1xx_HAL_Driver\stm32l1xx_hal_flash.o
 .text          0x00000000        0x0 Drivers\STM32L1xx_HAL_Driver\stm32l1xx_hal_flash_ex.o
 .data          0x00000000        0x0 Drivers\STM32L1xx_HAL_Driver\stm32l1xx_hal_flash_ex.o
 .bss           0x00000000        0x0 Drivers\STM32L1xx_HAL_Driver\stm32l1xx_hal_flash_ex.o
 .text.HAL_FLASHEx_OBProgram
                0x00000000      0x23c Drivers\STM32L1xx_HAL_Driver\stm32l1xx_hal_flash_ex.o
 .text.HAL_FLASHEx_OBGetConfig
                0x00000000       0x38 Drivers\STM32L1xx_HAL_Driver\stm32l1xx_hal_flash_ex.o
 .text.HAL_FLASHEx_AdvOBProgram
                0x00000000       0x48 Drivers\STM32L1xx_HAL_Driver\stm32l1xx_hal_flash_ex.o
 .text.HAL_FLASHEx_AdvOBGetConfig
                0x00000000       0x18 Drivers\STM32L1xx_HAL_Driver\stm32l1xx_hal_flash_ex.o
 .text.HAL_FLASHEx_DATAEEPROM_Unlock
                0x00000000       0x24 Drivers\STM32L1xx_HAL_Driver\stm32l1xx_hal_flash_ex.o
 .text.HAL_FLASHEx_DATAEEPROM_Lock
                0x00000000       0x14 Drivers\STM32L1xx_HAL_Driver\stm32l1xx_hal_flash_ex.o
 .text.HAL_FLASHEx_DATAEEPROM_Erase
                0x00000000       0x3c Drivers\STM32L1xx_HAL_Driver\stm32l1xx_hal_flash_ex.o
 .text.HAL_FLASHEx_DATAEEPROM_Program
                0x00000000       0xc4 Drivers\STM32L1xx_HAL_Driver\stm32l1xx_hal_flash_ex.o
 .text.HAL_FLASHEx_DATAEEPROM_EnableFixedTimeProgram
                0x00000000       0x10 Drivers\STM32L1xx_HAL_Driver\stm32l1xx_hal_flash_ex.o
 .text.HAL_FLASHEx_DATAEEPROM_DisableFixedTimeProgram
                0x00000000       0x10 Drivers\STM32L1xx_HAL_Driver\stm32l1xx_hal_flash_ex.o
 .text.FLASH_PageErase
                0x00000000       0x28 Drivers\STM32L1xx_HAL_Driver\stm32l1xx_hal_flash_ex.o
 .text.HAL_FLASHEx_Erase
                0x00000000       0x84 Drivers\STM32L1xx_HAL_Driver\stm32l1xx_hal_flash_ex.o
 .text.HAL_FLASHEx_Erase_IT
                0x00000000       0x44 Drivers\STM32L1xx_HAL_Driver\stm32l1xx_hal_flash_ex.o
 .debug_info    0x00000000     0x12f9 Drivers\STM32L1xx_HAL_Driver\stm32l1xx_hal_flash_ex.o
 .debug_abbrev  0x00000000      0x2fb Drivers\STM32L1xx_HAL_Driver\stm32l1xx_hal_flash_ex.o
 .debug_loc     0x00000000     0x114e Drivers\STM32L1xx_HAL_Driver\stm32l1xx_hal_flash_ex.o
 .debug_aranges
                0x00000000       0x80 Drivers\STM32L1xx_HAL_Driver\stm32l1xx_hal_flash_ex.o
 .debug_ranges  0x00000000      0x128 Drivers\STM32L1xx_HAL_Driver\stm32l1xx_hal_flash_ex.o
 .debug_line    0x00000000      0x5bd Drivers\STM32L1xx_HAL_Driver\stm32l1xx_hal_flash_ex.o
 .debug_str     0x00000000      0x92d Drivers\STM32L1xx_HAL_Driver\stm32l1xx_hal_flash_ex.o
 .comment       0x00000000       0x7f Drivers\STM32L1xx_HAL_Driver\stm32l1xx_hal_flash_ex.o
 .debug_frame   0x00000000      0x150 Drivers\STM32L1xx_HAL_Driver\stm32l1xx_hal_flash_ex.o
 .ARM.attributes
                0x00000000       0x33 Drivers\STM32L1xx_HAL_Driver\stm32l1xx_hal_flash_ex.o
 .text          0x00000000        0x0 Drivers\STM32L1xx_HAL_Driver\stm32l1xx_hal_flash_ramfunc.o
 .data          0x00000000        0x0 Drivers\STM32L1xx_HAL_Driver\stm32l1xx_hal_flash_ramfunc.o
 .bss           0x00000000        0x0 Drivers\STM32L1xx_HAL_Driver\stm32l1xx_hal_flash_ramfunc.o
 .RamFunc       0x00000000      0x2fc Drivers\STM32L1xx_HAL_Driver\stm32l1xx_hal_flash_ramfunc.o
 .debug_info    0x00000000      0x619 Drivers\STM32L1xx_HAL_Driver\stm32l1xx_hal_flash_ramfunc.o
 .debug_abbrev  0x00000000      0x215 Drivers\STM32L1xx_HAL_Driver\stm32l1xx_hal_flash_ramfunc.o
 .debug_loc     0x00000000      0x36a Drivers\STM32L1xx_HAL_Driver\stm32l1xx_hal_flash_ramfunc.o
 .debug_aranges
                0x00000000       0x60 Drivers\STM32L1xx_HAL_Driver\stm32l1xx_hal_flash_ramfunc.o
 .debug_ranges  0x00000000       0x68 Drivers\STM32L1xx_HAL_Driver\stm32l1xx_hal_flash_ramfunc.o
 .debug_line    0x00000000      0x323 Drivers\STM32L1xx_HAL_Driver\stm32l1xx_hal_flash_ramfunc.o
 .debug_str     0x00000000      0x55b Drivers\STM32L1xx_HAL_Driver\stm32l1xx_hal_flash_ramfunc.o
 .comment       0x00000000       0x7f Drivers\STM32L1xx_HAL_Driver\stm32l1xx_hal_flash_ramfunc.o
 .debug_frame   0x00000000       0xe4 Drivers\STM32L1xx_HAL_Driver\stm32l1xx_hal_flash_ramfunc.o
 .ARM.attributes
                0x00000000       0x33 Drivers\STM32L1xx_HAL_Driver\stm32l1xx_hal_flash_ramfunc.o
 .text          0x00000000        0x0 Drivers\STM32L1xx_HAL_Driver\stm32l1xx_hal_gpio.o
 .data          0x00000000        0x0 Drivers\STM32L1xx_HAL_Driver\stm32l1xx_hal_gpio.o
 .bss           0x00000000        0x0 Drivers\STM32L1xx_HAL_Driver\stm32l1xx_hal_gpio.o
 .text.HAL_GPIO_DeInit
                0x00000000      0x128 Drivers\STM32L1xx_HAL_Driver\stm32l1xx_hal_gpio.o
 .text.HAL_GPIO_ReadPin
                0x00000000        0xc Drivers\STM32L1xx_HAL_Driver\stm32l1xx_hal_gpio.o
 .text.HAL_GPIO_TogglePin
                0x00000000        0x8 Drivers\STM32L1xx_HAL_Driver\stm32l1xx_hal_gpio.o
 .text.HAL_GPIO_LockPin
                0x00000000       0x2a Drivers\STM32L1xx_HAL_Driver\stm32l1xx_hal_gpio.o
 .text.HAL_GPIO_EXTI_Callback
                0x00000000        0x2 Drivers\STM32L1xx_HAL_Driver\stm32l1xx_hal_gpio.o
 .text.HAL_GPIO_EXTI_IRQHandler
                0x00000000       0x18 Drivers\STM32L1xx_HAL_Driver\stm32l1xx_hal_gpio.o
 .text          0x00000000        0x0 Drivers\STM32L1xx_HAL_Driver\stm32l1xx_hal_pwr.o
 .data          0x00000000        0x0 Drivers\STM32L1xx_HAL_Driver\stm32l1xx_hal_pwr.o
 .bss           0x00000000        0x0 Drivers\STM32L1xx_HAL_Driver\stm32l1xx_hal_pwr.o
 .text.HAL_PWR_DeInit
                0x00000000       0x18 Drivers\STM32L1xx_HAL_Driver\stm32l1xx_hal_pwr.o
 .text.HAL_PWR_EnableBkUpAccess
                0x00000000       0x1c Drivers\STM32L1xx_HAL_Driver\stm32l1xx_hal_pwr.o
 .text.HAL_PWR_DisableBkUpAccess
                0x00000000       0x1c Drivers\STM32L1xx_HAL_Driver\stm32l1xx_hal_pwr.o
 .text.HAL_PWR_ConfigPVD
                0x00000000       0x6c Drivers\STM32L1xx_HAL_Driver\stm32l1xx_hal_pwr.o
 .text.HAL_PWR_EnablePVD
                0x00000000       0x1a Drivers\STM32L1xx_HAL_Driver\stm32l1xx_hal_pwr.o
 .text.HAL_PWR_DisablePVD
                0x00000000       0x1a Drivers\STM32L1xx_HAL_Driver\stm32l1xx_hal_pwr.o
 .text.HAL_PWR_EnableWakeUpPin
                0x00000000       0x18 Drivers\STM32L1xx_HAL_Driver\stm32l1xx_hal_pwr.o
 .text.HAL_PWR_DisableWakeUpPin
                0x00000000       0x18 Drivers\STM32L1xx_HAL_Driver\stm32l1xx_hal_pwr.o
 .text.HAL_PWR_EnterSLEEPMode
                0x00000000       0x30 Drivers\STM32L1xx_HAL_Driver\stm32l1xx_hal_pwr.o
 .text.HAL_PWR_EnterSTOPMode
                0x00000000       0x38 Drivers\STM32L1xx_HAL_Driver\stm32l1xx_hal_pwr.o
 .text.HAL_PWR_EnterSTANDBYMode
                0x00000000       0x20 Drivers\STM32L1xx_HAL_Driver\stm32l1xx_hal_pwr.o
 .text.HAL_PWR_EnableSleepOnExit
                0x00000000       0x10 Drivers\STM32L1xx_HAL_Driver\stm32l1xx_hal_pwr.o
 .text.HAL_PWR_DisableSleepOnExit
                0x00000000       0x10 Drivers\STM32L1xx_HAL_Driver\stm32l1xx_hal_pwr.o
 .text.HAL_PWR_EnableSEVOnPend
                0x00000000       0x10 Drivers\STM32L1xx_HAL_Driver\stm32l1xx_hal_pwr.o
 .text.HAL_PWR_DisableSEVOnPend
                0x00000000       0x10 Drivers\STM32L1xx_HAL_Driver\stm32l1xx_hal_pwr.o
 .text.HAL_PWR_PVDCallback
                0x00000000        0x2 Drivers\STM32L1xx_HAL_Driver\stm32l1xx_hal_pwr.o
 .text.HAL_PWR_PVD_IRQHandler
                0x00000000       0x1c Drivers\STM32L1xx_HAL_Driver\stm32l1xx_hal_pwr.o
 .debug_info    0x00000000      0x7e2 Drivers\STM32L1xx_HAL_Driver\stm32l1xx_hal_pwr.o
 .debug_abbrev  0x00000000      0x1f5 Drivers\STM32L1xx_HAL_Driver\stm32l1xx_hal_pwr.o
 .debug_loc     0x00000000      0x11f Drivers\STM32L1xx_HAL_Driver\stm32l1xx_hal_pwr.o
 .debug_aranges
                0x00000000       0xa0 Drivers\STM32L1xx_HAL_Driver\stm32l1xx_hal_pwr.o
 .debug_ranges  0x00000000       0x90 Drivers\STM32L1xx_HAL_Driver\stm32l1xx_hal_pwr.o
 .debug_line    0x00000000      0x3b3 Drivers\STM32L1xx_HAL_Driver\stm32l1xx_hal_pwr.o
 .debug_str     0x00000000      0x510 Drivers\STM32L1xx_HAL_Driver\stm32l1xx_hal_pwr.o
 .comment       0x00000000       0x7f Drivers\STM32L1xx_HAL_Driver\stm32l1xx_hal_pwr.o
 .debug_frame   0x00000000      0x128 Drivers\STM32L1xx_HAL_Driver\stm32l1xx_hal_pwr.o
 .ARM.attributes
                0x00000000       0x33 Drivers\STM32L1xx_HAL_Driver\stm32l1xx_hal_pwr.o
 .text          0x00000000        0x0 Drivers\STM32L1xx_HAL_Driver\stm32l1xx_hal_pwr_ex.o
 .data          0x00000000        0x0 Drivers\STM32L1xx_HAL_Driver\stm32l1xx_hal_pwr_ex.o
 .bss           0x00000000        0x0 Drivers\STM32L1xx_HAL_Driver\stm32l1xx_hal_pwr_ex.o
 .text.HAL_PWREx_EnableFastWakeUp
                0x00000000       0x1c Drivers\STM32L1xx_HAL_Driver\stm32l1xx_hal_pwr_ex.o
 .text.HAL_PWREx_DisableFastWakeUp
                0x00000000       0x1c Drivers\STM32L1xx_HAL_Driver\stm32l1xx_hal_pwr_ex.o
 .text.HAL_PWREx_EnableUltraLowPower
                0x00000000       0x1c Drivers\STM32L1xx_HAL_Driver\stm32l1xx_hal_pwr_ex.o
 .text.HAL_PWREx_DisableUltraLowPower
                0x00000000       0x1c Drivers\STM32L1xx_HAL_Driver\stm32l1xx_hal_pwr_ex.o
 .text.HAL_PWREx_EnableLowPowerRunMode
                0x00000000       0x30 Drivers\STM32L1xx_HAL_Driver\stm32l1xx_hal_pwr_ex.o
 .text.HAL_PWREx_DisableLowPowerRunMode
                0x00000000       0x32 Drivers\STM32L1xx_HAL_Driver\stm32l1xx_hal_pwr_ex.o
 .text          0x00000000        0x0 Drivers\STM32L1xx_HAL_Driver\stm32l1xx_hal_rcc.o
 .data          0x00000000        0x0 Drivers\STM32L1xx_HAL_Driver\stm32l1xx_hal_rcc.o
 .bss           0x00000000        0x0 Drivers\STM32L1xx_HAL_Driver\stm32l1xx_hal_rcc.o
 .text.HAL_RCC_DeInit
                0x00000000       0x70 Drivers\STM32L1xx_HAL_Driver\stm32l1xx_hal_rcc.o
 .text.HAL_RCC_MCOConfig
                0x00000000       0x54 Drivers\STM32L1xx_HAL_Driver\stm32l1xx_hal_rcc.o
 .text.HAL_RCC_EnableCSS
                0x00000000       0x1c Drivers\STM32L1xx_HAL_Driver\stm32l1xx_hal_rcc.o
 .text.HAL_RCC_DisableCSS
                0x00000000       0x1c Drivers\STM32L1xx_HAL_Driver\stm32l1xx_hal_rcc.o
 .text.HAL_RCC_GetOscConfig
                0x00000000       0xbc Drivers\STM32L1xx_HAL_Driver\stm32l1xx_hal_rcc.o
 .text.HAL_RCC_GetClockConfig
                0x00000000       0x3c Drivers\STM32L1xx_HAL_Driver\stm32l1xx_hal_rcc.o
 .text.HAL_RCC_CSSCallback
                0x00000000        0x2 Drivers\STM32L1xx_HAL_Driver\stm32l1xx_hal_rcc.o
 .text.HAL_RCC_NMI_IRQHandler
                0x00000000       0x20 Drivers\STM32L1xx_HAL_Driver\stm32l1xx_hal_rcc.o
 .text          0x00000000        0x0 Drivers\STM32L1xx_HAL_Driver\stm32l1xx_hal_rcc_ex.o
 .data          0x00000000        0x0 Drivers\STM32L1xx_HAL_Driver\stm32l1xx_hal_rcc_ex.o
 .bss           0x00000000        0x0 Drivers\STM32L1xx_HAL_Driver\stm32l1xx_hal_rcc_ex.o
 .text.HAL_RCCEx_PeriphCLKConfig
                0x00000000      0x15c Drivers\STM32L1xx_HAL_Driver\stm32l1xx_hal_rcc_ex.o
 .text.HAL_RCCEx_GetPeriphCLKConfig
                0x00000000       0x28 Drivers\STM32L1xx_HAL_Driver\stm32l1xx_hal_rcc_ex.o
 .text.HAL_RCCEx_GetPeriphCLKFreq
                0x00000000       0x88 Drivers\STM32L1xx_HAL_Driver\stm32l1xx_hal_rcc_ex.o
 .text.HAL_RCCEx_EnableLSECSS
                0x00000000       0x1c Drivers\STM32L1xx_HAL_Driver\stm32l1xx_hal_rcc_ex.o
 .text.HAL_RCCEx_DisableLSECSS
                0x00000000       0x28 Drivers\STM32L1xx_HAL_Driver\stm32l1xx_hal_rcc_ex.o
 .text.HAL_RCCEx_EnableLSECSS_IT
                0x00000000       0x40 Drivers\STM32L1xx_HAL_Driver\stm32l1xx_hal_rcc_ex.o
 .text.HAL_RCCEx_LSECSS_Callback
                0x00000000        0x2 Drivers\STM32L1xx_HAL_Driver\stm32l1xx_hal_rcc_ex.o
 .text.HAL_RCCEx_LSECSS_IRQHandler
                0x00000000       0x20 Drivers\STM32L1xx_HAL_Driver\stm32l1xx_hal_rcc_ex.o
 .debug_info    0x00000000      0x5ea Drivers\STM32L1xx_HAL_Driver\stm32l1xx_hal_rcc_ex.o
 .debug_abbrev  0x00000000      0x24e Drivers\STM32L1xx_HAL_Driver\stm32l1xx_hal_rcc_ex.o
 .debug_loc     0x00000000      0x2ce Drivers\STM32L1xx_HAL_Driver\stm32l1xx_hal_rcc_ex.o
 .debug_aranges
                0x00000000       0x58 Drivers\STM32L1xx_HAL_Driver\stm32l1xx_hal_rcc_ex.o
 .debug_ranges  0x00000000       0x90 Drivers\STM32L1xx_HAL_Driver\stm32l1xx_hal_rcc_ex.o
 .debug_line    0x00000000      0x3c0 Drivers\STM32L1xx_HAL_Driver\stm32l1xx_hal_rcc_ex.o
 .debug_str     0x00000000      0x49d Drivers\STM32L1xx_HAL_Driver\stm32l1xx_hal_rcc_ex.o
 .comment       0x00000000       0x7f Drivers\STM32L1xx_HAL_Driver\stm32l1xx_hal_rcc_ex.o
 .debug_frame   0x00000000       0xb0 Drivers\STM32L1xx_HAL_Driver\stm32l1xx_hal_rcc_ex.o
 .ARM.attributes
                0x00000000       0x33 Drivers\STM32L1xx_HAL_Driver\stm32l1xx_hal_rcc_ex.o
 .text          0x00000000        0x0 Drivers\STM32L1xx_HAL_Driver\stm32l1xx_hal_spi.o
 .data          0x00000000        0x0 Drivers\STM32L1xx_HAL_Driver\stm32l1xx_hal_spi.o
 .bss           0x00000000        0x0 Drivers\STM32L1xx_HAL_Driver\stm32l1xx_hal_spi.o
 .text.HAL_SPI_Init
                0x00000000        0x4 Drivers\STM32L1xx_HAL_Driver\stm32l1xx_hal_spi.o
 .text.HAL_SPI_MspInit
                0x00000000        0x2 Drivers\STM32L1xx_HAL_Driver\stm32l1xx_hal_spi.o
 .text.HAL_SPI_MspDeInit
                0x00000000        0x2 Drivers\STM32L1xx_HAL_Driver\stm32l1xx_hal_spi.o
 .text.HAL_SPI_DeInit
                0x00000000       0x26 Drivers\STM32L1xx_HAL_Driver\stm32l1xx_hal_spi.o
 .text.HAL_SPI_Transmit
                0x00000000      0x162 Drivers\STM32L1xx_HAL_Driver\stm32l1xx_hal_spi.o
 .text.HAL_SPI_Receive
                0x00000000      0x1e6 Drivers\STM32L1xx_HAL_Driver\stm32l1xx_hal_spi.o
 .text.HAL_SPI_Transmit_IT
                0x00000000       0xa0 Drivers\STM32L1xx_HAL_Driver\stm32l1xx_hal_spi.o
 .text.HAL_SPI_TransmitReceive_IT
                0x00000000       0xb0 Drivers\STM32L1xx_HAL_Driver\stm32l1xx_hal_spi.o
 .text.HAL_SPI_Receive_IT
                0x00000000       0xb8 Drivers\STM32L1xx_HAL_Driver\stm32l1xx_hal_spi.o
 .text.HAL_SPI_Transmit_DMA
                0x00000000       0xb8 Drivers\STM32L1xx_HAL_Driver\stm32l1xx_hal_spi.o
 .text.HAL_SPI_TransmitReceive_DMA
                0x00000000      0x108 Drivers\STM32L1xx_HAL_Driver\stm32l1xx_hal_spi.o
 .text.HAL_SPI_Receive_DMA
                0x00000000       0xdc Drivers\STM32L1xx_HAL_Driver\stm32l1xx_hal_spi.o
 .text.HAL_SPI_DMAPause
                0x00000000       0x28 Drivers\STM32L1xx_HAL_Driver\stm32l1xx_hal_spi.o
 .text.HAL_SPI_DMAResume
                0x00000000       0x28 Drivers\STM32L1xx_HAL_Driver\stm32l1xx_hal_spi.o
 .text.HAL_SPI_DMAStop
                0x00000000       0x30 Drivers\STM32L1xx_HAL_Driver\stm32l1xx_hal_spi.o
 .text.HAL_SPI_TxCpltCallback
                0x00000000        0x2 Drivers\STM32L1xx_HAL_Driver\stm32l1xx_hal_spi.o
 .text.HAL_SPI_RxCpltCallback
                0x00000000        0x2 Drivers\STM32L1xx_HAL_Driver\stm32l1xx_hal_spi.o
 .text.HAL_SPI_TxRxCpltCallback
                0x00000000        0x2 Drivers\STM32L1xx_HAL_Driver\stm32l1xx_hal_spi.o
 .text.HAL_SPI_TxHalfCpltCallback
                0x00000000        0x2 Drivers\STM32L1xx_HAL_Driver\stm32l1xx_hal_spi.o
 .text.SPI_DMAHalfTransmitCplt
                0x00000000        0xa Drivers\STM32L1xx_HAL_Driver\stm32l1xx_hal_spi.o
 .text.HAL_SPI_RxHalfCpltCallback
                0x00000000        0x2 Drivers\STM32L1xx_HAL_Driver\stm32l1xx_hal_spi.o
 .text.SPI_DMAHalfReceiveCplt
                0x00000000        0xa Drivers\STM32L1xx_HAL_Driver\stm32l1xx_hal_spi.o
 .text.HAL_SPI_TxRxHalfCpltCallback
                0x00000000        0x2 Drivers\STM32L1xx_HAL_Driver\stm32l1xx_hal_spi.o
 .text.SPI_DMAHalfTransmitReceiveCplt
                0x00000000        0xa Drivers\STM32L1xx_HAL_Driver\stm32l1xx_hal_spi.o
 .text.HAL_SPI_ErrorCallback
                0x00000000        0x2 Drivers\STM32L1xx_HAL_Driver\stm32l1xx_hal_spi.o
 .text.SPI_TxISR
                0x00000000       0xc6 Drivers\STM32L1xx_HAL_Driver\stm32l1xx_hal_spi.o
 .text.SPI_RxCloseIRQHandler
                0x00000000       0xd0 Drivers\STM32L1xx_HAL_Driver\stm32l1xx_hal_spi.o
 .text.SPI_RxISR
                0x00000000       0x48 Drivers\STM32L1xx_HAL_Driver\stm32l1xx_hal_spi.o
 .text.SPI_2LinesRxISR
                0x00000000       0x2e Drivers\STM32L1xx_HAL_Driver\stm32l1xx_hal_spi.o
 .text.SPI_DMAError
                0x00000000       0x1e Drivers\STM32L1xx_HAL_Driver\stm32l1xx_hal_spi.o
 .text.SPI_DMATransmitCplt
                0x00000000       0x70 Drivers\STM32L1xx_HAL_Driver\stm32l1xx_hal_spi.o
 .text.SPI_DMAReceiveCplt
                0x00000000       0xba Drivers\STM32L1xx_HAL_Driver\stm32l1xx_hal_spi.o
 .text.SPI_DMATransmitReceiveCplt
                0x00000000       0xc2 Drivers\STM32L1xx_HAL_Driver\stm32l1xx_hal_spi.o
 .text.HAL_SPI_IRQHandler
                0x00000000       0xb8 Drivers\STM32L1xx_HAL_Driver\stm32l1xx_hal_spi.o
 .text.HAL_SPI_GetState
                0x00000000        0x6 Drivers\STM32L1xx_HAL_Driver\stm32l1xx_hal_spi.o
 .text.HAL_SPI_GetError
                0x00000000        0x4 Drivers\STM32L1xx_HAL_Driver\stm32l1xx_hal_spi.o
 .text          0x00000000        0x0 Drivers\STM32L1xx_HAL_Driver\stm32l1xx_hal_spi_ex.o
 .data          0x00000000        0x0 Drivers\STM32L1xx_HAL_Driver\stm32l1xx_hal_spi_ex.o
 .bss           0x00000000        0x0 Drivers\STM32L1xx_HAL_Driver\stm32l1xx_hal_spi_ex.o
 .text          0x00000000        0x0 Drivers\STM32L1xx_HAL_Driver\stm32l1xx_hal_tim.o
 .data          0x00000000        0x0 Drivers\STM32L1xx_HAL_Driver\stm32l1xx_hal_tim.o
 .bss           0x00000000        0x0 Drivers\STM32L1xx_HAL_Driver\stm32l1xx_hal_tim.o
 .text.TIM_OC1_SetConfig
                0x00000000       0x2c Drivers\STM32L1xx_HAL_Driver\stm32l1xx_hal_tim.o
 .text.TIM_OC2_SetConfig
                0x00000000       0x30 Drivers\STM32L1xx_HAL_Driver\stm32l1xx_hal_tim.o
 .text.TIM_TI1_SetConfig
                0x00000000       0x5c Drivers\STM32L1xx_HAL_Driver\stm32l1xx_hal_tim.o
 .text.TIM_CCxChannelCmd
                0x00000000       0x1a Drivers\STM32L1xx_HAL_Driver\stm32l1xx_hal_tim.o
 .text.TIM_SlaveTimer_SetConfig
                0x00000000       0xa6 Drivers\STM32L1xx_HAL_Driver\stm32l1xx_hal_tim.o
 .text.HAL_TIM_Base_MspInit
                0x00000000        0x2 Drivers\STM32L1xx_HAL_Driver\stm32l1xx_hal_tim.o
 .text.HAL_TIM_Base_MspDeInit
                0x00000000        0x2 Drivers\STM32L1xx_HAL_Driver\stm32l1xx_hal_tim.o
 .text.HAL_TIM_Base_DeInit
                0x00000000       0x30 Drivers\STM32L1xx_HAL_Driver\stm32l1xx_hal_tim.o
 .text.HAL_TIM_Base_Start
                0x00000000       0x1a Drivers\STM32L1xx_HAL_Driver\stm32l1xx_hal_tim.o
 .text.HAL_TIM_Base_Stop
                0x00000000       0x24 Drivers\STM32L1xx_HAL_Driver\stm32l1xx_hal_tim.o
 .text.HAL_TIM_Base_Start_IT
                0x00000000       0x16 Drivers\STM32L1xx_HAL_Driver\stm32l1xx_hal_tim.o
 .text.HAL_TIM_Base_Stop_IT
                0x00000000       0x20 Drivers\STM32L1xx_HAL_Driver\stm32l1xx_hal_tim.o
 .text.HAL_TIM_Base_Start_DMA
                0x00000000       0x58 Drivers\STM32L1xx_HAL_Driver\stm32l1xx_hal_tim.o
 .text.HAL_TIM_Base_Stop_DMA
                0x00000000       0x26 Drivers\STM32L1xx_HAL_Driver\stm32l1xx_hal_tim.o
 .text.HAL_TIM_OC_MspInit
                0x00000000        0x2 Drivers\STM32L1xx_HAL_Driver\stm32l1xx_hal_tim.o
 .text.HAL_TIM_OC_Init
                0x00000000       0x34 Drivers\STM32L1xx_HAL_Driver\stm32l1xx_hal_tim.o
 .text.HAL_TIM_OC_MspDeInit
                0x00000000        0x2 Drivers\STM32L1xx_HAL_Driver\stm32l1xx_hal_tim.o
 .text.HAL_TIM_OC_DeInit
                0x00000000       0x30 Drivers\STM32L1xx_HAL_Driver\stm32l1xx_hal_tim.o
 .text.HAL_TIM_PWM_MspInit
                0x00000000        0x2 Drivers\STM32L1xx_HAL_Driver\stm32l1xx_hal_tim.o
 .text.HAL_TIM_PWM_Init
                0x00000000       0x34 Drivers\STM32L1xx_HAL_Driver\stm32l1xx_hal_tim.o
 .text.HAL_TIM_PWM_MspDeInit
                0x00000000        0x2 Drivers\STM32L1xx_HAL_Driver\stm32l1xx_hal_tim.o
 .text.HAL_TIM_PWM_DeInit
                0x00000000       0x30 Drivers\STM32L1xx_HAL_Driver\stm32l1xx_hal_tim.o
 .text.HAL_TIM_PWM_Stop
                0x00000000       0x2a Drivers\STM32L1xx_HAL_Driver\stm32l1xx_hal_tim.o
 .text.HAL_TIM_PWM_Start_DMA
                0x00000000       0xd4 Drivers\STM32L1xx_HAL_Driver\stm32l1xx_hal_tim.o
 .text.HAL_TIM_OC_Start_DMA
                0x00000000        0x4 Drivers\STM32L1xx_HAL_Driver\stm32l1xx_hal_tim.o
 .text.HAL_TIM_IC_MspInit
                0x00000000        0x2 Drivers\STM32L1xx_HAL_Driver\stm32l1xx_hal_tim.o
 .text.HAL_TIM_IC_Init
                0x00000000       0x34 Drivers\STM32L1xx_HAL_Driver\stm32l1xx_hal_tim.o
 .text.HAL_TIM_IC_MspDeInit
                0x00000000        0x2 Drivers\STM32L1xx_HAL_Driver\stm32l1xx_hal_tim.o
 .text.HAL_TIM_IC_DeInit
                0x00000000       0x30 Drivers\STM32L1xx_HAL_Driver\stm32l1xx_hal_tim.o
 .text.HAL_TIM_IC_Start
                0x00000000       0x1a Drivers\STM32L1xx_HAL_Driver\stm32l1xx_hal_tim.o
 .text.HAL_TIM_PWM_Start
                0x00000000        0x4 Drivers\STM32L1xx_HAL_Driver\stm32l1xx_hal_tim.o
 .text.HAL_TIM_OC_Start
                0x00000000        0x4 Drivers\STM32L1xx_HAL_Driver\stm32l1xx_hal_tim.o
 .text.HAL_TIM_IC_Stop
                0x00000000       0x24 Drivers\STM32L1xx_HAL_Driver\stm32l1xx_hal_tim.o
 .text.HAL_TIM_OC_Stop
                0x00000000        0x4 Drivers\STM32L1xx_HAL_Driver\stm32l1xx_hal_tim.o
 .text.HAL_TIM_IC_Start_IT
                0x00000000       0x58 Drivers\STM32L1xx_HAL_Driver\stm32l1xx_hal_tim.o
 .text.HAL_TIM_PWM_Start_IT
                0x00000000        0x4 Drivers\STM32L1xx_HAL_Driver\stm32l1xx_hal_tim.o
 .text.HAL_TIM_OC_Start_IT
                0x00000000        0x4 Drivers\STM32L1xx_HAL_Driver\stm32l1xx_hal_tim.o
 .text.HAL_TIM_IC_Stop_IT
                0x00000000       0x62 Drivers\STM32L1xx_HAL_Driver\stm32l1xx_hal_tim.o
 .text.HAL_TIM_PWM_Stop_IT
                0x00000000        0x4 Drivers\STM32L1xx_HAL_Driver\stm32l1xx_hal_tim.o
 .text.HAL_TIM_OC_Stop_IT
                0x00000000        0x4 Drivers\STM32L1xx_HAL_Driver\stm32l1xx_hal_tim.o
 .text.HAL_TIM_IC_Start_DMA
                0x00000000       0xd0 Drivers\STM32L1xx_HAL_Driver\stm32l1xx_hal_tim.o
 .text.HAL_TIM_IC_Stop_DMA
                0x00000000       0x68 Drivers\STM32L1xx_HAL_Driver\stm32l1xx_hal_tim.o
 .text.HAL_TIM_PWM_Stop_DMA
                0x00000000        0x4 Drivers\STM32L1xx_HAL_Driver\stm32l1xx_hal_tim.o
 .text.HAL_TIM_OC_Stop_DMA
                0x00000000        0x4 Drivers\STM32L1xx_HAL_Driver\stm32l1xx_hal_tim.o
 .text.HAL_TIM_OnePulse_MspInit
                0x00000000        0x2 Drivers\STM32L1xx_HAL_Driver\stm32l1xx_hal_tim.o
 .text.HAL_TIM_OnePulse_Init
                0x00000000       0x46 Drivers\STM32L1xx_HAL_Driver\stm32l1xx_hal_tim.o
 .text.HAL_TIM_OnePulse_MspDeInit
                0x00000000        0x2 Drivers\STM32L1xx_HAL_Driver\stm32l1xx_hal_tim.o
 .text.HAL_TIM_OnePulse_DeInit
                0x00000000       0x30 Drivers\STM32L1xx_HAL_Driver\stm32l1xx_hal_tim.o
 .text.HAL_TIM_OnePulse_Start
                0x00000000       0x26 Drivers\STM32L1xx_HAL_Driver\stm32l1xx_hal_tim.o
 .text.HAL_TIM_OnePulse_Stop
                0x00000000       0x30 Drivers\STM32L1xx_HAL_Driver\stm32l1xx_hal_tim.o
 .text.HAL_TIM_OnePulse_Start_IT
                0x00000000       0x36 Drivers\STM32L1xx_HAL_Driver\stm32l1xx_hal_tim.o
 .text.HAL_TIM_OnePulse_Stop_IT
                0x00000000       0x40 Drivers\STM32L1xx_HAL_Driver\stm32l1xx_hal_tim.o
 .text.HAL_TIM_Encoder_MspInit
                0x00000000        0x2 Drivers\STM32L1xx_HAL_Driver\stm32l1xx_hal_tim.o
 .text.HAL_TIM_Encoder_Init
                0x00000000       0x92 Drivers\STM32L1xx_HAL_Driver\stm32l1xx_hal_tim.o
 .text.HAL_TIM_Encoder_MspDeInit
                0x00000000        0x2 Drivers\STM32L1xx_HAL_Driver\stm32l1xx_hal_tim.o
 .text.HAL_TIM_Encoder_DeInit
                0x00000000       0x30 Drivers\STM32L1xx_HAL_Driver\stm32l1xx_hal_tim.o
 .text.HAL_TIM_Encoder_Start
                0x00000000       0x46 Drivers\STM32L1xx_HAL_Driver\stm32l1xx_hal_tim.o
 .text.HAL_TIM_Encoder_Stop
                0x00000000       0x40 Drivers\STM32L1xx_HAL_Driver\stm32l1xx_hal_tim.o
 .text.HAL_TIM_Encoder_Start_IT
                0x00000000       0x6e Drivers\STM32L1xx_HAL_Driver\stm32l1xx_hal_tim.o
 .text.HAL_TIM_Encoder_Stop_IT
                0x00000000       0x6a Drivers\STM32L1xx_HAL_Driver\stm32l1xx_hal_tim.o
 .text.HAL_TIM_Encoder_Start_DMA
                0x00000000      0x130 Drivers\STM32L1xx_HAL_Driver\stm32l1xx_hal_tim.o
 .text.HAL_TIM_Encoder_Stop_DMA
                0x00000000       0x6a Drivers\STM32L1xx_HAL_Driver\stm32l1xx_hal_tim.o
 .text.HAL_TIM_OC_ConfigChannel
                0x00000000       0xa8 Drivers\STM32L1xx_HAL_Driver\stm32l1xx_hal_tim.o
 .text.HAL_TIM_IC_ConfigChannel
                0x00000000      0x114 Drivers\STM32L1xx_HAL_Driver\stm32l1xx_hal_tim.o
 .text.HAL_TIM_PWM_ConfigChannel
                0x00000000      0x110 Drivers\STM32L1xx_HAL_Driver\stm32l1xx_hal_tim.o
 .text.HAL_TIM_OnePulse_ConfigChannel
                0x00000000       0xe8 Drivers\STM32L1xx_HAL_Driver\stm32l1xx_hal_tim.o
 .text.HAL_TIM_DMABurst_WriteStart
                0x00000000       0xac Drivers\STM32L1xx_HAL_Driver\stm32l1xx_hal_tim.o
 .text.HAL_TIM_DMABurst_ReadStart
                0x00000000       0xac Drivers\STM32L1xx_HAL_Driver\stm32l1xx_hal_tim.o
 .text.HAL_TIM_DMABurst_ReadStop
                0x00000000       0x54 Drivers\STM32L1xx_HAL_Driver\stm32l1xx_hal_tim.o
 .text.HAL_TIM_DMABurst_WriteStop
                0x00000000        0x4 Drivers\STM32L1xx_HAL_Driver\stm32l1xx_hal_tim.o
 .text.HAL_TIM_GenerateEvent
                0x00000000       0x24 Drivers\STM32L1xx_HAL_Driver\stm32l1xx_hal_tim.o
 .text.HAL_TIM_ConfigOCrefClear
                0x00000000       0xe4 Drivers\STM32L1xx_HAL_Driver\stm32l1xx_hal_tim.o
 .text.HAL_TIM_ConfigClockSource
                0x00000000      0x174 Drivers\STM32L1xx_HAL_Driver\stm32l1xx_hal_tim.o
 .text.HAL_TIM_ConfigTI1Input
                0x00000000       0x10 Drivers\STM32L1xx_HAL_Driver\stm32l1xx_hal_tim.o
 .text.HAL_TIM_SlaveConfigSynchronization
                0x00000000       0x40 Drivers\STM32L1xx_HAL_Driver\stm32l1xx_hal_tim.o
 .text.HAL_TIM_SlaveConfigSynchronization_IT
                0x00000000       0x40 Drivers\STM32L1xx_HAL_Driver\stm32l1xx_hal_tim.o
 .text.HAL_TIM_ReadCapturedValue
                0x00000000       0x46 Drivers\STM32L1xx_HAL_Driver\stm32l1xx_hal_tim.o
 .text.HAL_TIM_PeriodElapsedCallback
                0x00000000        0x2 Drivers\STM32L1xx_HAL_Driver\stm32l1xx_hal_tim.o
 .text.TIM_DMAPeriodElapsedCplt
                0x00000000       0x10 Drivers\STM32L1xx_HAL_Driver\stm32l1xx_hal_tim.o
 .text.HAL_TIM_OC_DelayElapsedCallback
                0x00000000        0x2 Drivers\STM32L1xx_HAL_Driver\stm32l1xx_hal_tim.o
 .text.HAL_TIM_IC_CaptureCallback
                0x00000000        0x2 Drivers\STM32L1xx_HAL_Driver\stm32l1xx_hal_tim.o
 .text.TIM_DMACaptureCplt
                0x00000000       0x3a Drivers\STM32L1xx_HAL_Driver\stm32l1xx_hal_tim.o
 .text.HAL_TIM_PWM_PulseFinishedCallback
                0x00000000        0x2 Drivers\STM32L1xx_HAL_Driver\stm32l1xx_hal_tim.o
 .text.TIM_DMADelayPulseCplt
                0x00000000       0x3a Drivers\STM32L1xx_HAL_Driver\stm32l1xx_hal_tim.o
 .text.HAL_TIM_TriggerCallback
                0x00000000        0x2 Drivers\STM32L1xx_HAL_Driver\stm32l1xx_hal_tim.o
 .text.HAL_TIM_IRQHandler
                0x00000000      0x10c Drivers\STM32L1xx_HAL_Driver\stm32l1xx_hal_tim.o
 .text.TIM_DMATriggerCplt
                0x00000000       0x10 Drivers\STM32L1xx_HAL_Driver\stm32l1xx_hal_tim.o
 .text.HAL_TIM_ErrorCallback
                0x00000000        0x2 Drivers\STM32L1xx_HAL_Driver\stm32l1xx_hal_tim.o
 .text.TIM_DMAError
                0x00000000       0x10 Drivers\STM32L1xx_HAL_Driver\stm32l1xx_hal_tim.o
 .text.HAL_TIM_Base_GetState
                0x00000000        0x6 Drivers\STM32L1xx_HAL_Driver\stm32l1xx_hal_tim.o
 .text.HAL_TIM_OC_GetState
                0x00000000        0x6 Drivers\STM32L1xx_HAL_Driver\stm32l1xx_hal_tim.o
 .text.HAL_TIM_PWM_GetState
                0x00000000        0x6 Drivers\STM32L1xx_HAL_Driver\stm32l1xx_hal_tim.o
 .text.HAL_TIM_IC_GetState
                0x00000000        0x6 Drivers\STM32L1xx_HAL_Driver\stm32l1xx_hal_tim.o
 .text.HAL_TIM_OnePulse_GetState
                0x00000000        0x6 Drivers\STM32L1xx_HAL_Driver\stm32l1xx_hal_tim.o
 .text.HAL_TIM_Encoder_GetState
                0x00000000        0x6 Drivers\STM32L1xx_HAL_Driver\stm32l1xx_hal_tim.o
 .text          0x00000000        0x0 Drivers\STM32L1xx_HAL_Driver\stm32l1xx_hal_tim_ex.o
 .data          0x00000000        0x0 Drivers\STM32L1xx_HAL_Driver\stm32l1xx_hal_tim_ex.o
 .bss           0x00000000        0x0 Drivers\STM32L1xx_HAL_Driver\stm32l1xx_hal_tim_ex.o
 .text.HAL_TIMEx_RemapConfig
                0x00000000       0x20 Drivers\STM32L1xx_HAL_Driver\stm32l1xx_hal_tim_ex.o
 .text          0x00000000        0x0 Drivers\STM32L1xx_HAL_Driver\stm32l1xx_hal_uart.o
 .data          0x00000000        0x0 Drivers\STM32L1xx_HAL_Driver\stm32l1xx_hal_uart.o
 .bss           0x00000000        0x0 Drivers\STM32L1xx_HAL_Driver\stm32l1xx_hal_uart.o
 .text.HAL_UART_MspInit
                0x00000000        0x2 Drivers\STM32L1xx_HAL_Driver\stm32l1xx_hal_uart.o
 .text.HAL_UART_Init
                0x00000000       0x58 Drivers\STM32L1xx_HAL_Driver\stm32l1xx_hal_uart.o
 .text.HAL_HalfDuplex_Init
                0x00000000       0x60 Drivers\STM32L1xx_HAL_Driver\stm32l1xx_hal_uart.o
 .text.HAL_LIN_Init
                0x00000000       0x6c Drivers\STM32L1xx_HAL_Driver\stm32l1xx_hal_uart.o
 .text.HAL_UART_MspDeInit
                0x00000000        0x2 Drivers\STM32L1xx_HAL_Driver\stm32l1xx_hal_uart.o
 .text.HAL_UART_DeInit
                0x00000000       0x34 Drivers\STM32L1xx_HAL_Driver\stm32l1xx_hal_uart.o
 .text.HAL_UART_Receive
                0x00000000       0xbc Drivers\STM32L1xx_HAL_Driver\stm32l1xx_hal_uart.o
 .text.HAL_UART_Transmit_IT
                0x00000000       0x54 Drivers\STM32L1xx_HAL_Driver\stm32l1xx_hal_uart.o
 .text.HAL_UART_Receive_IT
                0x00000000       0x64 Drivers\STM32L1xx_HAL_Driver\stm32l1xx_hal_uart.o
 .text.HAL_UART_Transmit_DMA
                0x00000000       0x84 Drivers\STM32L1xx_HAL_Driver\stm32l1xx_hal_uart.o
 .text.HAL_UART_Receive_DMA
                0x00000000       0x7c Drivers\STM32L1xx_HAL_Driver\stm32l1xx_hal_uart.o
 .text.HAL_UART_DMAPause
                0x00000000       0x5a Drivers\STM32L1xx_HAL_Driver\stm32l1xx_hal_uart.o
 .text.HAL_UART_DMAResume
                0x00000000       0x76 Drivers\STM32L1xx_HAL_Driver\stm32l1xx_hal_uart.o
 .text.HAL_UART_DMAStop
                0x00000000       0x28 Drivers\STM32L1xx_HAL_Driver\stm32l1xx_hal_uart.o
 .text.UART_DMATransmitCplt
                0x00000000       0x2c Drivers\STM32L1xx_HAL_Driver\stm32l1xx_hal_uart.o
 .text.HAL_UART_TxHalfCpltCallback
                0x00000000        0x2 Drivers\STM32L1xx_HAL_Driver\stm32l1xx_hal_uart.o
 .text.UART_DMATxHalfCplt
                0x00000000        0xa Drivers\STM32L1xx_HAL_Driver\stm32l1xx_hal_uart.o
 .text.UART_DMAReceiveCplt
                0x00000000       0x32 Drivers\STM32L1xx_HAL_Driver\stm32l1xx_hal_uart.o
 .text.HAL_UART_RxHalfCpltCallback
                0x00000000        0x2 Drivers\STM32L1xx_HAL_Driver\stm32l1xx_hal_uart.o
 .text.UART_DMARxHalfCplt
                0x00000000        0xa Drivers\STM32L1xx_HAL_Driver\stm32l1xx_hal_uart.o
 .text.UART_DMAError
                0x00000000       0x1e Drivers\STM32L1xx_HAL_Driver\stm32l1xx_hal_uart.o
 .text.HAL_LIN_SendBreak
                0x00000000       0x2a Drivers\STM32L1xx_HAL_Driver\stm32l1xx_hal_uart.o
 .text.HAL_MultiProcessor_EnterMuteMode
                0x00000000       0x2a Drivers\STM32L1xx_HAL_Driver\stm32l1xx_hal_uart.o
 .text.HAL_MultiProcessor_ExitMuteMode
                0x00000000       0x2a Drivers\STM32L1xx_HAL_Driver\stm32l1xx_hal_uart.o
 .text.HAL_HalfDuplex_EnableTransmitter
                0x00000000       0x2e Drivers\STM32L1xx_HAL_Driver\stm32l1xx_hal_uart.o
 .text.HAL_HalfDuplex_EnableReceiver
                0x00000000       0x2e Drivers\STM32L1xx_HAL_Driver\stm32l1xx_hal_uart.o
 .text.HAL_UART_GetState
                0x00000000        0x6 Drivers\STM32L1xx_HAL_Driver\stm32l1xx_hal_uart.o
 .text.HAL_UART_GetError
                0x00000000        0x4 Drivers\STM32L1xx_HAL_Driver\stm32l1xx_hal_uart.o
 .text          0x00000000        0x0 rfm7x.o
 .data          0x00000000        0x0 rfm7x.o
 .bss           0x00000000        0x0 rfm7x.o
 .text.rfm7x_clear_irq
                0x00000000       0x18 rfm7x.o
 .text.rfm7x_mode_transmit
                0x00000000       0x48 rfm7x.o
 .text.rfm7x_mode_standby
                0x00000000       0x1e rfm7x.o
 .text.rfm7x_mode_powerdown
                0x00000000       0x1c rfm7x.o
 .text.rfm7x_air_data_rate
                0x00000000       0x2c rfm7x.o
 .text.rfm7x_crc_length
                0x00000000       0x3a rfm7x.o
 .text.rfm7x_address_length
                0x00000000       0x18 rfm7x.o
 .text.rfm7x_transmit_fifo_full
                0x00000000        0xe rfm7x.o
 .text.rfm7x_receive_address_pn
                0x00000000        0x8 rfm7x.o
 .text.rfm7x_retransmit_count
                0x00000000        0x6 rfm7x.o
 .text.rfm7x_lost_packets_count
                0x00000000        0x6 rfm7x.o
 .text.rfm7x_pipe_autoack
                0x00000000       0x30 rfm7x.o
 .text.rfm7x_pipe_enable
                0x00000000       0x30 rfm7x.o
 .text.rfm7x_lost_packets_reset
                0x00000000       0x14 rfm7x.o
 .text.rfm7x_retransmit_delay_attempts
                0x00000000       0x10 rfm7x.o
 .text.rfm7x_lna_high
                0x00000000       0x18 rfm7x.o
 .text.rfm7x_lna_low
                0x00000000       0x16 rfm7x.o
 .text.rfm7x_power
                0x00000000       0x34 rfm7x.o
 .text.rfm7x_transmit_message
                0x00000000       0x10 rfm7x.o
 .text.rfm7x_transmit_message_once
                0x00000000       0x10 rfm7x.o
 .text          0x00000000        0x0 rfm7x_tm.o
 .data          0x00000000        0x0 rfm7x_tm.o
 .bss           0x00000000        0x0 rfm7x_tm.o
 .text          0x00000000        0x0 c:/program files (x86)/atollic/truestudio for arm 7.1.0/armtools/bin/../lib/gcc/arm-atollic-eabi/5.3.1/../../../../arm-atollic-eabi/lib/armv7-m\libc_nano.a(lib_a-init.o)
 .data          0x00000000        0x0 c:/program files (x86)/atollic/truestudio for arm 7.1.0/armtools/bin/../lib/gcc/arm-atollic-eabi/5.3.1/../../../../arm-atollic-eabi/lib/armv7-m\libc_nano.a(lib_a-init.o)
 .bss           0x00000000        0x0 c:/program files (x86)/atollic/truestudio for arm 7.1.0/armtools/bin/../lib/gcc/arm-atollic-eabi/5.3.1/../../../../arm-atollic-eabi/lib/armv7-m\libc_nano.a(lib_a-init.o)
 .text          0x00000000        0x0 c:/program files (x86)/atollic/truestudio for arm 7.1.0/armtools/bin/../lib/gcc/arm-atollic-eabi/5.3.1/../../../../arm-atollic-eabi/lib/armv7-m\libc_nano.a(lib_a-memset.o)
 .data          0x00000000        0x0 c:/program files (x86)/atollic/truestudio for arm 7.1.0/armtools/bin/../lib/gcc/arm-atollic-eabi/5.3.1/../../../../arm-atollic-eabi/lib/armv7-m\libc_nano.a(lib_a-memset.o)
 .bss           0x00000000        0x0 c:/program files (x86)/atollic/truestudio for arm 7.1.0/armtools/bin/../lib/gcc/arm-atollic-eabi/5.3.1/../../../../arm-atollic-eabi/lib/armv7-m\libc_nano.a(lib_a-memset.o)
 .text.memset   0x00000000       0x10 c:/program files (x86)/atollic/truestudio for arm 7.1.0/armtools/bin/../lib/gcc/arm-atollic-eabi/5.3.1/../../../../arm-atollic-eabi/lib/armv7-m\libc_nano.a(lib_a-memset.o)
 .debug_frame   0x00000000       0x20 c:/program files (x86)/atollic/truestudio for arm 7.1.0/armtools/bin/../lib/gcc/arm-atollic-eabi/5.3.1/../../../../arm-atollic-eabi/lib/armv7-m\libc_nano.a(lib_a-memset.o)
 .ARM.attributes
                0x00000000       0x2d c:/program files (x86)/atollic/truestudio for arm 7.1.0/armtools/bin/../lib/gcc/arm-atollic-eabi/5.3.1/../../../../arm-atollic-eabi/lib/armv7-m\libc_nano.a(lib_a-memset.o)
 .text          0x00000000        0x0 c:/program files (x86)/atollic/truestudio for arm 7.1.0/armtools/bin/../lib/gcc/arm-atollic-eabi/5.3.1/armv7-m/crtend.o
 .data          0x00000000        0x0 c:/program files (x86)/atollic/truestudio for arm 7.1.0/armtools/bin/../lib/gcc/arm-atollic-eabi/5.3.1/armv7-m/crtend.o
 .bss           0x00000000        0x0 c:/program files (x86)/atollic/truestudio for arm 7.1.0/armtools/bin/../lib/gcc/arm-atollic-eabi/5.3.1/armv7-m/crtend.o
 .eh_frame      0x00000000        0x4 c:/program files (x86)/atollic/truestudio for arm 7.1.0/armtools/bin/../lib/gcc/arm-atollic-eabi/5.3.1/armv7-m/crtend.o
 .ARM.attributes
                0x00000000       0x2d c:/program files (x86)/atollic/truestudio for arm 7.1.0/armtools/bin/../lib/gcc/arm-atollic-eabi/5.3.1/armv7-m/crtend.o
 .text          0x00000000        0x0 c:/program files (x86)/atollic/truestudio for arm 7.1.0/armtools/bin/../lib/gcc/arm-atollic-eabi/5.3.1/armv7-m/crtn.o
 .data          0x00000000        0x0 c:/program files (x86)/atollic/truestudio for arm 7.1.0/armtools/bin/../lib/gcc/arm-atollic-eabi/5.3.1/armv7-m/crtn.o
 .bss           0x00000000        0x0 c:/program files (x86)/atollic/truestudio for arm 7.1.0/armtools/bin/../lib/gcc/arm-atollic-eabi/5.3.1/armv7-m/crtn.o

Memory Configuration

Name             Origin             Length             Attributes
RAM              0x20000000         0x00014000         xrw
FLASH            0x08000000         0x00080000         xr
*default*        0x00000000         0xffffffff

Linker script and memory map

LOAD c:/program files (x86)/atollic/truestudio for arm 7.1.0/armtools/bin/../lib/gcc/arm-atollic-eabi/5.3.1/armv7-m/crti.o
LOAD c:/program files (x86)/atollic/truestudio for arm 7.1.0/armtools/bin/../lib/gcc/arm-atollic-eabi/5.3.1/armv7-m/crtbegin.o
LOAD Application\TrueSTUDIO\startup_stm32l152xe.o
LOAD Application\User\gpio.o
LOAD Application\User\main.o
LOAD Application\User\spi.o
LOAD Application\User\stm32l1xx_hal_msp.o
LOAD Application\User\stm32l1xx_it.o
LOAD Application\User\tim.o
LOAD Application\User\usart.o
LOAD Drivers\CMSIS\system_stm32l1xx.o
LOAD Drivers\STM32L1xx_HAL_Driver\stm32l1xx_hal.o
LOAD Drivers\STM32L1xx_HAL_Driver\stm32l1xx_hal_cortex.o
LOAD Drivers\STM32L1xx_HAL_Driver\stm32l1xx_hal_dma.o
LOAD Drivers\STM32L1xx_HAL_Driver\stm32l1xx_hal_flash.o
LOAD Drivers\STM32L1xx_HAL_Driver\stm32l1xx_hal_flash_ex.o
LOAD Drivers\STM32L1xx_HAL_Driver\stm32l1xx_hal_flash_ramfunc.o
LOAD Drivers\STM32L1xx_HAL_Driver\stm32l1xx_hal_gpio.o
LOAD Drivers\STM32L1xx_HAL_Driver\stm32l1xx_hal_pwr.o
LOAD Drivers\STM32L1xx_HAL_Driver\stm32l1xx_hal_pwr_ex.o
LOAD Drivers\STM32L1xx_HAL_Driver\stm32l1xx_hal_rcc.o
LOAD Drivers\STM32L1xx_HAL_Driver\stm32l1xx_hal_rcc_ex.o
LOAD Drivers\STM32L1xx_HAL_Driver\stm32l1xx_hal_spi.o
LOAD Drivers\STM32L1xx_HAL_Driver\stm32l1xx_hal_spi_ex.o
LOAD Drivers\STM32L1xx_HAL_Driver\stm32l1xx_hal_tim.o
LOAD Drivers\STM32L1xx_HAL_Driver\stm32l1xx_hal_tim_ex.o
LOAD Drivers\STM32L1xx_HAL_Driver\stm32l1xx_hal_uart.o
LOAD rfm7x.o
LOAD rfm7x_tm.o
START GROUP
LOAD c:/program files (x86)/atollic/truestudio for arm 7.1.0/armtools/bin/../lib/gcc/arm-atollic-eabi/5.3.1/../../../../arm-atollic-eabi/lib/armv7-m\libc_nano.a
LOAD c:/program files (x86)/atollic/truestudio for arm 7.1.0/armtools/bin/../lib/gcc/arm-atollic-eabi/5.3.1/../../../../arm-atollic-eabi/lib/armv7-m\libm.a
END GROUP
                0x00000080                malloc_getpagesize_P = 0x80
START GROUP
LOAD c:/program files (x86)/atollic/truestudio for arm 7.1.0/armtools/bin/../lib/gcc/arm-atollic-eabi/5.3.1/armv7-m\libgcc.a
LOAD c:/program files (x86)/atollic/truestudio for arm 7.1.0/armtools/bin/../lib/gcc/arm-atollic-eabi/5.3.1/../../../../arm-atollic-eabi/lib/armv7-m\libc_nano.a
END GROUP
START GROUP
LOAD c:/program files (x86)/atollic/truestudio for arm 7.1.0/armtools/bin/../lib/gcc/arm-atollic-eabi/5.3.1/armv7-m\libgcc.a
LOAD c:/program files (x86)/atollic/truestudio for arm 7.1.0/armtools/bin/../lib/gcc/arm-atollic-eabi/5.3.1/../../../../arm-atollic-eabi/lib/armv7-m\libc_nano.a
LOAD c:/program files (x86)/atollic/truestudio for arm 7.1.0/armtools/bin/../lib/gcc/arm-atollic-eabi/5.3.1/../../../../arm-atollic-eabi/lib/armv7-m\libnosys.a
END GROUP
START GROUP
LOAD c:/program files (x86)/atollic/truestudio for arm 7.1.0/armtools/bin/../lib/gcc/arm-atollic-eabi/5.3.1/armv7-m\libgcc.a
LOAD c:/program files (x86)/atollic/truestudio for arm 7.1.0/armtools/bin/../lib/gcc/arm-atollic-eabi/5.3.1/../../../../arm-atollic-eabi/lib/armv7-m\libc_nano.a
LOAD c:/program files (x86)/atollic/truestudio for arm 7.1.0/armtools/bin/../lib/gcc/arm-atollic-eabi/5.3.1/../../../../arm-atollic-eabi/lib/armv7-m\libnosys.a
END GROUP
LOAD c:/program files (x86)/atollic/truestudio for arm 7.1.0/armtools/bin/../lib/gcc/arm-atollic-eabi/5.3.1/armv7-m/crtend.o
LOAD c:/program files (x86)/atollic/truestudio for arm 7.1.0/armtools/bin/../lib/gcc/arm-atollic-eabi/5.3.1/armv7-m/crtn.o
                0x20014000                _estack = 0x20014000
                0x00000200                _Min_Heap_Size = 0x200
                0x00000400                _Min_Stack_Size = 0x400

.isr_vector     0x08000000      0x13c
                0x08000000                . = ALIGN (0x4)
 *(.isr_vector)
 .isr_vector    0x08000000      0x13c Application\TrueSTUDIO\startup_stm32l152xe.o
                0x08000000                g_pfnVectors
                0x0800013c                . = ALIGN (0x4)

.text           0x0800013c     0x1fc0
                0x0800013c                . = ALIGN (0x4)
 *(.text)
 .text          0x0800013c       0x40 c:/program files (x86)/atollic/truestudio for arm 7.1.0/armtools/bin/../lib/gcc/arm-atollic-eabi/5.3.1/armv7-m/crtbegin.o
 *(.text*)
 .text.Reset_Handler
                0x0800017c       0x48 Application\TrueSTUDIO\startup_stm32l152xe.o
                0x0800017c                Reset_Handler
 .text.Default_Handler
                0x080001c4        0x2 Application\TrueSTUDIO\startup_stm32l152xe.o
                0x080001c4                RTC_Alarm_IRQHandler
                0x080001c4                EXTI2_IRQHandler
                0x080001c4                COMP_ACQ_IRQHandler
                0x080001c4                TIM10_IRQHandler
                0x080001c4                USB_HP_IRQHandler
                0x080001c4                TIM6_IRQHandler
                0x080001c4                PVD_IRQHandler
                0x080001c4                EXTI3_IRQHandler
                0x080001c4                EXTI0_IRQHandler
                0x080001c4                I2C2_EV_IRQHandler
                0x080001c4                SPI1_IRQHandler
                0x080001c4                USB_FS_WKUP_IRQHandler
                0x080001c4                DMA2_Channel2_IRQHandler
                0x080001c4                DMA1_Channel4_IRQHandler
                0x080001c4                ADC1_IRQHandler
                0x080001c4                USART3_IRQHandler
                0x080001c4                DMA1_Channel7_IRQHandler
                0x080001c4                LCD_IRQHandler
                0x080001c4                UART5_IRQHandler
                0x080001c4                TIM4_IRQHandler
                0x080001c4                DMA2_Channel1_IRQHandler
                0x080001c4                I2C1_EV_IRQHandler
                0x080001c4                DMA1_Channel6_IRQHandler
                0x080001c4                UART4_IRQHandler
                0x080001c4                DMA2_Channel4_IRQHandler
                0x080001c4                TIM3_IRQHandler
                0x080001c4                RCC_IRQHandler
                0x080001c4                DMA1_Channel1_IRQHandler
                0x080001c4                Default_Handler
                0x080001c4                EXTI15_10_IRQHandler
                0x080001c4                TIM7_IRQHandler
                0x080001c4                TIM5_IRQHandler
                0x080001c4                EXTI9_5_IRQHandler
                0x080001c4                TIM9_IRQHandler
                0x080001c4                TAMPER_STAMP_IRQHandler
                0x080001c4                RTC_WKUP_IRQHandler
                0x080001c4                SPI2_IRQHandler
                0x080001c4                DMA2_Channel5_IRQHandler
                0x080001c4                DMA1_Channel5_IRQHandler
                0x080001c4                USB_LP_IRQHandler
                0x080001c4                EXTI4_IRQHandler
                0x080001c4                DMA1_Channel3_IRQHandler
                0x080001c4                COMP_IRQHandler
                0x080001c4                WWDG_IRQHandler
                0x080001c4                TIM2_IRQHandler
                0x080001c4                DAC_IRQHandler
                0x080001c4                EXTI1_IRQHandler
                0x080001c4                TIM11_IRQHandler
                0x080001c4                I2C2_ER_IRQHandler
                0x080001c4                DMA1_Channel2_IRQHandler
                0x080001c4                FLASH_IRQHandler
                0x080001c4                USART1_IRQHandler
                0x080001c4                SPI3_IRQHandler
                0x080001c4                I2C1_ER_IRQHandler
                0x080001c4                DMA2_Channel3_IRQHandler
 *fill*         0x080001c6        0x2 
 .text.MX_GPIO_Init
                0x080001c8       0xa0 Application\User\gpio.o
                0x080001c8                MX_GPIO_Init
 .text.SystemClock_Config
                0x08000268       0x74 Application\User\main.o
                0x08000268                SystemClock_Config
 .text.startup.main
                0x080002dc       0x80 Application\User\main.o
                0x080002dc                main
 .text.Error_Handler
                0x0800035c        0x2 Application\User\main.o
                0x0800035c                Error_Handler
 *fill*         0x0800035e        0x2 
 .text.MX_SPI2_Init
                0x08000360       0x44 Application\User\spi.o
                0x08000360                MX_SPI2_Init
 .text.HAL_SPI_MspInit
                0x080003a4       0x4c Application\User\spi.o
                0x080003a4                HAL_SPI_MspInit
 .text.HAL_MspInit
                0x080003f0       0xa0 Application\User\stm32l1xx_hal_msp.o
                0x080003f0                HAL_MspInit
 .text.NMI_Handler
                0x08000490        0x2 Application\User\stm32l1xx_it.o
                0x08000490                NMI_Handler
 .text.HardFault_Handler
                0x08000492        0x2 Application\User\stm32l1xx_it.o
                0x08000492                HardFault_Handler
 .text.MemManage_Handler
                0x08000494        0x2 Application\User\stm32l1xx_it.o
                0x08000494                MemManage_Handler
 .text.BusFault_Handler
                0x08000496        0x2 Application\User\stm32l1xx_it.o
                0x08000496                BusFault_Handler
 .text.UsageFault_Handler
                0x08000498        0x2 Application\User\stm32l1xx_it.o
                0x08000498                UsageFault_Handler
 .text.SVC_Handler
                0x0800049a        0x2 Application\User\stm32l1xx_it.o
                0x0800049a                SVC_Handler
 .text.DebugMon_Handler
                0x0800049c        0x2 Application\User\stm32l1xx_it.o
                0x0800049c                DebugMon_Handler
 .text.PendSV_Handler
                0x0800049e        0x2 Application\User\stm32l1xx_it.o
                0x0800049e                PendSV_Handler
 .text.SysTick_Handler
                0x080004a0        0xe Application\User\stm32l1xx_it.o
                0x080004a0                SysTick_Handler
 *fill*         0x080004ae        0x2 
 .text.USART2_IRQHandler
                0x080004b0        0xc Application\User\stm32l1xx_it.o
                0x080004b0                USART2_IRQHandler
 .text.MX_TIM7_Init
                0x080004bc       0x38 Application\User\tim.o
                0x080004bc                MX_TIM7_Init
 .text.HAL_TIM_Base_MspInit
                0x080004f4       0x28 Application\User\tim.o
                0x080004f4                HAL_TIM_Base_MspInit
 .text.MX_USART2_UART_Init
                0x0800051c       0x38 Application\User\usart.o
                0x0800051c                MX_USART2_UART_Init
 .text.HAL_UART_MspInit
                0x08000554       0x5c Application\User\usart.o
                0x08000554                HAL_UART_MspInit
 .text.SystemInit
                0x080005b0       0x48 Drivers\CMSIS\system_stm32l1xx.o
                0x080005b0                SystemInit
 .text.HAL_InitTick
                0x080005f8       0x28 Drivers\STM32L1xx_HAL_Driver\stm32l1xx_hal.o
                0x080005f8                HAL_InitTick
 .text.HAL_Init
                0x08000620       0x16 Drivers\STM32L1xx_HAL_Driver\stm32l1xx_hal.o
                0x08000620                HAL_Init
 *fill*         0x08000636        0x2 
 .text.HAL_IncTick
                0x08000638       0x10 Drivers\STM32L1xx_HAL_Driver\stm32l1xx_hal.o
                0x08000638                HAL_IncTick
 .text.HAL_GetTick
                0x08000648        0xc Drivers\STM32L1xx_HAL_Driver\stm32l1xx_hal.o
                0x08000648                HAL_GetTick
 .text.HAL_Delay
                0x08000654       0x1a Drivers\STM32L1xx_HAL_Driver\stm32l1xx_hal.o
                0x08000654                HAL_Delay
 *fill*         0x0800066e        0x2 
 .text.HAL_NVIC_SetPriorityGrouping
                0x08000670       0x24 Drivers\STM32L1xx_HAL_Driver\stm32l1xx_hal_cortex.o
                0x08000670                HAL_NVIC_SetPriorityGrouping
 .text.HAL_NVIC_SetPriority
                0x08000694       0x68 Drivers\STM32L1xx_HAL_Driver\stm32l1xx_hal_cortex.o
                0x08000694                HAL_NVIC_SetPriority
 .text.HAL_NVIC_EnableIRQ
                0x080006fc       0x18 Drivers\STM32L1xx_HAL_Driver\stm32l1xx_hal_cortex.o
                0x080006fc                HAL_NVIC_EnableIRQ
 .text.HAL_SYSTICK_Config
                0x08000714       0x2c Drivers\STM32L1xx_HAL_Driver\stm32l1xx_hal_cortex.o
                0x08000714                HAL_SYSTICK_Config
 .text.HAL_SYSTICK_CLKSourceConfig
                0x08000740       0x18 Drivers\STM32L1xx_HAL_Driver\stm32l1xx_hal_cortex.o
                0x08000740                HAL_SYSTICK_CLKSourceConfig
 .text.HAL_SYSTICK_Callback
                0x08000758        0x2 Drivers\STM32L1xx_HAL_Driver\stm32l1xx_hal_cortex.o
                0x08000758                HAL_SYSTICK_Callback
 .text.HAL_SYSTICK_IRQHandler
                0x0800075a        0x8 Drivers\STM32L1xx_HAL_Driver\stm32l1xx_hal_cortex.o
                0x0800075a                HAL_SYSTICK_IRQHandler
 *fill*         0x08000762        0x2 
 .text.HAL_GPIO_Init
                0x08000764      0x1ac Drivers\STM32L1xx_HAL_Driver\stm32l1xx_hal_gpio.o
                0x08000764                HAL_GPIO_Init
 .text.HAL_GPIO_WritePin
                0x08000910        0x8 Drivers\STM32L1xx_HAL_Driver\stm32l1xx_hal_gpio.o
                0x08000910                HAL_GPIO_WritePin
 .text.HAL_PWREx_GetVoltageRange
                0x08000918       0x10 Drivers\STM32L1xx_HAL_Driver\stm32l1xx_hal_pwr_ex.o
                0x08000918                HAL_PWREx_GetVoltageRange
 .text.RCC_SetFlashLatencyFromMSIRange
                0x08000928       0x74 Drivers\STM32L1xx_HAL_Driver\stm32l1xx_hal_rcc.o
 .text.HAL_RCC_OscConfig
                0x0800099c      0x67c Drivers\STM32L1xx_HAL_Driver\stm32l1xx_hal_rcc.o
                0x0800099c                HAL_RCC_OscConfig
 .text.HAL_RCC_GetSysClockFreq
                0x08001018       0x8c Drivers\STM32L1xx_HAL_Driver\stm32l1xx_hal_rcc.o
                0x08001018                HAL_RCC_GetSysClockFreq
 .text.HAL_RCC_ClockConfig
                0x080010a4      0x190 Drivers\STM32L1xx_HAL_Driver\stm32l1xx_hal_rcc.o
                0x080010a4                HAL_RCC_ClockConfig
 .text.HAL_RCC_GetHCLKFreq
                0x08001234        0xc Drivers\STM32L1xx_HAL_Driver\stm32l1xx_hal_rcc.o
                0x08001234                HAL_RCC_GetHCLKFreq
 .text.HAL_RCC_GetPCLK1Freq
                0x08001240       0x30 Drivers\STM32L1xx_HAL_Driver\stm32l1xx_hal_rcc.o
                0x08001240                HAL_RCC_GetPCLK1Freq
 .text.HAL_RCC_GetPCLK2Freq
                0x08001270       0x30 Drivers\STM32L1xx_HAL_Driver\stm32l1xx_hal_rcc.o
                0x08001270                HAL_RCC_GetPCLK2Freq
 .text.SPI_WaitOnFlagUntilTimeout
                0x080012a0       0x92 Drivers\STM32L1xx_HAL_Driver\stm32l1xx_hal_spi.o
 .text.HAL_SPI_TransmitReceive
                0x08001332      0x2c4 Drivers\STM32L1xx_HAL_Driver\stm32l1xx_hal_spi.o
                0x08001332                HAL_SPI_TransmitReceive
 .text.HAL_SPI_Init
                0x080015f6       0x7a Drivers\STM32L1xx_HAL_Driver\stm32l1xx_hal_spi_ex.o
                0x080015f6                HAL_SPI_Init
 .text.TIM_Base_SetConfig
                0x08001670       0x84 Drivers\STM32L1xx_HAL_Driver\stm32l1xx_hal_tim.o
 .text.HAL_TIM_Base_Init
                0x080016f4       0x34 Drivers\STM32L1xx_HAL_Driver\stm32l1xx_hal_tim.o
                0x080016f4                HAL_TIM_Base_Init
 .text.HAL_TIMEx_MasterConfigSynchronization
                0x08001728       0x44 Drivers\STM32L1xx_HAL_Driver\stm32l1xx_hal_tim_ex.o
                0x08001728                HAL_TIMEx_MasterConfigSynchronization
 .text.UART_SetConfig
                0x0800176c      0x24c Drivers\STM32L1xx_HAL_Driver\stm32l1xx_hal_uart.o
 .text.UART_WaitOnFlagUntilTimeout.constprop.1
                0x080019b8       0x60 Drivers\STM32L1xx_HAL_Driver\stm32l1xx_hal_uart.o
 .text.HAL_MultiProcessor_Init
                0x08001a18       0x72 Drivers\STM32L1xx_HAL_Driver\stm32l1xx_hal_uart.o
                0x08001a18                HAL_MultiProcessor_Init
 .text.HAL_UART_Transmit
                0x08001a8a       0xb8 Drivers\STM32L1xx_HAL_Driver\stm32l1xx_hal_uart.o
                0x08001a8a                HAL_UART_Transmit
 .text.HAL_UART_TxCpltCallback
                0x08001b42        0x2 Drivers\STM32L1xx_HAL_Driver\stm32l1xx_hal_uart.o
                0x08001b42                HAL_UART_TxCpltCallback
 .text.HAL_UART_RxCpltCallback
                0x08001b44        0x2 Drivers\STM32L1xx_HAL_Driver\stm32l1xx_hal_uart.o
                0x08001b44                HAL_UART_RxCpltCallback
 .text.HAL_UART_ErrorCallback
                0x08001b46        0x2 Drivers\STM32L1xx_HAL_Driver\stm32l1xx_hal_uart.o
                0x08001b46                HAL_UART_ErrorCallback
 .text.HAL_UART_IRQHandler
                0x08001b48      0x184 Drivers\STM32L1xx_HAL_Driver\stm32l1xx_hal_uart.o
                0x08001b48                HAL_UART_IRQHandler
 .text.rfm7x_register_write
                0x08001ccc       0x2a rfm7x.o
                0x08001ccc                rfm7x_register_write
 .text.rfm7x_register_read
                0x08001cf6       0x22 rfm7x.o
                0x08001cf6                rfm7x_register_read
 .text.rfm7x_buffer_read
                0x08001d18       0x30 rfm7x.o
                0x08001d18                rfm7x_buffer_read
 .text.rfm7x_buffer_write
                0x08001d48       0x36 rfm7x.o
                0x08001d48                rfm7x_buffer_write
 *fill*         0x08001d7e        0x2 
 .text.rfm7x_bank
                0x08001d80       0x30 rfm7x.o
                0x08001d80                rfm7x_bank
 .text.rfm7x_init_bank1
                0x08001db0       0xdc rfm7x.o
                0x08001db0                rfm7x_init_bank1
 .text.rfm7x_is_present
                0x08001e8c       0x32 rfm7x.o
                0x08001e8c                rfm7x_is_present
 *fill*         0x08001ebe        0x2 
 .text.rfm7x_mode_receive
                0x08001ec0       0x44 rfm7x.o
                0x08001ec0                rfm7x_mode_receive
 .text.rfm7x_channel
                0x08001f04       0x14 rfm7x.o
                0x08001f04                rfm7x_channel
 .text.rfm7x_receive_fifo_empty
                0x08001f18        0xe rfm7x.o
                0x08001f18                rfm7x_receive_fifo_empty
 .text.rfm7x_receive_address_p0
                0x08001f26        0xa rfm7x.o
                0x08001f26                rfm7x_receive_address_p0
 .text.rfm7x_receive_address_p1
                0x08001f30        0xa rfm7x.o
                0x08001f30                rfm7x_receive_address_p1
 .text.rfm7x_transmit_address
                0x08001f3a        0xa rfm7x.o
                0x08001f3a                rfm7x_transmit_address
 .text.rfm7x_channel_payload_size
                0x08001f44       0x38 rfm7x.o
                0x08001f44                rfm7x_channel_payload_size
 .text.rfm7x_receive_next_pipe
                0x08001f7c        0xe rfm7x.o
                0x08001f7c                rfm7x_receive_next_pipe
 .text.rfm7x_receive_next_length
                0x08001f8a        0x6 rfm7x.o
                0x08001f8a                rfm7x_receive_next_length
 .text.rfm7x_receive
                0x08001f90       0x2a rfm7x.o
                0x08001f90                rfm7x_receive
 *fill*         0x08001fba        0x2 
 .text.rfm7x_init
                0x08001fbc       0x90 rfm7x.o
                0x08001fbc                rfm7x_init
 .text.RFM7x_CE
                0x0800204c       0x10 rfm7x_tm.o
                0x0800204c                RFM7x_CE
 .text.RFM7x_CSN
                0x0800205c       0x10 rfm7x_tm.o
                0x0800205c                RFM7x_CSN
 .text.RFM7x_WAIT_MS
                0x0800206c        0x8 rfm7x_tm.o
                0x0800206c                RFM7x_WAIT_MS
 .text.rfm7x_SPI_RW
                0x08002074       0x24 rfm7x_tm.o
                0x08002074                rfm7x_SPI_RW
 .text.__libc_init_array
                0x08002098       0x4c c:/program files (x86)/atollic/truestudio for arm 7.1.0/armtools/bin/../lib/gcc/arm-atollic-eabi/5.3.1/../../../../arm-atollic-eabi/lib/armv7-m\libc_nano.a(lib_a-init.o)
                0x08002098                __libc_init_array
 *(.glue_7)
 .glue_7        0x080020e4        0x0 linker stubs
 *(.glue_7t)
 .glue_7t       0x080020e4        0x0 linker stubs
 *(.eh_frame)
 .eh_frame      0x080020e4        0x0 c:/program files (x86)/atollic/truestudio for arm 7.1.0/armtools/bin/../lib/gcc/arm-atollic-eabi/5.3.1/armv7-m/crtbegin.o
 *(.init)
 .init          0x080020e4        0x4 c:/program files (x86)/atollic/truestudio for arm 7.1.0/armtools/bin/../lib/gcc/arm-atollic-eabi/5.3.1/armv7-m/crti.o
                0x080020e4                _init
 .init          0x080020e8        0x8 c:/program files (x86)/atollic/truestudio for arm 7.1.0/armtools/bin/../lib/gcc/arm-atollic-eabi/5.3.1/armv7-m/crtn.o
 *(.fini)
 .fini          0x080020f0        0x4 c:/program files (x86)/atollic/truestudio for arm 7.1.0/armtools/bin/../lib/gcc/arm-atollic-eabi/5.3.1/armv7-m/crti.o
                0x080020f0                _fini
 .fini          0x080020f4        0x8 c:/program files (x86)/atollic/truestudio for arm 7.1.0/armtools/bin/../lib/gcc/arm-atollic-eabi/5.3.1/armv7-m/crtn.o
                0x080020fc                . = ALIGN (0x4)
                0x080020fc                _etext = .

.vfp11_veneer   0x080020fc        0x0
 .vfp11_veneer  0x080020fc        0x0 linker stubs

.v4_bx          0x080020fc        0x0
 .v4_bx         0x080020fc        0x0 linker stubs

.iplt           0x080020fc        0x0
 .iplt          0x080020fc        0x0 c:/program files (x86)/atollic/truestudio for arm 7.1.0/armtools/bin/../lib/gcc/arm-atollic-eabi/5.3.1/armv7-m/crtbegin.o

.rodata         0x080020fc       0xb8
                0x080020fc                . = ALIGN (0x4)
 *(.rodata)
 *(.rodata*)
 .rodata.AHBPrescTable
                0x080020fc       0x10 Drivers\CMSIS\system_stm32l1xx.o
                0x080020fc                AHBPrescTable
 .rodata.APBPrescTable
                0x0800210c        0x8 Drivers\CMSIS\system_stm32l1xx.o
                0x0800210c                APBPrescTable
 .rodata.PLLMulTable
                0x08002114        0x9 Drivers\CMSIS\system_stm32l1xx.o
                0x08002114                PLLMulTable
 .rodata.rfm7x_RX0_Address
                0x0800211d        0x5 rfm7x.o
                0x0800211d                rfm7x_RX0_Address
 .rodata.Bank1_Reg14
                0x08002122        0xb rfm7x.o
                0x08002122                Bank1_Reg14
 *fill*         0x0800212d        0x3 
 .rodata.RFM70_Bank1_Reg0_13
                0x08002130       0x38 rfm7x.o
                0x08002130                RFM70_Bank1_Reg0_13
 .rodata.Bank0_Reg
                0x08002168       0x14 rfm7x.o
                0x08002168                Bank0_Reg
 .rodata.RFM73_Bank1_Reg0_13
                0x0800217c       0x38 rfm7x.o
                0x0800217c                RFM73_Bank1_Reg0_13
                0x080021b4                . = ALIGN (0x4)

.rel.dyn        0x080021b4        0x0
 .rel.iplt      0x080021b4        0x0 c:/program files (x86)/atollic/truestudio for arm 7.1.0/armtools/bin/../lib/gcc/arm-atollic-eabi/5.3.1/armv7-m/crtbegin.o

.ARM.extab
 *(.ARM.extab* .gnu.linkonce.armextab.*)

.ARM            0x080021b4        0x0
                0x080021b4                __exidx_start = .
 *(.ARM.exidx*)
                0x080021b4                __exidx_end = .

.preinit_array  0x080021b4        0x0
                0x080021b4                PROVIDE (__preinit_array_start, .)
 *(.preinit_array*)
                0x080021b4                PROVIDE (__preinit_array_end, .)

.init_array     0x080021b4        0x4
                0x080021b4                PROVIDE (__init_array_start, .)
 *(SORT(.init_array.*))
 *(.init_array*)
 .init_array    0x080021b4        0x4 c:/program files (x86)/atollic/truestudio for arm 7.1.0/armtools/bin/../lib/gcc/arm-atollic-eabi/5.3.1/armv7-m/crtbegin.o
                0x080021b8                PROVIDE (__init_array_end, .)

.fini_array     0x080021b8        0x4
                [!provide]                PROVIDE (__fini_array_start, .)
 *(SORT(.fini_array.*))
 *(.fini_array*)
 .fini_array    0x080021b8        0x4 c:/program files (x86)/atollic/truestudio for arm 7.1.0/armtools/bin/../lib/gcc/arm-atollic-eabi/5.3.1/armv7-m/crtbegin.o
                [!provide]                PROVIDE (__fini_array_end, .)
                0x080021bc                _sidata = LOADADDR (.data)

.data           0x20000000        0x8 load address 0x080021bc
                0x20000000                . = ALIGN (0x4)
                0x20000000                _sdata = .
 *(.data)
 *(.data*)
 .data.Message_OK
                0x20000000        0x3 Application\User\main.o
                0x20000000                Message_OK
 *fill*         0x20000003        0x1 
 .data.SystemCoreClock
                0x20000004        0x4 Drivers\CMSIS\system_stm32l1xx.o
                0x20000004                SystemCoreClock
                0x20000008                . = ALIGN (0x4)
                0x20000008                _edata = .

.igot.plt       0x20000008        0x0 load address 0x080021c4
 .igot.plt      0x20000008        0x0 c:/program files (x86)/atollic/truestudio for arm 7.1.0/armtools/bin/../lib/gcc/arm-atollic-eabi/5.3.1/armv7-m/crtbegin.o
                0x20000008                . = ALIGN (0x4)

.bss            0x20000008      0x118 load address 0x080021c4
                0x20000008                _sbss = .
                0x20000008                __bss_start__ = _sbss
 *(.bss)
 .bss           0x20000008       0x1c c:/program files (x86)/atollic/truestudio for arm 7.1.0/armtools/bin/../lib/gcc/arm-atollic-eabi/5.3.1/armv7-m/crtbegin.o
 *(.bss*)
 .bss.module_type
                0x20000024        0x1 rfm7x.o
                0x20000024                module_type
 *(COMMON)
 COMMON         0x20000025       0x22 Application\User\main.o
                0x20000025                rfmsg_len
                0x20000026                rfmsg
                0x20000046                rfpipe
 *fill*         0x20000047        0x1 
 COMMON         0x20000048       0x58 Application\User\spi.o
                0x20000048                hspi2
 COMMON         0x200000a0       0x38 Application\User\tim.o
                0x200000a0                htim7
 COMMON         0x200000d8       0x40 Application\User\usart.o
                0x200000d8                huart2
 COMMON         0x20000118        0x4 Drivers\STM32L1xx_HAL_Driver\stm32l1xx_hal.o
                0x20000118                uwTick
 COMMON         0x2000011c        0x3 rfm7x.o
                0x2000011c                rfm7x_mode
                0x2000011d                st
                0x2000011e                rfm7x_current_channel
                0x20000120                . = ALIGN (0x4)
 *fill*         0x2000011f        0x1 
                0x20000120                _ebss = .
                0x20000120                __bss_end__ = _ebss

._user_heap_stack
                0x20000120      0x600 load address 0x080021c4
                0x20000120                . = ALIGN (0x4)
                [!provide]                PROVIDE (end, .)
                [!provide]                PROVIDE (_end, .)
                0x20000320                . = (. + _Min_Heap_Size)
 *fill*         0x20000120      0x200 
                0x20000720                . = (. + _Min_Stack_Size)
 *fill*         0x20000320      0x400 
                0x20000720                . = ALIGN (0x4)

/DISCARD/
 libc.a(*)
 libm.a(*)
 libgcc.a(*)

.ARM.attributes
                0x00000000       0x29
 *(.ARM.attributes)
 .ARM.attributes
                0x00000000       0x1d c:/program files (x86)/atollic/truestudio for arm 7.1.0/armtools/bin/../lib/gcc/arm-atollic-eabi/5.3.1/armv7-m/crti.o
 .ARM.attributes
                0x0000001d       0x2d c:/program files (x86)/atollic/truestudio for arm 7.1.0/armtools/bin/../lib/gcc/arm-atollic-eabi/5.3.1/armv7-m/crtbegin.o
 .ARM.attributes
                0x0000004a       0x21 Application\TrueSTUDIO\startup_stm32l152xe.o
 .ARM.attributes
                0x0000006b       0x33 Application\User\gpio.o
 .ARM.attributes
                0x0000009e       0x33 Application\User\main.o
 .ARM.attributes
                0x000000d1       0x33 Application\User\spi.o
 .ARM.attributes
                0x00000104       0x33 Application\User\stm32l1xx_hal_msp.o
 .ARM.attributes
                0x00000137       0x33 Application\User\stm32l1xx_it.o
 .ARM.attributes
                0x0000016a       0x33 Application\User\tim.o
 .ARM.attributes
                0x0000019d       0x33 Application\User\usart.o
 .ARM.attributes
                0x000001d0       0x33 Drivers\CMSIS\system_stm32l1xx.o
 .ARM.attributes
                0x00000203       0x33 Drivers\STM32L1xx_HAL_Driver\stm32l1xx_hal.o
 .ARM.attributes
                0x00000236       0x33 Drivers\STM32L1xx_HAL_Driver\stm32l1xx_hal_cortex.o
 .ARM.attributes
                0x00000269       0x33 Drivers\STM32L1xx_HAL_Driver\stm32l1xx_hal_gpio.o
 .ARM.attributes
                0x0000029c       0x33 Drivers\STM32L1xx_HAL_Driver\stm32l1xx_hal_pwr_ex.o
 .ARM.attributes
                0x000002cf       0x33 Drivers\STM32L1xx_HAL_Driver\stm32l1xx_hal_rcc.o
 .ARM.attributes
                0x00000302       0x33 Drivers\STM32L1xx_HAL_Driver\stm32l1xx_hal_spi.o
 .ARM.attributes
                0x00000335       0x33 Drivers\STM32L1xx_HAL_Driver\stm32l1xx_hal_spi_ex.o
 .ARM.attributes
                0x00000368       0x33 Drivers\STM32L1xx_HAL_Driver\stm32l1xx_hal_tim.o
 .ARM.attributes
                0x0000039b       0x33 Drivers\STM32L1xx_HAL_Driver\stm32l1xx_hal_tim_ex.o
 .ARM.attributes
                0x000003ce       0x33 Drivers\STM32L1xx_HAL_Driver\stm32l1xx_hal_uart.o
 .ARM.attributes
                0x00000401       0x33 rfm7x.o
 .ARM.attributes
                0x00000434       0x33 rfm7x_tm.o
 .ARM.attributes
                0x00000467       0x2d c:/program files (x86)/atollic/truestudio for arm 7.1.0/armtools/bin/../lib/gcc/arm-atollic-eabi/5.3.1/../../../../arm-atollic-eabi/lib/armv7-m\libc_nano.a(lib_a-init.o)
 .ARM.attributes
                0x00000494       0x1d c:/program files (x86)/atollic/truestudio for arm 7.1.0/armtools/bin/../lib/gcc/arm-atollic-eabi/5.3.1/armv7-m/crtn.o
OUTPUT(home_base3.elf elf32-littlearm)

.debug_line     0x00000000     0x59eb
 .debug_line    0x00000000       0x78 Application\TrueSTUDIO\startup_stm32l152xe.o
 .debug_line    0x00000078      0x203 Application\User\gpio.o
 .debug_line    0x0000027b      0x33d Application\User\main.o
 .debug_line    0x000005b8      0x282 Application\User\spi.o
 .debug_line    0x0000083a      0x1f4 Application\User\stm32l1xx_hal_msp.o
 .debug_line    0x00000a2e      0x2a0 Application\User\stm32l1xx_it.o
 .debug_line    0x00000cce      0x267 Application\User\tim.o
 .debug_line    0x00000f35      0x2a8 Application\User\usart.o
 .debug_line    0x000011dd      0x1d9 Drivers\CMSIS\system_stm32l1xx.o
 .debug_line    0x000013b6      0x368 Drivers\STM32L1xx_HAL_Driver\stm32l1xx_hal.o
 .debug_line    0x0000171e      0x3f8 Drivers\STM32L1xx_HAL_Driver\stm32l1xx_hal_cortex.o
 .debug_line    0x00001b16      0x3d6 Drivers\STM32L1xx_HAL_Driver\stm32l1xx_hal_gpio.o
 .debug_line    0x00001eec      0x2e5 Drivers\STM32L1xx_HAL_Driver\stm32l1xx_hal_pwr_ex.o
 .debug_line    0x000021d1      0x8de Drivers\STM32L1xx_HAL_Driver\stm32l1xx_hal_rcc.o
 .debug_line    0x00002aaf      0xb1f Drivers\STM32L1xx_HAL_Driver\stm32l1xx_hal_spi.o
 .debug_line    0x000035ce      0x26b Drivers\STM32L1xx_HAL_Driver\stm32l1xx_hal_spi_ex.o
 .debug_line    0x00003839      0xf31 Drivers\STM32L1xx_HAL_Driver\stm32l1xx_hal_tim.o
 .debug_line    0x0000476a      0x295 Drivers\STM32L1xx_HAL_Driver\stm32l1xx_hal_tim_ex.o
 .debug_line    0x000049ff      0x9b5 Drivers\STM32L1xx_HAL_Driver\stm32l1xx_hal_uart.o
 .debug_line    0x000053b4      0x3c2 rfm7x.o
 .debug_line    0x00005776      0x275 rfm7x_tm.o

.debug_info     0x00000000     0xe22e
 .debug_info    0x00000000       0x90 Application\TrueSTUDIO\startup_stm32l152xe.o
 .debug_info    0x00000090      0x3c7 Application\User\gpio.o
 .debug_info    0x00000457      0xb1a Application\User\main.o
 .debug_info    0x00000f71      0x865 Application\User\spi.o
 .debug_info    0x000017d6      0x47a Application\User\stm32l1xx_hal_msp.o
 .debug_info    0x00001c50      0x5ae Application\User\stm32l1xx_it.o
 .debug_info    0x000021fe      0x742 Application\User\tim.o
 .debug_info    0x00002940      0x9ea Application\User\usart.o
 .debug_info    0x0000332a      0x442 Drivers\CMSIS\system_stm32l1xx.o
 .debug_info    0x0000376c      0x632 Drivers\STM32L1xx_HAL_Driver\stm32l1xx_hal.o
 .debug_info    0x00003d9e      0xdea Drivers\STM32L1xx_HAL_Driver\stm32l1xx_hal_cortex.o
 .debug_info    0x00004b88      0x60b Drivers\STM32L1xx_HAL_Driver\stm32l1xx_hal_gpio.o
 .debug_info    0x00005193      0x34a Drivers\STM32L1xx_HAL_Driver\stm32l1xx_hal_pwr_ex.o
 .debug_info    0x000054dd     0x169a Drivers\STM32L1xx_HAL_Driver\stm32l1xx_hal_rcc.o
 .debug_info    0x00006b77     0x1461 Drivers\STM32L1xx_HAL_Driver\stm32l1xx_hal_spi.o
 .debug_info    0x00007fd8      0x5d4 Drivers\STM32L1xx_HAL_Driver\stm32l1xx_hal_spi_ex.o
 .debug_info    0x000085ac     0x2d3a Drivers\STM32L1xx_HAL_Driver\stm32l1xx_hal_tim.o
 .debug_info    0x0000b2e6      0x5f9 Drivers\STM32L1xx_HAL_Driver\stm32l1xx_hal_tim_ex.o
 .debug_info    0x0000b8df     0x10ac Drivers\STM32L1xx_HAL_Driver\stm32l1xx_hal_uart.o
 .debug_info    0x0000c98b     0x114e rfm7x.o
 .debug_info    0x0000dad9      0x755 rfm7x_tm.o

.debug_abbrev   0x00000000     0x25a1
 .debug_abbrev  0x00000000       0x12 Application\TrueSTUDIO\startup_stm32l152xe.o
 .debug_abbrev  0x00000012      0x143 Application\User\gpio.o
 .debug_abbrev  0x00000155      0x1e4 Application\User\main.o
 .debug_abbrev  0x00000339      0x1bf Application\User\spi.o
 .debug_abbrev  0x000004f8      0x11a Application\User\stm32l1xx_hal_msp.o
 .debug_abbrev  0x00000612      0x17b Application\User\stm32l1xx_it.o
 .debug_abbrev  0x0000078d      0x194 Application\User\tim.o
 .debug_abbrev  0x00000921      0x1c8 Application\User\usart.o
 .debug_abbrev  0x00000ae9      0x101 Drivers\CMSIS\system_stm32l1xx.o
 .debug_abbrev  0x00000bea      0x1d0 Drivers\STM32L1xx_HAL_Driver\stm32l1xx_hal.o
 .debug_abbrev  0x00000dba      0x313 Drivers\STM32L1xx_HAL_Driver\stm32l1xx_hal_cortex.o
 .debug_abbrev  0x000010cd      0x1c8 Drivers\STM32L1xx_HAL_Driver\stm32l1xx_hal_gpio.o
 .debug_abbrev  0x00001295      0x146 Drivers\STM32L1xx_HAL_Driver\stm32l1xx_hal_pwr_ex.o
 .debug_abbrev  0x000013db      0x314 Drivers\STM32L1xx_HAL_Driver\stm32l1xx_hal_rcc.o
 .debug_abbrev  0x000016ef      0x309 Drivers\STM32L1xx_HAL_Driver\stm32l1xx_hal_spi.o
 .debug_abbrev  0x000019f8      0x14c Drivers\STM32L1xx_HAL_Driver\stm32l1xx_hal_spi_ex.o
 .debug_abbrev  0x00001b44      0x2f4 Drivers\STM32L1xx_HAL_Driver\stm32l1xx_hal_tim.o
 .debug_abbrev  0x00001e38      0x136 Drivers\STM32L1xx_HAL_Driver\stm32l1xx_hal_tim_ex.o
 .debug_abbrev  0x00001f6e      0x2c5 Drivers\STM32L1xx_HAL_Driver\stm32l1xx_hal_uart.o
 .debug_abbrev  0x00002233      0x1ab rfm7x.o
 .debug_abbrev  0x000023de      0x1c3 rfm7x_tm.o

.debug_aranges  0x00000000      0xa08
 .debug_aranges
                0x00000000       0x28 Application\TrueSTUDIO\startup_stm32l152xe.o
 .debug_aranges
                0x00000028       0x20 Application\User\gpio.o
 .debug_aranges
                0x00000048       0x30 Application\User\main.o
 .debug_aranges
                0x00000078       0x30 Application\User\spi.o
 .debug_aranges
                0x000000a8       0x20 Application\User\stm32l1xx_hal_msp.o
 .debug_aranges
                0x000000c8       0x50 Application\User\stm32l1xx_it.o
 .debug_aranges
                0x00000118       0x30 Application\User\tim.o
 .debug_aranges
                0x00000148       0x30 Application\User\usart.o
 .debug_aranges
                0x00000178       0x28 Drivers\CMSIS\system_stm32l1xx.o
 .debug_aranges
                0x000001a0       0xa8 Drivers\STM32L1xx_HAL_Driver\stm32l1xx_hal.o
 .debug_aranges
                0x00000248       0x98 Drivers\STM32L1xx_HAL_Driver\stm32l1xx_hal_cortex.o
 .debug_aranges
                0x000002e0       0x58 Drivers\STM32L1xx_HAL_Driver\stm32l1xx_hal_gpio.o
 .debug_aranges
                0x00000338       0x50 Drivers\STM32L1xx_HAL_Driver\stm32l1xx_hal_pwr_ex.o
 .debug_aranges
                0x00000388       0x90 Drivers\STM32L1xx_HAL_Driver\stm32l1xx_hal_rcc.o
 .debug_aranges
                0x00000418      0x108 Drivers\STM32L1xx_HAL_Driver\stm32l1xx_hal_spi.o
 .debug_aranges
                0x00000520       0x20 Drivers\STM32L1xx_HAL_Driver\stm32l1xx_hal_spi_ex.o
 .debug_aranges
                0x00000540      0x218 Drivers\STM32L1xx_HAL_Driver\stm32l1xx_hal_tim.o
 .debug_aranges
                0x00000758       0x28 Drivers\STM32L1xx_HAL_Driver\stm32l1xx_hal_tim_ex.o
 .debug_aranges
                0x00000780      0x108 Drivers\STM32L1xx_HAL_Driver\stm32l1xx_hal_uart.o
 .debug_aranges
                0x00000888      0x148 rfm7x.o
 .debug_aranges
                0x000009d0       0x38 rfm7x_tm.o

.debug_ranges   0x00000000      0xcd8
 .debug_ranges  0x00000000       0x20 Application\TrueSTUDIO\startup_stm32l152xe.o
 .debug_ranges  0x00000020       0x78 Application\User\gpio.o
 .debug_ranges  0x00000098       0x20 Application\User\main.o
 .debug_ranges  0x000000b8       0x40 Application\User\spi.o
 .debug_ranges  0x000000f8       0x28 Application\User\stm32l1xx_hal_msp.o
 .debug_ranges  0x00000120       0x40 Application\User\stm32l1xx_it.o
 .debug_ranges  0x00000160       0x20 Application\User\tim.o
 .debug_ranges  0x00000180       0x40 Application\User\usart.o
 .debug_ranges  0x000001c0       0x18 Drivers\CMSIS\system_stm32l1xx.o
 .debug_ranges  0x000001d8       0x98 Drivers\STM32L1xx_HAL_Driver\stm32l1xx_hal.o
 .debug_ranges  0x00000270      0x138 Drivers\STM32L1xx_HAL_Driver\stm32l1xx_hal_cortex.o
 .debug_ranges  0x000003a8       0x68 Drivers\STM32L1xx_HAL_Driver\stm32l1xx_hal_gpio.o
 .debug_ranges  0x00000410       0x40 Drivers\STM32L1xx_HAL_Driver\stm32l1xx_hal_pwr_ex.o
 .debug_ranges  0x00000450      0x198 Drivers\STM32L1xx_HAL_Driver\stm32l1xx_hal_rcc.o
 .debug_ranges  0x000005e8      0x130 Drivers\STM32L1xx_HAL_Driver\stm32l1xx_hal_spi.o
 .debug_ranges  0x00000718       0x10 Drivers\STM32L1xx_HAL_Driver\stm32l1xx_hal_spi_ex.o
 .debug_ranges  0x00000728      0x328 Drivers\STM32L1xx_HAL_Driver\stm32l1xx_hal_tim.o
 .debug_ranges  0x00000a50       0x18 Drivers\STM32L1xx_HAL_Driver\stm32l1xx_hal_tim_ex.o
 .debug_ranges  0x00000a68      0x110 Drivers\STM32L1xx_HAL_Driver\stm32l1xx_hal_uart.o
 .debug_ranges  0x00000b78      0x138 rfm7x.o
 .debug_ranges  0x00000cb0       0x28 rfm7x_tm.o

.debug_str      0x00000000     0x308b
 .debug_str     0x00000000      0x2b3 Application\User\gpio.o
                                0x310 (size before relaxing)
 .debug_str     0x000002b3      0x9b0 Application\User\main.o
                                0xbca (size before relaxing)
 .debug_str     0x00000c63      0x1ba Application\User\spi.o
                                0x710 (size before relaxing)
 .debug_str     0x00000e1d       0x4a Application\User\stm32l1xx_hal_msp.o
                                0x5ee (size before relaxing)
 .debug_str     0x00000e67       0xcc Application\User\stm32l1xx_it.o
                                0x622 (size before relaxing)
 .debug_str     0x00000f33      0x28c Application\User\tim.o
                                0x6e8 (size before relaxing)
 .debug_str     0x000011bf       0x83 Application\User\usart.o
                                0xa85 (size before relaxing)
 .debug_str     0x00001242       0xf8 Drivers\CMSIS\system_stm32l1xx.o
                                0x335 (size before relaxing)
 .debug_str     0x0000133a      0x1e1 Drivers\STM32L1xx_HAL_Driver\stm32l1xx_hal.o
                                0x809 (size before relaxing)
 .debug_str     0x0000151b      0x31a Drivers\STM32L1xx_HAL_Driver\stm32l1xx_hal_cortex.o
                                0xa82 (size before relaxing)
 .debug_str     0x00001835      0x11d Drivers\STM32L1xx_HAL_Driver\stm32l1xx_hal_gpio.o
                                0x45d (size before relaxing)
 .debug_str     0x00001952      0x12d Drivers\STM32L1xx_HAL_Driver\stm32l1xx_hal_pwr_ex.o
                                0x33d (size before relaxing)
 .debug_str     0x00001a7f      0x21b Drivers\STM32L1xx_HAL_Driver\stm32l1xx_hal_rcc.o
                                0x736 (size before relaxing)
 .debug_str     0x00001c9a      0x2f4 Drivers\STM32L1xx_HAL_Driver\stm32l1xx_hal_spi.o
                                0x90b (size before relaxing)
 .debug_str     0x00001f8e       0x41 Drivers\STM32L1xx_HAL_Driver\stm32l1xx_hal_spi_ex.o
                                0x626 (size before relaxing)
 .debug_str     0x00001fcf      0xa06 Drivers\STM32L1xx_HAL_Driver\stm32l1xx_hal_tim.o
                               0x1038 (size before relaxing)
 .debug_str     0x000029d5       0x5d Drivers\STM32L1xx_HAL_Driver\stm32l1xx_hal_tim_ex.o
                                0x66f (size before relaxing)
 .debug_str     0x00002a32      0x2c8 Drivers\STM32L1xx_HAL_Driver\stm32l1xx_hal_uart.o
                                0x951 (size before relaxing)
 .debug_str     0x00002cfa      0x375 rfm7x.o
                                0x544 (size before relaxing)
 .debug_str     0x0000306f       0x1c rfm7x_tm.o
                                0x64e (size before relaxing)

.comment        0x00000000       0x7e
 .comment       0x00000000       0x7e Application\User\gpio.o
                                 0x7f (size before relaxing)
 .comment       0x0000007e       0x7f Application\User\main.o
 .comment       0x0000007e       0x7f Application\User\spi.o
 .comment       0x0000007e       0x7f Application\User\stm32l1xx_hal_msp.o
 .comment       0x0000007e       0x7f Application\User\stm32l1xx_it.o
 .comment       0x0000007e       0x7f Application\User\tim.o
 .comment       0x0000007e       0x7f Application\User\usart.o
 .comment       0x0000007e       0x7f Drivers\CMSIS\system_stm32l1xx.o
 .comment       0x0000007e       0x7f Drivers\STM32L1xx_HAL_Driver\stm32l1xx_hal.o
 .comment       0x0000007e       0x7f Drivers\STM32L1xx_HAL_Driver\stm32l1xx_hal_cortex.o
 .comment       0x0000007e       0x7f Drivers\STM32L1xx_HAL_Driver\stm32l1xx_hal_gpio.o
 .comment       0x0000007e       0x7f Drivers\STM32L1xx_HAL_Driver\stm32l1xx_hal_pwr_ex.o
 .comment       0x0000007e       0x7f Drivers\STM32L1xx_HAL_Driver\stm32l1xx_hal_rcc.o
 .comment       0x0000007e       0x7f Drivers\STM32L1xx_HAL_Driver\stm32l1xx_hal_spi.o
 .comment       0x0000007e       0x7f Drivers\STM32L1xx_HAL_Driver\stm32l1xx_hal_spi_ex.o
 .comment       0x0000007e       0x7f Drivers\STM32L1xx_HAL_Driver\stm32l1xx_hal_tim.o
 .comment       0x0000007e       0x7f Drivers\STM32L1xx_HAL_Driver\stm32l1xx_hal_tim_ex.o
 .comment       0x0000007e       0x7f Drivers\STM32L1xx_HAL_Driver\stm32l1xx_hal_uart.o
 .comment       0x0000007e       0x7f rfm7x.o
 .comment       0x0000007e       0x7f rfm7x_tm.o

.debug_frame    0x00000000     0x1b4c
 .debug_frame   0x00000000       0x34 Application\User\gpio.o
 .debug_frame   0x00000034       0x58 Application\User\main.o
 .debug_frame   0x0000008c       0x58 Application\User\spi.o
 .debug_frame   0x000000e4       0x2c Application\User\stm32l1xx_hal_msp.o
 .debug_frame   0x00000110       0xbc Application\User\stm32l1xx_it.o
 .debug_frame   0x000001cc       0x54 Application\User\tim.o
 .debug_frame   0x00000220       0x70 Application\User\usart.o
 .debug_frame   0x00000290       0x38 Drivers\CMSIS\system_stm32l1xx.o
 .debug_frame   0x000002c8      0x164 Drivers\STM32L1xx_HAL_Driver\stm32l1xx_hal.o
 .debug_frame   0x0000042c      0x130 Drivers\STM32L1xx_HAL_Driver\stm32l1xx_hal_cortex.o
 .debug_frame   0x0000055c       0xd4 Drivers\STM32L1xx_HAL_Driver\stm32l1xx_hal_gpio.o
 .debug_frame   0x00000630       0x80 Drivers\STM32L1xx_HAL_Driver\stm32l1xx_hal_pwr_ex.o
 .debug_frame   0x000006b0      0x158 Drivers\STM32L1xx_HAL_Driver\stm32l1xx_hal_rcc.o
 .debug_frame   0x00000808      0x37c Drivers\STM32L1xx_HAL_Driver\stm32l1xx_hal_spi.o
 .debug_frame   0x00000b84       0x28 Drivers\STM32L1xx_HAL_Driver\stm32l1xx_hal_spi_ex.o
 .debug_frame   0x00000bac      0x7ec Drivers\STM32L1xx_HAL_Driver\stm32l1xx_hal_tim.o
 .debug_frame   0x00001398       0x38 Drivers\STM32L1xx_HAL_Driver\stm32l1xx_hal_tim_ex.o
 .debug_frame   0x000013d0      0x318 Drivers\STM32L1xx_HAL_Driver\stm32l1xx_hal_uart.o
 .debug_frame   0x000016e8      0x3e0 rfm7x.o
 .debug_frame   0x00001ac8       0x58 rfm7x_tm.o
 .debug_frame   0x00001b20       0x2c c:/program files (x86)/atollic/truestudio for arm 7.1.0/armtools/bin/../lib/gcc/arm-atollic-eabi/5.3.1/../../../../arm-atollic-eabi/lib/armv7-m\libc_nano.a(lib_a-init.o)

.debug_loc      0x00000000     0x6e0a
 .debug_loc     0x00000000       0x4d Application\User\spi.o
 .debug_loc     0x0000004d       0x4d Application\User\usart.o
 .debug_loc     0x0000009a      0x112 Drivers\CMSIS\system_stm32l1xx.o
 .debug_loc     0x000001ac       0x6a Drivers\STM32L1xx_HAL_Driver\stm32l1xx_hal.o
 .debug_loc     0x00000216      0x48f Drivers\STM32L1xx_HAL_Driver\stm32l1xx_hal_cortex.o
 .debug_loc     0x000006a5      0x2c9 Drivers\STM32L1xx_HAL_Driver\stm32l1xx_hal_gpio.o
 .debug_loc     0x0000096e       0xac Drivers\STM32L1xx_HAL_Driver\stm32l1xx_hal_pwr_ex.o
 .debug_loc     0x00000a1a      0xae3 Drivers\STM32L1xx_HAL_Driver\stm32l1xx_hal_rcc.o
 .debug_loc     0x000014fd      0xff5 Drivers\STM32L1xx_HAL_Driver\stm32l1xx_hal_spi.o
 .debug_loc     0x000024f2       0x34 Drivers\STM32L1xx_HAL_Driver\stm32l1xx_hal_spi_ex.o
 .debug_loc     0x00002526     0x3188 Drivers\STM32L1xx_HAL_Driver\stm32l1xx_hal_tim.o
 .debug_loc     0x000056ae       0x42 Drivers\STM32L1xx_HAL_Driver\stm32l1xx_hal_tim_ex.o
 .debug_loc     0x000056f0      0xd6f Drivers\STM32L1xx_HAL_Driver\stm32l1xx_hal_uart.o
 .debug_loc     0x0000645f      0x91b rfm7x.o
 .debug_loc     0x00006d7a       0x90 rfm7x_tm.o
