rfm7x.c:407:6:rfm7x_register_write	16	static
rfm7x.c:418:15:rfm7x_register_read	8	static
rfm7x.c:430:6:rfm7x_buffer_read	16	static
rfm7x.c:443:6:rfm7x_buffer_write	16	static
rfm7x.c:457:6:rfm7x_bank	8	static
rfm7x.c:506:6:rfm7x_init_bank1	32	static
rfm7x.c:546:6:rfm7x_clear_irq	8	static
rfm7x.c:552:15:rfm7x_is_present	16	static
rfm7x.c:564:6:rfm7x_mode_receive	8	static
rfm7x.c:587:6:rfm7x_mode_transmit	8	static
rfm7x.c:607:6:rfm7x_mode_standby	8	static
rfm7x.c:615:6:rfm7x_mode_powerdown	8	static
rfm7x.c:624:6:rfm7x_channel	0	static
rfm7x.c:630:6:rfm7x_air_data_rate	8	static
rfm7x.c:642:6:rfm7x_crc_length	16	static
rfm7x.c:662:6:rfm7x_address_length	0	static
rfm7x.c:672:15:rfm7x_transmit_fifo_full	8	static
rfm7x.c:678:15:rfm7x_receive_fifo_empty	8	static
rfm7x.c:684:6:rfm7x_receive_address_p0	0	static
rfm7x.c:688:6:rfm7x_receive_address_p1	0	static
rfm7x.c:692:6:rfm7x_receive_address_pn	0	static
rfm7x.c:696:6:rfm7x_transmit_address	0	static
rfm7x.c:700:15:rfm7x_retransmit_count	0	static
rfm7x.c:704:15:rfm7x_lost_packets_count	0	static
rfm7x.c:708:6:rfm7x_pipe_autoack	16	static
rfm7x.c:721:6:rfm7x_pipe_enable	16	static
rfm7x.c:734:6:rfm7x_lost_packets_reset	8	static
rfm7x.c:739:6:rfm7x_retransmit_delay_attempts	0	static
rfm7x.c:743:6:rfm7x_lna_high	8	static
rfm7x.c:749:6:rfm7x_lna_low	8	static
rfm7x.c:755:6:rfm7x_power	8	static
rfm7x.c:769:6:rfm7x_channel_payload_size	16	static
rfm7x.c:784:6:rfm7x_transmit_message	0	static
rfm7x.c:791:6:rfm7x_transmit_message_once	0	static
rfm7x.c:801:15:rfm7x_receive_next_pipe	8	static
rfm7x.c:806:15:rfm7x_receive_next_length	0	static
rfm7x.c:810:15:rfm7x_receive	16	static
rfm7x.c:823:6:rfm7x_init	16	static
