stm32l1xx_hal_spi.c:2178:26:SPI_WaitOnFlagUntilTimeout	24	static
stm32l1xx_hal_spi.c:183:26:HAL_SPI_Init	0	static
stm32l1xx_hal_spi.c:226:14:HAL_SPI_MspInit	0	static
stm32l1xx_hal_spi.c:242:14:HAL_SPI_MspDeInit	0	static
stm32l1xx_hal_spi.c:197:19:HAL_SPI_DeInit	8	static
stm32l1xx_hal_spi.c:297:19:HAL_SPI_Transmit	24	static
stm32l1xx_hal_spi.c:615:19:HAL_SPI_TransmitReceive	24	static
stm32l1xx_hal_spi.c:440:19:HAL_SPI_Receive	32	static
stm32l1xx_hal_spi.c:864:19:HAL_SPI_Transmit_IT	8	static
stm32l1xx_hal_spi.c:1021:19:HAL_SPI_TransmitReceive_IT	8	static
stm32l1xx_hal_spi.c:940:19:HAL_SPI_Receive_IT	12	static
stm32l1xx_hal_spi.c:1092:19:HAL_SPI_Transmit_DMA	8	static
stm32l1xx_hal_spi.c:1266:19:HAL_SPI_TransmitReceive_DMA	16	static
stm32l1xx_hal_spi.c:1176:19:HAL_SPI_Receive_DMA	16	static
stm32l1xx_hal_spi.c:1377:19:HAL_SPI_DMAPause	0	static
stm32l1xx_hal_spi.c:1398:19:HAL_SPI_DMAResume	0	static
stm32l1xx_hal_spi.c:1419:19:HAL_SPI_DMAStop	8	static
stm32l1xx_hal_spi.c:1517:13:HAL_SPI_TxCpltCallback	0	static
stm32l1xx_hal_spi.c:1533:13:HAL_SPI_RxCpltCallback	0	static
stm32l1xx_hal_spi.c:1549:13:HAL_SPI_TxRxCpltCallback	0	static
stm32l1xx_hal_spi.c:1565:13:HAL_SPI_TxHalfCpltCallback	0	static
stm32l1xx_hal_spi.c:2120:13:SPI_DMAHalfTransmitCplt	8	static
stm32l1xx_hal_spi.c:1581:13:HAL_SPI_RxHalfCpltCallback	0	static
stm32l1xx_hal_spi.c:2133:13:SPI_DMAHalfReceiveCplt	8	static
stm32l1xx_hal_spi.c:1597:13:HAL_SPI_TxRxHalfCpltCallback	0	static
stm32l1xx_hal_spi.c:2146:13:SPI_DMAHalfTransmitReceiveCplt	8	static
stm32l1xx_hal_spi.c:1613:14:HAL_SPI_ErrorCallback	0	static
stm32l1xx_hal_spi.c:1748:13:SPI_TxISR	16	static
stm32l1xx_hal_spi.c:1780:13:SPI_RxCloseIRQHandler	16	static
stm32l1xx_hal_spi.c:1887:13:SPI_RxISR	0	static
stm32l1xx_hal_spi.c:1860:13:SPI_2LinesRxISR	0	static
stm32l1xx_hal_spi.c:2159:13:SPI_DMAError	8	static
stm32l1xx_hal_spi.c:1921:13:SPI_DMATransmitCplt	16	static
stm32l1xx_hal_spi.c:1970:13:SPI_DMAReceiveCplt	16	static
stm32l1xx_hal_spi.c:2043:13:SPI_DMATransmitReceiveCplt	16	static
stm32l1xx_hal_spi.c:1453:6:HAL_SPI_IRQHandler	24	static
stm32l1xx_hal_spi.c:1650:22:HAL_SPI_GetState	0	static
stm32l1xx_hal_spi.c:1661:10:HAL_SPI_GetError	0	static
