stm32l1xx_hal_rcc.c:1290:26:RCC_SetFlashLatencyFromMSIRange	24	static
stm32l1xx_hal_rcc.c:261:6:HAL_RCC_DeInit	8	static
stm32l1xx_hal_rcc.c:301:19:HAL_RCC_OscConfig	40	static
stm32l1xx_hal_rcc.c:951:6:HAL_RCC_MCOConfig	40	static
stm32l1xx_hal_rcc.c:985:6:HAL_RCC_EnableCSS	0	static
stm32l1xx_hal_rcc.c:994:6:HAL_RCC_DisableCSS	0	static
stm32l1xx_hal_rcc.c:1029:10:HAL_RCC_GetSysClockFreq	0	static
stm32l1xx_hal_rcc.c:749:19:HAL_RCC_ClockConfig	24	static
stm32l1xx_hal_rcc.c:1086:10:HAL_RCC_GetHCLKFreq	0	static
stm32l1xx_hal_rcc.c:1097:10:HAL_RCC_GetPCLK1Freq	0	static
stm32l1xx_hal_rcc.c:1109:10:HAL_RCC_GetPCLK2Freq	0	static
stm32l1xx_hal_rcc.c:1122:6:HAL_RCC_GetOscConfig	0	static
stm32l1xx_hal_rcc.c:1218:6:HAL_RCC_GetClockConfig	0	static
stm32l1xx_hal_rcc.c:1265:13:HAL_RCC_CSSCallback	0	static
stm32l1xx_hal_rcc.c:1248:6:HAL_RCC_NMI_IRQHandler	8	static
