*** EVALUATION ***
PROGRAM "test_101v.abs"

*********************************************************************************************
TARGET SECTION
---------------------------------------------------------------------------------------------
Processor   : Freescale HC08
Memory Model: SMALL
File Format : ELF\DWARF 2.0
Linker      : SmartLinker V-5.0.51 Build 14019, Jan 20 2014

*********************************************************************************************
FILE SECTION
---------------------------------------------------------------------------------------------
Events_c.obj                            Model: SMALL,         Lang: ANSI-C
main_c.obj                              Model: SMALL,         Lang: ANSI-C
rfm7x_c.obj                             Model: SMALL,         Lang: ANSI-C
rfm7x_tm_c.obj                          Model: SMALL,         Lang: ANSI-C
start08_c.obj                           Model: SMALL,         Lang: ANSI-C
Cpu_c.obj                               Model: SMALL,         Lang: ANSI-C
IO_Map_c.obj                            Model: SMALL,         Lang: ANSI-C
RTC_c.obj                               Model: SMALL,         Lang: ANSI-C
SPI_c.obj                               Model: SMALL,         Lang: ANSI-C
Vectors_c.obj                           Model: SMALL,         Lang: ANSI-C
led_c.obj                               Model: SMALL,         Lang: ANSI-C
rf_ce_c.obj                             Model: SMALL,         Lang: ANSI-C
rf_nss_c.obj                            Model: SMALL,         Lang: ANSI-C
rtshc08.o (ansiis.lib)                  Model: SMALL,         Lang: ANSI-C

*********************************************************************************************
STARTUP SECTION
---------------------------------------------------------------------------------------------
Entry point: 0xC020 (_EntryPoint)
_startupData is allocated at 0xC0D9 and uses 6 Bytes
extern struct _tagStartup {
  unsigned nofZeroOut     1
  _Range   pZeroOut       0xA0     5
  _Copy    *toCopyDownBeg 0xC7F6
} _startupData;

*********************************************************************************************
SECTION-ALLOCATION SECTION
Section Name                    Size  Type     From       To       Segment
---------------------------------------------------------------------------------------------
.text                           1649     R     0xC0E7     0xC757   ROM
.rodata                          148     R     0xC758     0xC7EB   ROM
.rodata1                          10     R     0xC7EC     0xC7F5   ROM
.abs_section_ffbd                  1     R     0xFFBD     0xFFBD   .absSeg0
.abs_section_ffbf                  1     R     0xFFBF     0xFFBF   .absSeg1
.abs_section_0                     1   N/I        0x0        0x0   .absSeg2
.abs_section_1                     1   N/I        0x1        0x1   .absSeg3
.abs_section_2                     1   N/I        0x2        0x2   .absSeg4
.abs_section_3                     1   N/I        0x3        0x3   .absSeg5
.abs_section_4                     1   N/I        0x4        0x4   .absSeg6
.abs_section_5                     1   N/I        0x5        0x5   .absSeg7
.abs_section_6                     1   N/I        0x6        0x6   .absSeg8
.abs_section_7                     1   N/I        0x7        0x7   .absSeg9
.abs_section_8                     1   N/I        0x8        0x8   .absSeg10
.abs_section_9                     1   N/I        0x9        0x9   .absSeg11
.abs_section_c                     1   N/I        0xC        0xC   .absSeg12
.abs_section_d                     1   N/I        0xD        0xD   .absSeg13
.abs_section_e                     1   N/I        0xE        0xE   .absSeg14
.abs_section_f                     1   N/I        0xF        0xF   .absSeg15
.abs_section_10                    1   N/I       0x10       0x10   .absSeg16
.abs_section_11                    1   N/I       0x11       0x11   .absSeg17
.abs_section_16                    1   N/I       0x16       0x16   .absSeg18
.abs_section_17                    1   N/I       0x17       0x17   .absSeg19
.abs_section_18                    1   N/I       0x18       0x18   .absSeg20
.abs_section_1a                    1   N/I       0x1A       0x1A   .absSeg21
.abs_section_1b                    1   N/I       0x1B       0x1B   .absSeg22
.abs_section_22                    1   N/I       0x22       0x22   .absSeg23
.abs_section_23                    1   N/I       0x23       0x23   .absSeg24
.abs_section_24                    1   N/I       0x24       0x24   .absSeg25
.abs_section_25                    1   N/I       0x25       0x25   .absSeg26
.abs_section_26                    1   N/I       0x26       0x26   .absSeg27
.abs_section_27                    1   N/I       0x27       0x27   .absSeg28
.abs_section_28                    1   N/I       0x28       0x28   .absSeg29
.abs_section_29                    1   N/I       0x29       0x29   .absSeg30
.abs_section_2a                    1   N/I       0x2A       0x2A   .absSeg31
.abs_section_2b                    1   N/I       0x2B       0x2B   .absSeg32
.abs_section_2d                    1   N/I       0x2D       0x2D   .absSeg33
.abs_section_30                    1   N/I       0x30       0x30   .absSeg34
.abs_section_31                    1   N/I       0x31       0x31   .absSeg35
.abs_section_32                    1   N/I       0x32       0x32   .absSeg36
.abs_section_33                    1   N/I       0x33       0x33   .absSeg37
.abs_section_34                    1   N/I       0x34       0x34   .absSeg38
.abs_section_35                    1   N/I       0x35       0x35   .absSeg39
.abs_section_38                    1   N/I       0x38       0x38   .absSeg40
.abs_section_39                    1   N/I       0x39       0x39   .absSeg41
.abs_section_3a                    1   N/I       0x3A       0x3A   .absSeg42
.abs_section_3b                    1   N/I       0x3B       0x3B   .absSeg43
.abs_section_3c                    1   N/I       0x3C       0x3C   .absSeg44
.abs_section_3d                    1   N/I       0x3D       0x3D   .absSeg45
.abs_section_3e                    1   N/I       0x3E       0x3E   .absSeg46
.abs_section_40                    1   N/I       0x40       0x40   .absSeg47
.abs_section_45                    1   N/I       0x45       0x45   .absSeg48
.abs_section_48                    1   N/I       0x48       0x48   .absSeg49
.abs_section_4b                    1   N/I       0x4B       0x4B   .absSeg50
.abs_section_50                    1   N/I       0x50       0x50   .absSeg51
.abs_section_55                    1   N/I       0x55       0x55   .absSeg52
.abs_section_58                    1   N/I       0x58       0x58   .absSeg53
.abs_section_5b                    1   N/I       0x5B       0x5B   .absSeg54
.abs_section_60                    1   N/I       0x60       0x60   .absSeg55
.abs_section_65                    1   N/I       0x65       0x65   .absSeg56
.abs_section_68                    1   N/I       0x68       0x68   .absSeg57
.abs_section_6b                    1   N/I       0x6B       0x6B   .absSeg58
.abs_section_6e                    1   N/I       0x6E       0x6E   .absSeg59
.abs_section_71                    1   N/I       0x71       0x71   .absSeg60
.abs_section_74                    1   N/I       0x74       0x74   .absSeg61
.abs_section_1800                  1   N/I     0x1800     0x1800   .absSeg62
.abs_section_1801                  1   N/I     0x1801     0x1801   .absSeg63
.abs_section_1802                  1   N/I     0x1802     0x1802   .absSeg64
.abs_section_1803                  1   N/I     0x1803     0x1803   .absSeg65
.abs_section_1808                  1   N/I     0x1808     0x1808   .absSeg66
.abs_section_1809                  1   N/I     0x1809     0x1809   .absSeg67
.abs_section_180b                  1   N/I     0x180B     0x180B   .absSeg68
.abs_section_180e                  1   N/I     0x180E     0x180E   .absSeg69
.abs_section_180f                  1   N/I     0x180F     0x180F   .absSeg70
.abs_section_1818                  1   N/I     0x1818     0x1818   .absSeg71
.abs_section_1819                  1   N/I     0x1819     0x1819   .absSeg72
.abs_section_181a                  1   N/I     0x181A     0x181A   .absSeg73
.abs_section_181c                  1   N/I     0x181C     0x181C   .absSeg74
.abs_section_181d                  1   N/I     0x181D     0x181D   .absSeg75
.abs_section_181e                  1   N/I     0x181E     0x181E   .absSeg76
.abs_section_181f                  1   N/I     0x181F     0x181F   .absSeg77
.abs_section_1820                  1   N/I     0x1820     0x1820   .absSeg78
.abs_section_1821                  1   N/I     0x1821     0x1821   .absSeg79
.abs_section_1823                  1   N/I     0x1823     0x1823   .absSeg80
.abs_section_1824                  1   N/I     0x1824     0x1824   .absSeg81
.abs_section_1825                  1   N/I     0x1825     0x1825   .absSeg82
.abs_section_1826                  1   N/I     0x1826     0x1826   .absSeg83
.abs_section_1830                  1   N/I     0x1830     0x1830   .absSeg84
.abs_section_1831                  1   N/I     0x1831     0x1831   .absSeg85
.abs_section_1832                  1   N/I     0x1832     0x1832   .absSeg86
.abs_section_1840                  1   N/I     0x1840     0x1840   .absSeg87
.abs_section_1841                  1   N/I     0x1841     0x1841   .absSeg88
.abs_section_1842                  1   N/I     0x1842     0x1842   .absSeg89
.abs_section_1844                  1   N/I     0x1844     0x1844   .absSeg90
.abs_section_1845                  1   N/I     0x1845     0x1845   .absSeg91
.abs_section_1846                  1   N/I     0x1846     0x1846   .absSeg92
.abs_section_1848                  1   N/I     0x1848     0x1848   .absSeg93
.abs_section_1849                  1   N/I     0x1849     0x1849   .absSeg94
.abs_section_184a                  1   N/I     0x184A     0x184A   .absSeg95
.abs_section_184c                  1   N/I     0x184C     0x184C   .absSeg96
.abs_section_184d                  1   N/I     0x184D     0x184D   .absSeg97
.abs_section_184e                  1   N/I     0x184E     0x184E   .absSeg98
.abs_section_1850                  1   N/I     0x1850     0x1850   .absSeg99
.abs_section_1851                  1   N/I     0x1851     0x1851   .absSeg100
.abs_section_1852                  1   N/I     0x1852     0x1852   .absSeg101
.abs_section_1872                  1   N/I     0x1872     0x1872   .absSeg102
.abs_section_1873                  1   N/I     0x1873     0x1873   .absSeg103
.abs_section_1874                  1   N/I     0x1874     0x1874   .absSeg104
.abs_section_1875                  1   N/I     0x1875     0x1875   .absSeg105
.abs_section_1876                  1   N/I     0x1876     0x1876   .absSeg106
.abs_section_1877                  1   N/I     0x1877     0x1877   .absSeg107
.abs_section_12                    2   N/I       0x12       0x13   .absSeg108
.abs_section_14                    2   N/I       0x14       0x15   .absSeg109
.abs_section_20                    2   N/I       0x20       0x21   .absSeg110
.abs_section_41                    2   N/I       0x41       0x42   .absSeg111
.abs_section_43                    2   N/I       0x43       0x44   .absSeg112
.abs_section_46                    2   N/I       0x46       0x47   .absSeg113
.abs_section_49                    2   N/I       0x49       0x4A   .absSeg114
.abs_section_4c                    2   N/I       0x4C       0x4D   .absSeg115
.abs_section_51                    2   N/I       0x51       0x52   .absSeg116
.abs_section_53                    2   N/I       0x53       0x54   .absSeg117
.abs_section_56                    2   N/I       0x56       0x57   .absSeg118
.abs_section_59                    2   N/I       0x59       0x5A   .absSeg119
.abs_section_5c                    2   N/I       0x5C       0x5D   .absSeg120
.abs_section_61                    2   N/I       0x61       0x62   .absSeg121
.abs_section_63                    2   N/I       0x63       0x64   .absSeg122
.abs_section_66                    2   N/I       0x66       0x67   .absSeg123
.abs_section_69                    2   N/I       0x69       0x6A   .absSeg124
.abs_section_6c                    2   N/I       0x6C       0x6D   .absSeg125
.abs_section_6f                    2   N/I       0x6F       0x70   .absSeg126
.abs_section_72                    2   N/I       0x72       0x73   .absSeg127
.abs_section_75                    2   N/I       0x75       0x76   .absSeg128
.abs_section_1806                  2   N/I     0x1806     0x1807   .absSeg129
.abs_section_1810                  2   N/I     0x1810     0x1811   .absSeg130
.abs_section_1812                  2   N/I     0x1812     0x1813   .absSeg131
.abs_section_1814                  2   N/I     0x1814     0x1815   .absSeg132
.abs_section_1816                  2   N/I     0x1816     0x1817   .absSeg133
.abs_section_1870                  2   N/I     0x1870     0x1871   .absSeg134
.abs_section_ffc0                 64     R     0xFFC0     0xFFFF   .absSeg135
.bss                               1   R/W       0xA0       0xA0   RAM
.startData                        14     R     0xC0D9     0xC0E6   ROM
.init                            217     R     0xC000     0xC0D8   ROM
.common                            4   R/W       0xA1       0xA4   RAM
.stack                           128   R/W       0xA5      0x124   RAM
.copy                              2     R     0xC7F6     0xC7F7   ROM

Summary of section sizes per section type:
READ_ONLY (R):         83A (dec:     2106)
READ_WRITE (R/W):       85 (dec:      133)
NO_INIT (N/I):          A0 (dec:      160)

*********************************************************************************************
VECTOR-ALLOCATION SECTION
    Address     InitValue   InitFunction
---------------------------------------------------------------------------------------------

*********************************************************************************************
OBJECT-ALLOCATION SECTION
     Name               Module                 Addr   hSize   dSize     Ref    Section   RLIB
---------------------------------------------------------------------------------------------
MODULE:                 -- Events_c.obj --
- PROCEDURES:
     rtc_isr                                   C0E7     1BA     442       7   .text       
- VARIABLES:
     STRING.Hi.there..1                        C7EC       A      10       1   .rodata1    
MODULE:                 -- main_c.obj --
- PROCEDURES:
     main                                      C2A1      1F      31       1   .text       
- VARIABLES:
MODULE:                 -- rfm7x_c.obj --
- PROCEDURES:
     rfm7x_register_write                      C2C0      23      35      14   .text       
     rfm7x_register_read                       C2E3      17      23       9   .text       
     rfm7x_buffer_write                        C2FA      38      56       9   .text       
     rfm7x_bank                                C332      21      33       3   .text       
     rfm7x_init_bank1                          C353     125     293       3   .text       
     rfm7x_is_present                          C478      29      41       1   .text       
     rfm7x_mode_transmit                       C4A1      2A      42       2   .text       
     rfm7x_mode_powerdown                      C4CB       E      14       1   .text       
     rfm7x_channel                             C4D9       A      10       1   .text       
     rfm7x_transmit_fifo_full                  C4E3       E      14       1   .text       
     rfm7x_receive_address_p0                  C4F1       9       9       1   .text       
     rfm7x_receive_address_p1                  C4FA       9       9       1   .text       
     rfm7x_transmit_address                    C503       A      10       1   .text       
     rfm7x_channel_payload_size                C50D      48      72       2   .text       
     rfm7x_transmit_message_once               C555      16      22       1   .text       
     rfm7x_init                                C56B      7B     123       1   .text       
- VARIABLES:
     Bank0_Reg                                 C758      14      20       2   .rodata     
     rfm7x_RX0_Address                         C76C       5       5       3   .rodata     
     RFM70_Bank1_Reg0_13                       C771      38      56       1   .rodata     
     RFM73_Bank1_Reg0_13                       C7A9      38      56       1   .rodata     
     Bank1_Reg14                               C7E1       B      11       1   .rodata     
     module_type                                 A0       1       1       2   .bss        
     st                                          A1       1       1       1   .common     
     rfm7x_mode                                  A2       1       1       1   .common     
     rfm7x_current_channel                       A3       1       1       1   .common     
MODULE:                 -- rfm7x_tm_c.obj --
- PROCEDURES:
     RFM7x_CE                                  C5E6       3       3       4   .text       
     RFM7x_CSN                                 C5E9       3       3       7   .text       
     RFM7x_WAIT_MS                             C5EC      15      21       2   .text       
     rfm7x_SPI_RW                              C601       F      15       6   .text       
- VARIABLES:
MODULE:                 -- start08_c.obj --
- PROCEDURES:
     loadByte                                  C610       E      14       5   .text       
     Init                                      C61E      6D     109       1   .text       
     _Startup                                  C68B       9       9       1   .text       
- VARIABLES:
     _startupData                              C0D9       6       6       4   .startData  
- LABELS:
     __SEG_END_SSTACK                           125       0       0       1               
MODULE:                 -- Cpu_c.obj --
- PROCEDURES:
     Cpu_Interrupt                             C000       4       4      30   .init       
     Cpu_Delay100US                            C004      1C      28       2   .init       
     _EntryPoint                               C020      46      70       1   .init       
     PE_low_level_init                         C066      73     115       1   .init       
- VARIABLES:
     NVPROT_INIT                               FFBD       1       1       0   .abs_section_ffbd
     NVOPT_INIT                                FFBF       1       1       0   .abs_section_ffbf
     CCR_lock                                    A4       1       1       1   .common     
MODULE:                 -- IO_Map_c.obj --
- PROCEDURES:
- VARIABLES:
     _PTAD                                        0       1       1       2   .abs_section_0
     _PTADD                                       1       1       1       5   .abs_section_1
     _PTBD                                        2       1       1      15   .abs_section_2
     _PTBDD                                       3       1       1       9   .abs_section_3
     _PTCD                                        4       1       1       1   .abs_section_4
     _PTCDD                                       5       1       1       1   .abs_section_5
     _PTDD                                        6       1       1       1   .abs_section_6
     _PTDDD                                       7       1       1       1   .abs_section_7
     _PTED                                        8       1       1       1   .abs_section_8
     _PTEDD                                       9       1       1       1   .abs_section_9
     _KBI1SC                                      C       1       1       0   .abs_section_c
     _KBI1PE                                      D       1       1       0   .abs_section_d
     _KBI1ES                                      E       1       1       0   .abs_section_e
     _IRQSC                                       F       1       1       0   .abs_section_f
     _ADCSC1                                     10       1       1       0   .abs_section_10
     _ADCSC2                                     11       1       1       0   .abs_section_11
     _ADCCFG                                     16       1       1       0   .abs_section_16
     _APCTL1                                     17       1       1       0   .abs_section_17
     _APCTL2                                     18       1       1       0   .abs_section_18
     _ACMP1SC                                    1A       1       1       0   .abs_section_1a
     _ACMP2SC                                    1B       1       1       0   .abs_section_1b
     _SCI1C1                                     22       1       1       0   .abs_section_22
     _SCI1C2                                     23       1       1       0   .abs_section_23
     _SCI1S1                                     24       1       1       0   .abs_section_24
     _SCI1S2                                     25       1       1       0   .abs_section_25
     _SCI1C3                                     26       1       1       0   .abs_section_26
     _SCI1D                                      27       1       1       0   .abs_section_27
     _SPIC1                                      28       1       1       8   .abs_section_28
     _SPIC2                                      29       1       1       1   .abs_section_29
     _SPIBR                                      2A       1       1       1   .abs_section_2a
     _SPIS                                       2B       1       1       3   .abs_section_2b
     _SPID                                       2D       1       1       2   .abs_section_2d
     _IICA                                       30       1       1       0   .abs_section_30
     _IICF                                       31       1       1       0   .abs_section_31
     _IICC1                                      32       1       1       0   .abs_section_32
     _IICS                                       33       1       1       0   .abs_section_33
     _IICD                                       34       1       1       0   .abs_section_34
     _IICC2                                      35       1       1       0   .abs_section_35
     _ICSC1                                      38       1       1       1   .abs_section_38
     _ICSC2                                      39       1       1       1   .abs_section_39
     _ICSTRM                                     3A       1       1       1   .abs_section_3a
     _ICSSC                                      3B       1       1       5   .abs_section_3b
     _KBI2SC                                     3C       1       1       0   .abs_section_3c
     _KBI2PE                                     3D       1       1       0   .abs_section_3d
     _KBI2ES                                     3E       1       1       0   .abs_section_3e
     _TPM1SC                                     40       1       1       0   .abs_section_40
     _TPM1C0SC                                   45       1       1       0   .abs_section_45
     _TPM1C1SC                                   48       1       1       0   .abs_section_48
     _TPM1C2SC                                   4B       1       1       0   .abs_section_4b
     _TPM2SC                                     50       1       1       0   .abs_section_50
     _TPM2C0SC                                   55       1       1       0   .abs_section_55
     _TPM2C1SC                                   58       1       1       0   .abs_section_58
     _TPM2C2SC                                   5B       1       1       0   .abs_section_5b
     _TPM3SC                                     60       1       1       0   .abs_section_60
     _TPM3C0SC                                   65       1       1       0   .abs_section_65
     _TPM3C1SC                                   68       1       1       0   .abs_section_68
     _TPM3C2SC                                   6B       1       1       0   .abs_section_6b
     _TPM3C3SC                                   6E       1       1       0   .abs_section_6e
     _TPM3C4SC                                   71       1       1       0   .abs_section_71
     _TPM3C5SC                                   74       1       1       0   .abs_section_74
     _SRS                                      1800       1       1       0   .abs_section_1800
     _SBDFR                                    1801       1       1       0   .abs_section_1801
     _SOPT1                                    1802       1       1       1   .abs_section_1802
     _SOPT2                                    1803       1       1       1   .abs_section_1803
     _SPMSC1                                   1808       1       1       1   .abs_section_1808
     _SPMSC2                                   1809       1       1       1   .abs_section_1809
     _SPMSC3                                   180B       1       1       2   .abs_section_180b
     _SCGC1                                    180E       1       1       1   .abs_section_180e
     _SCGC2                                    180F       1       1       1   .abs_section_180f
     _DBGCAX                                   1818       1       1       0   .abs_section_1818
     _DBGCBX                                   1819       1       1       0   .abs_section_1819
     _DBGCCX                                   181A       1       1       0   .abs_section_181a
     _DBGC                                     181C       1       1       0   .abs_section_181c
     _DBGT                                     181D       1       1       0   .abs_section_181d
     _DBGS                                     181E       1       1       0   .abs_section_181e
     _DBGCNT                                   181F       1       1       0   .abs_section_181f
     _FCDIV                                    1820       1       1       0   .abs_section_1820
     _FOPT                                     1821       1       1       0   .abs_section_1821
     _FCNFG                                    1823       1       1       0   .abs_section_1823
     _FPROT                                    1824       1       1       0   .abs_section_1824
     _FSTAT                                    1825       1       1       0   .abs_section_1825
     _FCMD                                     1826       1       1       0   .abs_section_1826
     _RTCSC                                    1830       1       1       4   .abs_section_1830
     _RTCCNT                                   1831       1       1       0   .abs_section_1831
     _RTCMOD                                   1832       1       1       1   .abs_section_1832
     _PTAPE                                    1840       1       1       4   .abs_section_1840
     _PTASE                                    1841       1       1       1   .abs_section_1841
     _PTADS                                    1842       1       1       1   .abs_section_1842
     _PTBPE                                    1844       1       1       7   .abs_section_1844
     _PTBSE                                    1845       1       1       1   .abs_section_1845
     _PTBDS                                    1846       1       1       1   .abs_section_1846
     _PTCPE                                    1848       1       1       0   .abs_section_1848
     _PTCSE                                    1849       1       1       1   .abs_section_1849
     _PTCDS                                    184A       1       1       1   .abs_section_184a
     _PTDPE                                    184C       1       1       0   .abs_section_184c
     _PTDSE                                    184D       1       1       1   .abs_section_184d
     _PTDDS                                    184E       1       1       1   .abs_section_184e
     _PTEPE                                    1850       1       1       0   .abs_section_1850
     _PTESE                                    1851       1       1       0   .abs_section_1851
     _PTEDS                                    1852       1       1       0   .abs_section_1852
     _SCI2C1                                   1872       1       1       0   .abs_section_1872
     _SCI2C2                                   1873       1       1       0   .abs_section_1873
     _SCI2S1                                   1874       1       1       0   .abs_section_1874
     _SCI2S2                                   1875       1       1       0   .abs_section_1875
     _SCI2C3                                   1876       1       1       0   .abs_section_1876
     _SCI2D                                    1877       1       1       0   .abs_section_1877
     _ADCR                                       12       2       2       0   .abs_section_12
     _ADCCV                                      14       2       2       0   .abs_section_14
     _SCI1BD                                     20       2       2       0   .abs_section_20
     _TPM1CNT                                    41       2       2       0   .abs_section_41
     _TPM1MOD                                    43       2       2       0   .abs_section_43
     _TPM1C0V                                    46       2       2       0   .abs_section_46
     _TPM1C1V                                    49       2       2       0   .abs_section_49
     _TPM1C2V                                    4C       2       2       0   .abs_section_4c
     _TPM2CNT                                    51       2       2       0   .abs_section_51
     _TPM2MOD                                    53       2       2       0   .abs_section_53
     _TPM2C0V                                    56       2       2       0   .abs_section_56
     _TPM2C1V                                    59       2       2       0   .abs_section_59
     _TPM2C2V                                    5C       2       2       0   .abs_section_5c
     _TPM3CNT                                    61       2       2       0   .abs_section_61
     _TPM3MOD                                    63       2       2       0   .abs_section_63
     _TPM3C0V                                    66       2       2       0   .abs_section_66
     _TPM3C1V                                    69       2       2       0   .abs_section_69
     _TPM3C2V                                    6C       2       2       0   .abs_section_6c
     _TPM3C3V                                    6F       2       2       0   .abs_section_6f
     _TPM3C4V                                    72       2       2       0   .abs_section_72
     _TPM3C5V                                    75       2       2       0   .abs_section_75
     _SDID                                     1806       2       2       0   .abs_section_1806
     _DBGCA                                    1810       2       2       0   .abs_section_1810
     _DBGCB                                    1812       2       2       0   .abs_section_1812
     _DBGCC                                    1814       2       2       0   .abs_section_1814
     _DBGF                                     1816       2       2       0   .abs_section_1816
     _SCI2BD                                   1870       2       2       0   .abs_section_1870
MODULE:                 -- RTC_c.obj --
- PROCEDURES:
     RTC_Init                                  C694       B      11       1   .text       
- VARIABLES:
MODULE:                 -- SPI_c.obj --
- PROCEDURES:
     SPI_Init                                  C69F       E      14       1   .text       
- VARIABLES:
MODULE:                 -- Vectors_c.obj --
- PROCEDURES:
- VARIABLES:
     _vect                                     FFC0      40      64       0   .abs_section_ffc0
MODULE:                 -- led_c.obj --
- PROCEDURES:
     led_PutVal                                C6AD       D      13       3   .text       
- VARIABLES:
MODULE:                 -- rf_ce_c.obj --
- PROCEDURES:
     rf_ce_PutVal                              C6BA       D      13       1   .text       
- VARIABLES:
MODULE:                 -- rf_nss_c.obj --
- PROCEDURES:
     rf_nss_PutVal                             C6C7       D      13       1   .text       
- VARIABLES:
MODULE:                 -- rtshc08.o (ansiis.lib) --
- PROCEDURES:
     _ENTER_UNARY_L                            C6D4      29      41       1   .text       
     _IMUL_STAR08                              C6FD      27      39       1   .text       
     _LLSR                                     C724      16      22       3   .text       
     _PUSH_CC                                  C73A       F      15       1   .text       
     _POP_CC                                   C749       F      15       1   .text       
- VARIABLES:

*********************************************************************************************
MODULE STATISTIC
  Name                                      Data   Code  Const
---------------------------------------------------------------------------------------------
  Events_c.obj                                 0    442     10
  main_c.obj                                   0     31      0
  rfm7x_c.obj                                  4    806    148
  rfm7x_tm_c.obj                               0     42      0
  start08_c.obj                                0    132      0
  Cpu_c.obj                                    1    217      2
  IO_Map_c.obj                               160      0      0
  RTC_c.obj                                    0     11      0
  SPI_c.obj                                    0     14      0
  Vectors_c.obj                                0      0     64
  led_c.obj                                    0     13      0
  rf_ce_c.obj                                  0     13      0
  rf_nss_c.obj                                 0     13      0
  rtshc08.o (ansiis.lib)                       0    132      0
  other                                      128     14      2

*********************************************************************************************
SECTION USE IN OBJECT-ALLOCATION SECTION
---------------------------------------------------------------------------------------------
SECTION: ".text"
  rtc_isr main rfm7x_register_write rfm7x_register_read rfm7x_buffer_write 
  rfm7x_bank rfm7x_init_bank1 rfm7x_is_present rfm7x_mode_transmit 
  rfm7x_mode_powerdown rfm7x_channel rfm7x_transmit_fifo_full 
  rfm7x_receive_address_p0 rfm7x_receive_address_p1 rfm7x_transmit_address 
  rfm7x_channel_payload_size rfm7x_transmit_message_once rfm7x_init RFM7x_CE 
  RFM7x_CSN RFM7x_WAIT_MS rfm7x_SPI_RW loadByte Init _Startup RTC_Init SPI_Init 
  led_PutVal rf_ce_PutVal rf_nss_PutVal _ENTER_UNARY_L _IMUL_STAR08 _LLSR 
  _PUSH_CC _POP_CC 
SECTION: ".bss"
  module_type 
SECTION: ".init"
  Cpu_Interrupt Cpu_Delay100US _EntryPoint PE_low_level_init 
SECTION: ".rodata"
  Bank0_Reg rfm7x_RX0_Address RFM70_Bank1_Reg0_13 RFM73_Bank1_Reg0_13 
  Bank1_Reg14 
SECTION: ".rodata1"
  STRING.Hi.there..1 
SECTION: ".common"
  st rfm7x_mode rfm7x_current_channel CCR_lock 
SECTION: ".abs_section_ffbd"
  NVPROT_INIT 
SECTION: ".abs_section_ffbf"
  NVOPT_INIT 
SECTION: ".abs_section_0"
  _PTAD 
SECTION: ".abs_section_1"
  _PTADD 
SECTION: ".abs_section_2"
  _PTBD 
SECTION: ".abs_section_3"
  _PTBDD 
SECTION: ".abs_section_4"
  _PTCD 
SECTION: ".abs_section_5"
  _PTCDD 
SECTION: ".abs_section_6"
  _PTDD 
SECTION: ".abs_section_7"
  _PTDDD 
SECTION: ".abs_section_8"
  _PTED 
SECTION: ".abs_section_9"
  _PTEDD 
SECTION: ".abs_section_c"
  _KBI1SC 
SECTION: ".abs_section_d"
  _KBI1PE 
SECTION: ".abs_section_e"
  _KBI1ES 
SECTION: ".abs_section_f"
  _IRQSC 
SECTION: ".abs_section_10"
  _ADCSC1 
SECTION: ".abs_section_11"
  _ADCSC2 
SECTION: ".abs_section_16"
  _ADCCFG 
SECTION: ".abs_section_17"
  _APCTL1 
SECTION: ".abs_section_18"
  _APCTL2 
SECTION: ".abs_section_1a"
  _ACMP1SC 
SECTION: ".abs_section_1b"
  _ACMP2SC 
SECTION: ".abs_section_22"
  _SCI1C1 
SECTION: ".abs_section_23"
  _SCI1C2 
SECTION: ".abs_section_24"
  _SCI1S1 
SECTION: ".abs_section_25"
  _SCI1S2 
SECTION: ".abs_section_26"
  _SCI1C3 
SECTION: ".abs_section_27"
  _SCI1D 
SECTION: ".abs_section_28"
  _SPIC1 
SECTION: ".abs_section_29"
  _SPIC2 
SECTION: ".abs_section_2a"
  _SPIBR 
SECTION: ".abs_section_2b"
  _SPIS 
SECTION: ".abs_section_2d"
  _SPID 
SECTION: ".abs_section_30"
  _IICA 
SECTION: ".abs_section_31"
  _IICF 
SECTION: ".abs_section_32"
  _IICC1 
SECTION: ".abs_section_33"
  _IICS 
SECTION: ".abs_section_34"
  _IICD 
SECTION: ".abs_section_35"
  _IICC2 
SECTION: ".abs_section_38"
  _ICSC1 
SECTION: ".abs_section_39"
  _ICSC2 
SECTION: ".abs_section_3a"
  _ICSTRM 
SECTION: ".abs_section_3b"
  _ICSSC 
SECTION: ".abs_section_3c"
  _KBI2SC 
SECTION: ".abs_section_3d"
  _KBI2PE 
SECTION: ".abs_section_3e"
  _KBI2ES 
SECTION: ".abs_section_40"
  _TPM1SC 
SECTION: ".abs_section_45"
  _TPM1C0SC 
SECTION: ".abs_section_48"
  _TPM1C1SC 
SECTION: ".abs_section_4b"
  _TPM1C2SC 
SECTION: ".abs_section_50"
  _TPM2SC 
SECTION: ".abs_section_55"
  _TPM2C0SC 
SECTION: ".abs_section_58"
  _TPM2C1SC 
SECTION: ".abs_section_5b"
  _TPM2C2SC 
SECTION: ".abs_section_60"
  _TPM3SC 
SECTION: ".abs_section_65"
  _TPM3C0SC 
SECTION: ".abs_section_68"
  _TPM3C1SC 
SECTION: ".abs_section_6b"
  _TPM3C2SC 
SECTION: ".abs_section_6e"
  _TPM3C3SC 
SECTION: ".abs_section_71"
  _TPM3C4SC 
SECTION: ".abs_section_74"
  _TPM3C5SC 
SECTION: ".abs_section_1800"
  _SRS 
SECTION: ".abs_section_1801"
  _SBDFR 
SECTION: ".abs_section_1802"
  _SOPT1 
SECTION: ".abs_section_1803"
  _SOPT2 
SECTION: ".abs_section_1808"
  _SPMSC1 
SECTION: ".abs_section_1809"
  _SPMSC2 
SECTION: ".abs_section_180b"
  _SPMSC3 
SECTION: ".abs_section_180e"
  _SCGC1 
SECTION: ".abs_section_180f"
  _SCGC2 
SECTION: ".abs_section_1818"
  _DBGCAX 
SECTION: ".abs_section_1819"
  _DBGCBX 
SECTION: ".abs_section_181a"
  _DBGCCX 
SECTION: ".abs_section_181c"
  _DBGC 
SECTION: ".abs_section_181d"
  _DBGT 
SECTION: ".abs_section_181e"
  _DBGS 
SECTION: ".abs_section_181f"
  _DBGCNT 
SECTION: ".abs_section_1820"
  _FCDIV 
SECTION: ".abs_section_1821"
  _FOPT 
SECTION: ".abs_section_1823"
  _FCNFG 
SECTION: ".abs_section_1824"
  _FPROT 
SECTION: ".abs_section_1825"
  _FSTAT 
SECTION: ".abs_section_1826"
  _FCMD 
SECTION: ".abs_section_1830"
  _RTCSC 
SECTION: ".abs_section_1831"
  _RTCCNT 
SECTION: ".abs_section_1832"
  _RTCMOD 
SECTION: ".abs_section_1840"
  _PTAPE 
SECTION: ".abs_section_1841"
  _PTASE 
SECTION: ".abs_section_1842"
  _PTADS 
SECTION: ".abs_section_1844"
  _PTBPE 
SECTION: ".abs_section_1845"
  _PTBSE 
SECTION: ".abs_section_1846"
  _PTBDS 
SECTION: ".abs_section_1848"
  _PTCPE 
SECTION: ".abs_section_1849"
  _PTCSE 
SECTION: ".abs_section_184a"
  _PTCDS 
SECTION: ".abs_section_184c"
  _PTDPE 
SECTION: ".abs_section_184d"
  _PTDSE 
SECTION: ".abs_section_184e"
  _PTDDS 
SECTION: ".abs_section_1850"
  _PTEPE 
SECTION: ".abs_section_1851"
  _PTESE 
SECTION: ".abs_section_1852"
  _PTEDS 
SECTION: ".abs_section_1872"
  _SCI2C1 
SECTION: ".abs_section_1873"
  _SCI2C2 
SECTION: ".abs_section_1874"
  _SCI2S1 
SECTION: ".abs_section_1875"
  _SCI2S2 
SECTION: ".abs_section_1876"
  _SCI2C3 
SECTION: ".abs_section_1877"
  _SCI2D 
SECTION: ".abs_section_12"
  _ADCR 
SECTION: ".abs_section_14"
  _ADCCV 
SECTION: ".abs_section_20"
  _SCI1BD 
SECTION: ".abs_section_41"
  _TPM1CNT 
SECTION: ".abs_section_43"
  _TPM1MOD 
SECTION: ".abs_section_46"
  _TPM1C0V 
SECTION: ".abs_section_49"
  _TPM1C1V 
SECTION: ".abs_section_4c"
  _TPM1C2V 
SECTION: ".abs_section_51"
  _TPM2CNT 
SECTION: ".abs_section_53"
  _TPM2MOD 
SECTION: ".abs_section_56"
  _TPM2C0V 
SECTION: ".abs_section_59"
  _TPM2C1V 
SECTION: ".abs_section_5c"
  _TPM2C2V 
SECTION: ".abs_section_61"
  _TPM3CNT 
SECTION: ".abs_section_63"
  _TPM3MOD 
SECTION: ".abs_section_66"
  _TPM3C0V 
SECTION: ".abs_section_69"
  _TPM3C1V 
SECTION: ".abs_section_6c"
  _TPM3C2V 
SECTION: ".abs_section_6f"
  _TPM3C3V 
SECTION: ".abs_section_72"
  _TPM3C4V 
SECTION: ".abs_section_75"
  _TPM3C5V 
SECTION: ".abs_section_1806"
  _SDID 
SECTION: ".abs_section_1810"
  _DBGCA 
SECTION: ".abs_section_1812"
  _DBGCB 
SECTION: ".abs_section_1814"
  _DBGCC 
SECTION: ".abs_section_1816"
  _DBGF 
SECTION: ".abs_section_1870"
  _SCI2BD 
SECTION: ".abs_section_ffc0"
  _vect 

*********************************************************************************************
OBJECT LIST SORTED BY ADDRESS
     Name                                      Addr   hSize   dSize     Ref    Section   RLIB
---------------------------------------------------------------------------------------------
     _PTAD                                        0       1       1       2   .abs_section_0
     _PTADD                                       1       1       1       5   .abs_section_1
     _PTBD                                        2       1       1      15   .abs_section_2
     _PTBDD                                       3       1       1       9   .abs_section_3
     _PTCD                                        4       1       1       1   .abs_section_4
     _PTCDD                                       5       1       1       1   .abs_section_5
     _PTDD                                        6       1       1       1   .abs_section_6
     _PTDDD                                       7       1       1       1   .abs_section_7
     _PTED                                        8       1       1       1   .abs_section_8
     _PTEDD                                       9       1       1       1   .abs_section_9
     _KBI1SC                                      C       1       1       0   .abs_section_c
     _KBI1PE                                      D       1       1       0   .abs_section_d
     _KBI1ES                                      E       1       1       0   .abs_section_e
     _IRQSC                                       F       1       1       0   .abs_section_f
     _ADCSC1                                     10       1       1       0   .abs_section_10
     _ADCSC2                                     11       1       1       0   .abs_section_11
     _ADCR                                       12       2       2       0   .abs_section_12
     _ADCCV                                      14       2       2       0   .abs_section_14
     _ADCCFG                                     16       1       1       0   .abs_section_16
     _APCTL1                                     17       1       1       0   .abs_section_17
     _APCTL2                                     18       1       1       0   .abs_section_18
     _ACMP1SC                                    1A       1       1       0   .abs_section_1a
     _ACMP2SC                                    1B       1       1       0   .abs_section_1b
     _SCI1BD                                     20       2       2       0   .abs_section_20
     _SCI1C1                                     22       1       1       0   .abs_section_22
     _SCI1C2                                     23       1       1       0   .abs_section_23
     _SCI1S1                                     24       1       1       0   .abs_section_24
     _SCI1S2                                     25       1       1       0   .abs_section_25
     _SCI1C3                                     26       1       1       0   .abs_section_26
     _SCI1D                                      27       1       1       0   .abs_section_27
     _SPIC1                                      28       1       1       8   .abs_section_28
     _SPIC2                                      29       1       1       1   .abs_section_29
     _SPIBR                                      2A       1       1       1   .abs_section_2a
     _SPIS                                       2B       1       1       3   .abs_section_2b
     _SPID                                       2D       1       1       2   .abs_section_2d
     _IICA                                       30       1       1       0   .abs_section_30
     _IICF                                       31       1       1       0   .abs_section_31
     _IICC1                                      32       1       1       0   .abs_section_32
     _IICS                                       33       1       1       0   .abs_section_33
     _IICD                                       34       1       1       0   .abs_section_34
     _IICC2                                      35       1       1       0   .abs_section_35
     _ICSC1                                      38       1       1       1   .abs_section_38
     _ICSC2                                      39       1       1       1   .abs_section_39
     _ICSTRM                                     3A       1       1       1   .abs_section_3a
     _ICSSC                                      3B       1       1       5   .abs_section_3b
     _KBI2SC                                     3C       1       1       0   .abs_section_3c
     _KBI2PE                                     3D       1       1       0   .abs_section_3d
     _KBI2ES                                     3E       1       1       0   .abs_section_3e
     _TPM1SC                                     40       1       1       0   .abs_section_40
     _TPM1CNT                                    41       2       2       0   .abs_section_41
     _TPM1MOD                                    43       2       2       0   .abs_section_43
     _TPM1C0SC                                   45       1       1       0   .abs_section_45
     _TPM1C0V                                    46       2       2       0   .abs_section_46
     _TPM1C1SC                                   48       1       1       0   .abs_section_48
     _TPM1C1V                                    49       2       2       0   .abs_section_49
     _TPM1C2SC                                   4B       1       1       0   .abs_section_4b
     _TPM1C2V                                    4C       2       2       0   .abs_section_4c
     _TPM2SC                                     50       1       1       0   .abs_section_50
     _TPM2CNT                                    51       2       2       0   .abs_section_51
     _TPM2MOD                                    53       2       2       0   .abs_section_53
     _TPM2C0SC                                   55       1       1       0   .abs_section_55
     _TPM2C0V                                    56       2       2       0   .abs_section_56
     _TPM2C1SC                                   58       1       1       0   .abs_section_58
     _TPM2C1V                                    59       2       2       0   .abs_section_59
     _TPM2C2SC                                   5B       1       1       0   .abs_section_5b
     _TPM2C2V                                    5C       2       2       0   .abs_section_5c
     _TPM3SC                                     60       1       1       0   .abs_section_60
     _TPM3CNT                                    61       2       2       0   .abs_section_61
     _TPM3MOD                                    63       2       2       0   .abs_section_63
     _TPM3C0SC                                   65       1       1       0   .abs_section_65
     _TPM3C0V                                    66       2       2       0   .abs_section_66
     _TPM3C1SC                                   68       1       1       0   .abs_section_68
     _TPM3C1V                                    69       2       2       0   .abs_section_69
     _TPM3C2SC                                   6B       1       1       0   .abs_section_6b
     _TPM3C2V                                    6C       2       2       0   .abs_section_6c
     _TPM3C3SC                                   6E       1       1       0   .abs_section_6e
     _TPM3C3V                                    6F       2       2       0   .abs_section_6f
     _TPM3C4SC                                   71       1       1       0   .abs_section_71
     _TPM3C4V                                    72       2       2       0   .abs_section_72
     _TPM3C5SC                                   74       1       1       0   .abs_section_74
     _TPM3C5V                                    75       2       2       0   .abs_section_75
     module_type                                 A0       1       1       2   .bss        
     st                                          A1       1       1       1   .common     
     rfm7x_mode                                  A2       1       1       1   .common     
     rfm7x_current_channel                       A3       1       1       1   .common     
     CCR_lock                                    A4       1       1       1   .common     
     _SRS                                      1800       1       1       0   .abs_section_1800
     _SBDFR                                    1801       1       1       0   .abs_section_1801
     _SOPT1                                    1802       1       1       1   .abs_section_1802
     _SOPT2                                    1803       1       1       1   .abs_section_1803
     _SDID                                     1806       2       2       0   .abs_section_1806
     _SPMSC1                                   1808       1       1       1   .abs_section_1808
     _SPMSC2                                   1809       1       1       1   .abs_section_1809
     _SPMSC3                                   180B       1       1       2   .abs_section_180b
     _SCGC1                                    180E       1       1       1   .abs_section_180e
     _SCGC2                                    180F       1       1       1   .abs_section_180f
     _DBGCA                                    1810       2       2       0   .abs_section_1810
     _DBGCB                                    1812       2       2       0   .abs_section_1812
     _DBGCC                                    1814       2       2       0   .abs_section_1814
     _DBGF                                     1816       2       2       0   .abs_section_1816
     _DBGCAX                                   1818       1       1       0   .abs_section_1818
     _DBGCBX                                   1819       1       1       0   .abs_section_1819
     _DBGCCX                                   181A       1       1       0   .abs_section_181a
     _DBGC                                     181C       1       1       0   .abs_section_181c
     _DBGT                                     181D       1       1       0   .abs_section_181d
     _DBGS                                     181E       1       1       0   .abs_section_181e
     _DBGCNT                                   181F       1       1       0   .abs_section_181f
     _FCDIV                                    1820       1       1       0   .abs_section_1820
     _FOPT                                     1821       1       1       0   .abs_section_1821
     _FCNFG                                    1823       1       1       0   .abs_section_1823
     _FPROT                                    1824       1       1       0   .abs_section_1824
     _FSTAT                                    1825       1       1       0   .abs_section_1825
     _FCMD                                     1826       1       1       0   .abs_section_1826
     _RTCSC                                    1830       1       1       4   .abs_section_1830
     _RTCCNT                                   1831       1       1       0   .abs_section_1831
     _RTCMOD                                   1832       1       1       1   .abs_section_1832
     _PTAPE                                    1840       1       1       4   .abs_section_1840
     _PTASE                                    1841       1       1       1   .abs_section_1841
     _PTADS                                    1842       1       1       1   .abs_section_1842
     _PTBPE                                    1844       1       1       7   .abs_section_1844
     _PTBSE                                    1845       1       1       1   .abs_section_1845
     _PTBDS                                    1846       1       1       1   .abs_section_1846
     _PTCPE                                    1848       1       1       0   .abs_section_1848
     _PTCSE                                    1849       1       1       1   .abs_section_1849
     _PTCDS                                    184A       1       1       1   .abs_section_184a
     _PTDPE                                    184C       1       1       0   .abs_section_184c
     _PTDSE                                    184D       1       1       1   .abs_section_184d
     _PTDDS                                    184E       1       1       1   .abs_section_184e
     _PTEPE                                    1850       1       1       0   .abs_section_1850
     _PTESE                                    1851       1       1       0   .abs_section_1851
     _PTEDS                                    1852       1       1       0   .abs_section_1852
     _SCI2BD                                   1870       2       2       0   .abs_section_1870
     _SCI2C1                                   1872       1       1       0   .abs_section_1872
     _SCI2C2                                   1873       1       1       0   .abs_section_1873
     _SCI2S1                                   1874       1       1       0   .abs_section_1874
     _SCI2S2                                   1875       1       1       0   .abs_section_1875
     _SCI2C3                                   1876       1       1       0   .abs_section_1876
     _SCI2D                                    1877       1       1       0   .abs_section_1877
     Cpu_Interrupt                             C000       4       4      30   .init       
     Cpu_Delay100US                            C004      1C      28       2   .init       
     _EntryPoint                               C020      46      70       1   .init       
     PE_low_level_init                         C066      73     115       1   .init       
     rtc_isr                                   C0E7     1BA     442       7   .text       
     main                                      C2A1      1F      31       1   .text       
     rfm7x_register_write                      C2C0      23      35      14   .text       
     rfm7x_register_read                       C2E3      17      23       9   .text       
     rfm7x_buffer_write                        C2FA      38      56       9   .text       
     rfm7x_bank                                C332      21      33       3   .text       
     rfm7x_init_bank1                          C353     125     293       3   .text       
     rfm7x_is_present                          C478      29      41       1   .text       
     rfm7x_mode_transmit                       C4A1      2A      42       2   .text       
     rfm7x_mode_powerdown                      C4CB       E      14       1   .text       
     rfm7x_channel                             C4D9       A      10       1   .text       
     rfm7x_transmit_fifo_full                  C4E3       E      14       1   .text       
     rfm7x_receive_address_p0                  C4F1       9       9       1   .text       
     rfm7x_receive_address_p1                  C4FA       9       9       1   .text       
     rfm7x_transmit_address                    C503       A      10       1   .text       
     rfm7x_channel_payload_size                C50D      48      72       2   .text       
     rfm7x_transmit_message_once               C555      16      22       1   .text       
     rfm7x_init                                C56B      7B     123       1   .text       
     RFM7x_CE                                  C5E6       3       3       4   .text       
     RFM7x_CSN                                 C5E9       3       3       7   .text       
     RFM7x_WAIT_MS                             C5EC      15      21       2   .text       
     rfm7x_SPI_RW                              C601       F      15       6   .text       
     loadByte                                  C610       E      14       5   .text       
     Init                                      C61E      6D     109       1   .text       
     _Startup                                  C68B       9       9       1   .text       
     RTC_Init                                  C694       B      11       1   .text       
     SPI_Init                                  C69F       E      14       1   .text       
     led_PutVal                                C6AD       D      13       3   .text       
     rf_ce_PutVal                              C6BA       D      13       1   .text       
     rf_nss_PutVal                             C6C7       D      13       1   .text       
     _ENTER_UNARY_L                            C6D4      29      41       1   .text       
     _IMUL_STAR08                              C6FD      27      39       1   .text       
     _LLSR                                     C724      16      22       3   .text       
     _PUSH_CC                                  C73A       F      15       1   .text       
     _POP_CC                                   C749       F      15       1   .text       
     Bank0_Reg                                 C758      14      20       2   .rodata     
     rfm7x_RX0_Address                         C76C       5       5       3   .rodata     
     RFM70_Bank1_Reg0_13                       C771      38      56       1   .rodata     
     RFM73_Bank1_Reg0_13                       C7A9      38      56       1   .rodata     
     Bank1_Reg14                               C7E1       B      11       1   .rodata     
     STRING.Hi.there..1                        C7EC       A      10       1   .rodata1    
     NVPROT_INIT                               FFBD       1       1       0   .abs_section_ffbd
     NVOPT_INIT                                FFBF       1       1       0   .abs_section_ffbf
     _vect                                     FFC0      40      64       0   .abs_section_ffc0

*********************************************************************************************
UNUSED-OBJECTS SECTION
---------------------------------------------------------------------------------------------
NOT USED PROCEDURES
rfm7x_c.obj:
  rfm7x_buffer_read rfm7x_clear_irq rfm7x_mode_receive rfm7x_mode_standby 
  rfm7x_air_data_rate rfm7x_crc_length rfm7x_address_length 
  rfm7x_receive_fifo_empty rfm7x_receive_address_pn rfm7x_retransmit_count 
  rfm7x_lost_packets_count rfm7x_pipe_autoack rfm7x_pipe_enable 
  rfm7x_lost_packets_reset rfm7x_retransmit_delay_attempts rfm7x_lna_high 
  rfm7x_lna_low rfm7x_power rfm7x_transmit_message rfm7x_receive_next_pipe 
  rfm7x_receive_next_length rfm7x_receive 
rtshc08.o (ansiis.lib):
  _PUSH_ARGS_L _PUSH_ARGS_D _ENTER_UNARY_L64 _ENTER_UNARY_L64_4 
  _ENTER_BINARY_L _ENTER_BINARY_L_RC _ENTER_BINARY_L_LC _ENTER_BINARY_L64 
  _ENTER_BINARY_L64_LC _ENTER_BINARY_L64_RC _IDIVMOD _SPLITSIGN 
  _LADD_k_is_k_plus_j _k_is_k_plus_j_l _k_is_k_plus_j_i _LSUB_k_is_k_minus_j 
  _LAND_k_is_k_and_j _LOR_k_is_k_or_j _LXOR_k_is_k_xor_j _LMUL_k_is_k_mul_j 
  _LDIVMOD _NEG_L_HX _ABS_L_HX _SPLITSIGN_L _LMODU_k_is_k_mod_j 
  _LDIVU_k_is_k_div_j _LMODS_k_is_k_mod_j _LDIVS_k_is_k_div_j _LCMP_k_rel_j 
  _CMP24_k_rel_j _BMULS _BDIVS _BMODS _IDIVS_STAR08 _IDIVU_STAR08 _IMODS_STAR08 
  _IMODU_STAR08 _IDIVU_8 _IMODU_8 _IASR _ILSR _ILSL _ICMP _LINC _LDEC _LNEG 
  _LNOT _LADD _LADD_RC _LSUB _LSUB_LC _LSUB_RC _LAND _LAND_RC _LOR _LOR_RC 
  _LXOR _LXOR_RC _LMUL _LMUL_RC _LDIVS _LDIVS_LC _LDIVS_RC _LDIVU _LDIVU_LC 
  _LDIVU_RC _LMODS _LMODS_LC _LMODS_RC _LMODU _LMODU_LC _LMODU_RC _LASR _LLSL 
  _LCMP _LCMP_RC _PUSH_ARGS_24 _ENTER_BINARY_24_RC _ENTER_BINARY_24 _CMP24 
  _CMP24_RC _COPY _COPY_L _POP32 _POP64 _STORE32 _STORE64 _SEXT8_32 _SEXT16_32 
  _CALL_STAR08 _CALL_STAR08_FAR _Jump_Table_Addr _Jump_Table_Offset 
  _Jump_Table_Header_Addr _Jump_Table_Header_Offset _Search_Table_16_Addr 
  _Search_Table_16_Offset _Search_Table_8_Addr _Search_Table_8_Offset 
  _CONV_FAR_TO_NEAR _CONV_FAR_TO_LINEAR _CONV_LINEAR_TO_FAR 
NOT USED VARIABLES
Cpu_c.obj:
  CCR_reg 
rtshc08.o (ansiis.lib):
  _PowOfTwo_8 _PowOfTwo_16 _PowOfTwo_32 errno 

*********************************************************************************************
COPYDOWN SECTION
---------------------------------------------------------------------------------------------
------- ROM-ADDRESS: 0xC7F6 ---- SIZE       2 ---
Filling bytes inserted
 0000

*********************************************************************************************
OBJECT-DEPENDENCIES SECTION
---------------------------------------------------------------------------------------------
_EntryPoint               USES _SOPT1 _SOPT2 _SPMSC1 _SPMSC2 _SPMSC3 _ICSTRM 
                                _ICSSC _ICSC1 _ICSC2 _Startup 
PE_low_level_init         USES _SCGC1 _SCGC2 _PTBD _PTBPE _PTBDD _PTAPE _PTAD 
                                _PTADD _PTASE _PTBSE _PTCSE _PTDSE _PTADS _PTBDS 
                                _PTCDS _PTDDS _PTDD _PTDDD _PTCD _PTCDD _PTED _PTEDD 
                                SPI_Init RTC_Init CCR_lock 
rtc_isr                   USES _RTCSC _SPIC1 _PTADD rtc_isr _PTAPE _PTBPE 
                                rfm7x_mode_transmit STRING.Hi.there..1 rfm7x_transmit_message_once 
                                rfm7x_transmit_fifo_full rfm7x_mode_powerdown _PTBDD _PTBD led_PutVal 
                                Cpu_Delay100US _PUSH_CC _POP_CC 
main                      USES PE_low_level_init rfm7x_init rfm7x_is_present 
                                rfm7x_channel rfm7x_mode_transmit led_PutVal 
rfm7x_register_write      USES RFM7x_CSN rfm7x_SPI_RW 
rfm7x_register_read       USES RFM7x_CSN rfm7x_SPI_RW 
rfm7x_buffer_write        USES RFM7x_CSN rfm7x_SPI_RW 
rfm7x_bank                USES rfm7x_register_read st rfm7x_register_write 
rfm7x_init_bank1          USES RFM70_Bank1_Reg0_13 module_type 
                                RFM73_Bank1_Reg0_13 rfm7x_bank _LLSR rfm7x_init_bank1 
                                rfm7x_buffer_write Bank1_Reg14 
rfm7x_is_present          USES rfm7x_register_read rfm7x_register_write 
rfm7x_mode_transmit       USES rfm7x_mode rfm7x_register_write 
                                rfm7x_register_read RFM7x_CE 
rfm7x_mode_powerdown      USES RFM7x_CE rfm7x_register_read 
                                rfm7x_register_write 
rfm7x_channel             USES rfm7x_current_channel rfm7x_register_write 
rfm7x_transmit_fifo_full  USES rfm7x_register_read 
rfm7x_receive_address_p0  USES rfm7x_buffer_write 
rfm7x_receive_address_p1  USES rfm7x_buffer_write 
rfm7x_transmit_address    USES rfm7x_buffer_write 
rfm7x_channel_payload_size USES rfm7x_register_read rfm7x_register_write 
rfm7x_transmit_message_once USES rfm7x_buffer_write 
rfm7x_init                USES module_type RFM7x_CE RFM7x_CSN RFM7x_WAIT_MS 
                                rfm7x_bank Bank0_Reg rfm7x_register_write 
                                rfm7x_RX0_Address rfm7x_receive_address_p0 
                                rfm7x_receive_address_p1 rfm7x_transmit_address rfm7x_register_read 
                                rfm7x_channel_payload_size rfm7x_init_bank1 
RFM7x_CE                  USES rf_ce_PutVal 
RFM7x_CSN                 USES rf_nss_PutVal 
RFM7x_WAIT_MS             USES _IMUL_STAR08 Cpu_Delay100US 
rfm7x_SPI_RW              USES _SPIS _SPID 
Init                      USES _startupData loadByte 
_Startup                  USES __SEG_END_SSTACK Init main 
RTC_Init                  USES _RTCMOD _RTCSC 
SPI_Init                  USES _SPIC1 _SPIC2 _SPIBR _SPIS 
led_PutVal                USES _PTBD 
rf_ce_PutVal              USES _PTBD 
rf_nss_PutVal             USES _PTBD 
_LLSR                     USES _ENTER_UNARY_L 
_vect                     USES Cpu_Interrupt rtc_isr _EntryPoint 

*********************************************************************************************
DEPENDENCY TREE
*********************************************************************************************
 main and _Startup Group
 | 
 +- main                
 |  | 
 |  +- PE_low_level_init   
 |  |  | 
 |  |  +- SPI_Init            
 |  |  |    
 |  |  +- RTC_Init            
 |  |       
 |  +- rfm7x_init          
 |  |  | 
 |  |  +- RFM7x_CE            
 |  |  |  | 
 |  |  |  +- rf_ce_PutVal        
 |  |  |       
 |  |  +- RFM7x_CSN           
 |  |  |  | 
 |  |  |  +- rf_nss_PutVal       
 |  |  |       
 |  |  +- RFM7x_WAIT_MS       
 |  |  |  | 
 |  |  |  +- _IMUL_STAR08        
 |  |  |  |    
 |  |  |  +- Cpu_Delay100US      
 |  |  |       
 |  |  +- rfm7x_bank          
 |  |  |  | 
 |  |  |  +- rfm7x_register_read 
 |  |  |  |  | 
 |  |  |  |  +- RFM7x_CSN            (see above)
 |  |  |  |  |  
 |  |  |  |  +- rfm7x_SPI_RW        
 |  |  |  |       
 |  |  |  +- rfm7x_register_write
 |  |  |     | 
 |  |  |     +- RFM7x_CSN            (see above)
 |  |  |     |  
 |  |  |     +- rfm7x_SPI_RW         (see above)
 |  |  |        
 |  |  +- rfm7x_register_write (see above)
 |  |  |  
 |  |  +- rfm7x_receive_address_p0
 |  |  |  | 
 |  |  |  +- rfm7x_buffer_write  
 |  |  |     | 
 |  |  |     +- RFM7x_CSN            (see above)
 |  |  |     |  
 |  |  |     +- rfm7x_SPI_RW         (see above)
 |  |  |        
 |  |  +- rfm7x_receive_address_p1
 |  |  |  | 
 |  |  |  +- rfm7x_buffer_write   (see above)
 |  |  |     
 |  |  +- rfm7x_transmit_address
 |  |  |  | 
 |  |  |  +- rfm7x_buffer_write   (see above)
 |  |  |     
 |  |  +- rfm7x_register_read  (see above)
 |  |  |  
 |  |  +- rfm7x_channel_payload_size
 |  |  |  | 
 |  |  |  +- rfm7x_register_read  (see above)
 |  |  |  |  
 |  |  |  +- rfm7x_register_write (see above)
 |  |  |     
 |  |  +- rfm7x_init_bank1    
 |  |     | 
 |  |     +- rfm7x_bank           (see above)
 |  |     |  
 |  |     +- _LLSR               
 |  |     |  | 
 |  |     |  +- _ENTER_UNARY_L      
 |  |     |       
 |  |     +- rfm7x_buffer_write   (see above)
 |  |        
 |  +- rfm7x_is_present    
 |  |  | 
 |  |  +- rfm7x_register_read  (see above)
 |  |  |  
 |  |  +- rfm7x_register_write (see above)
 |  |     
 |  +- rfm7x_channel       
 |  |  | 
 |  |  +- rfm7x_register_write (see above)
 |  |     
 |  +- rfm7x_mode_transmit 
 |  |  | 
 |  |  +- rfm7x_register_write (see above)
 |  |  |  
 |  |  +- rfm7x_register_read  (see above)
 |  |  |  
 |  |  +- RFM7x_CE             (see above)
 |  |     
 |  +- led_PutVal          
 |       
 +- _EntryPoint         
    | 
    +- _Startup            
       | 
       +- Init                
       |  | 
       |  +- loadByte            
       |       
       +- main                 (see above)
          
 _vect               
 | 
 +- Cpu_Interrupt       
 |    
 +- rtc_isr             
 |  | 
 |  +- rfm7x_mode_transmit  (see above)
 |  |  
 |  +- rfm7x_transmit_message_once
 |  |  | 
 |  |  +- rfm7x_buffer_write   (see above)
 |  |     
 |  +- rfm7x_transmit_fifo_full
 |  |  | 
 |  |  +- rfm7x_register_read  (see above)
 |  |     
 |  +- rfm7x_mode_powerdown
 |  |  | 
 |  |  +- RFM7x_CE             (see above)
 |  |  |  
 |  |  +- rfm7x_register_read  (see above)
 |  |  |  
 |  |  +- rfm7x_register_write (see above)
 |  |     
 |  +- led_PutVal           (see above)
 |  |  
 |  +- Cpu_Delay100US       (see above)
 |  |  
 |  +- _PUSH_CC            
 |  |    
 |  +- _POP_CC             
 |       
 +- _EntryPoint          (see above)
    
*********************************************************************************************
STATISTIC SECTION
---------------------------------------------------------------------------------------------

ExeFile:
--------
Number of blocks to be downloaded: 8
Total size of all blocks to be downloaded: 2106

