*** EVALUATION ***
PROGRAM "C:\Users\Student\Desktop\cik\cik1\bin\Project.abs"

*********************************************************************************************
TARGET SECTION
---------------------------------------------------------------------------------------------
Processor   : Freescale HC12
Memory Model: BANKED
File Format : ELF\DWARF 2.0
Linker      : SmartLinker V-5.0.40 Build 10203, Jul 23 2010

*********************************************************************************************
FILE SECTION
---------------------------------------------------------------------------------------------
Start12.c.o                             Model: BANKED,        Lang: ANSI-C
Cpu.c.o                                 Model: BANKED,        Lang: ANSI-C
IO_Map.c.o                              Model: BANKED,        Lang: ANSI-C
Vectors.c.o                             Model: BANKED,        Lang: ANSI-C
Events.c.o                              Model: BANKED,        Lang: ANSI-C
cik1.c.o                                Model: BANKED,        Lang: ANSI-C
A0.c.o                                  Model: BANKED,        Lang: ANSI-C
A1.c.o                                  Model: BANKED,        Lang: ANSI-C
TI1.c.o                                 Model: BANKED,        Lang: ANSI-C
leds.c.o                                Model: BANKED,        Lang: ANSI-C
SCI2.c.o                                Model: BANKED,        Lang: ANSI-C

*********************************************************************************************
STARTUP SECTION
---------------------------------------------------------------------------------------------
Entry point: 0xC00E (_EntryPoint)
_startupData is allocated at 0xC038 and uses 6 Bytes
extern struct _tagStartup {
  unsigned nofZeroOut     1
  _Range   pZeroOut       0x2000     21
  _Copy    *toCopyDownBeg 0xC0E8
} _startupData;

*********************************************************************************************
SECTION-ALLOCATION SECTION
Section Name                    Size  Type     From       To       Segment
---------------------------------------------------------------------------------------------
.init                             56     R     0xC000     0xC037   ROM_C000
.startData                        10     R     0xC038     0xC041   ROM_C000
NON_BANKED                       166     R     0xC042     0xC0E7   ROM_C000
.copy                             25     R     0xC0E8     0xC100   ROM_C000
.text                            278     R   0x3D8000   0x3D8115   PAGE_3D
.data                             20   R/W     0x2000     0x2013   RAM
.abs_section_8                     1   N/I        0x8        0x8   .absSeg0
.abs_section_9                     1   N/I        0x9        0x9   .absSeg1
.abs_section_a                     1   N/I        0xA        0xA   .absSeg2
.abs_section_b                     1   N/I        0xB        0xB   .absSeg3
.abs_section_c                     1   N/I        0xC        0xC   .absSeg4
.abs_section_d                     1   N/I        0xD        0xD   .absSeg5
.abs_section_e                     1   N/I        0xE        0xE   .absSeg6
.abs_section_10                    1   N/I       0x10       0x10   .absSeg7
.abs_section_11                    1   N/I       0x11       0x11   .absSeg8
.abs_section_13                    1   N/I       0x13       0x13   .absSeg9
.abs_section_15                    1   N/I       0x15       0x15   .absSeg10
.abs_section_16                    1   N/I       0x16       0x16   .absSeg11
.abs_section_1c                    1   N/I       0x1C       0x1C   .absSeg12
.abs_section_1d                    1   N/I       0x1D       0x1D   .absSeg13
.abs_section_1e                    1   N/I       0x1E       0x1E   .absSeg14
.abs_section_1f                    1   N/I       0x1F       0x1F   .absSeg15
.abs_section_20                    1   N/I       0x20       0x20   .absSeg16
.abs_section_21                    1   N/I       0x21       0x21   .absSeg17
.abs_section_24                    1   N/I       0x24       0x24   .absSeg18
.abs_section_25                    1   N/I       0x25       0x25   .absSeg19
.abs_section_28                    1   N/I       0x28       0x28   .absSeg20
.abs_section_29                    1   N/I       0x29       0x29   .absSeg21
.abs_section_2a                    1   N/I       0x2A       0x2A   .absSeg22
.abs_section_2d                    1   N/I       0x2D       0x2D   .absSeg23
.abs_section_30                    1   N/I       0x30       0x30   .absSeg24
.abs_section_32                    1   N/I       0x32       0x32   .absSeg25
.abs_section_33                    1   N/I       0x33       0x33   .absSeg26
.abs_section_34                    1   N/I       0x34       0x34   .absSeg27
.abs_section_35                    1   N/I       0x35       0x35   .absSeg28
.abs_section_37                    1   N/I       0x37       0x37   .absSeg29
.abs_section_38                    1   N/I       0x38       0x38   .absSeg30
.abs_section_39                    1   N/I       0x39       0x39   .absSeg31
.abs_section_3a                    1   N/I       0x3A       0x3A   .absSeg32
.abs_section_3b                    1   N/I       0x3B       0x3B   .absSeg33
.abs_section_3c                    1   N/I       0x3C       0x3C   .absSeg34
.abs_section_3f                    1   N/I       0x3F       0x3F   .absSeg35
.abs_section_40                    1   N/I       0x40       0x40   .absSeg36
.abs_section_41                    1   N/I       0x41       0x41   .absSeg37
.abs_section_42                    1   N/I       0x42       0x42   .absSeg38
.abs_section_43                    1   N/I       0x43       0x43   .absSeg39
.abs_section_46                    1   N/I       0x46       0x46   .absSeg40
.abs_section_47                    1   N/I       0x47       0x47   .absSeg41
.abs_section_48                    1   N/I       0x48       0x48   .absSeg42
.abs_section_4a                    1   N/I       0x4A       0x4A   .absSeg43
.abs_section_4c                    1   N/I       0x4C       0x4C   .absSeg44
.abs_section_4d                    1   N/I       0x4D       0x4D   .absSeg45
.abs_section_4e                    1   N/I       0x4E       0x4E   .absSeg46
.abs_section_4f                    1   N/I       0x4F       0x4F   .absSeg47
.abs_section_60                    1   N/I       0x60       0x60   .absSeg48
.abs_section_61                    1   N/I       0x61       0x61   .absSeg49
.abs_section_86                    1   N/I       0x86       0x86   .absSeg50
.abs_section_89                    1   N/I       0x89       0x89   .absSeg51
.abs_section_8b                    1   N/I       0x8B       0x8B   .absSeg52
.abs_section_8d                    1   N/I       0x8D       0x8D   .absSeg53
.abs_section_8f                    1   N/I       0x8F       0x8F   .absSeg54
.abs_section_ca                    1   N/I       0xCA       0xCA   .absSeg55
.abs_section_cb                    1   N/I       0xCB       0xCB   .absSeg56
.abs_section_cc                    1   N/I       0xCC       0xCC   .absSeg57
.abs_section_cd                    1   N/I       0xCD       0xCD   .absSeg58
.abs_section_ce                    1   N/I       0xCE       0xCE   .absSeg59
.abs_section_cf                    1   N/I       0xCF       0xCF   .absSeg60
.abs_section_d2                    1   N/I       0xD2       0xD2   .absSeg61
.abs_section_d3                    1   N/I       0xD3       0xD3   .absSeg62
.abs_section_d4                    1   N/I       0xD4       0xD4   .absSeg63
.abs_section_d5                    1   N/I       0xD5       0xD5   .absSeg64
.abs_section_d6                    1   N/I       0xD6       0xD6   .absSeg65
.abs_section_d7                    1   N/I       0xD7       0xD7   .absSeg66
.abs_section_d8                    1   N/I       0xD8       0xD8   .absSeg67
.abs_section_d9                    1   N/I       0xD9       0xD9   .absSeg68
.abs_section_da                    1   N/I       0xDA       0xDA   .absSeg69
.abs_section_db                    1   N/I       0xDB       0xDB   .absSeg70
.abs_section_dd                    1   N/I       0xDD       0xDD   .absSeg71
.abs_section_e0                    1   N/I       0xE0       0xE0   .absSeg72
.abs_section_e1                    1   N/I       0xE1       0xE1   .absSeg73
.abs_section_e2                    1   N/I       0xE2       0xE2   .absSeg74
.abs_section_e3                    1   N/I       0xE3       0xE3   .absSeg75
.abs_section_e4                    1   N/I       0xE4       0xE4   .absSeg76
.abs_section_100                   1   N/I      0x100      0x100   .absSeg77
.abs_section_101                   1   N/I      0x101      0x101   .absSeg78
.abs_section_103                   1   N/I      0x103      0x103   .absSeg79
.abs_section_104                   1   N/I      0x104      0x104   .absSeg80
.abs_section_105                   1   N/I      0x105      0x105   .absSeg81
.abs_section_106                   1   N/I      0x106      0x106   .absSeg82
.abs_section_120                   1   N/I      0x120      0x120   .absSeg83
.abs_section_121                   1   N/I      0x121      0x121   .absSeg84
.abs_section_122                   1   N/I      0x122      0x122   .absSeg85
.abs_section_140                   1   N/I      0x140      0x140   .absSeg86
.abs_section_143                   1   N/I      0x143      0x143   .absSeg87
.abs_section_144                   1   N/I      0x144      0x144   .absSeg88
.abs_section_145                   1   N/I      0x145      0x145   .absSeg89
.abs_section_14e                   1   N/I      0x14E      0x14E   .absSeg90
.abs_section_150                   1   N/I      0x150      0x150   .absSeg91
.abs_section_151                   1   N/I      0x151      0x151   .absSeg92
.abs_section_156                   1   N/I      0x156      0x156   .absSeg93
.abs_section_240                   1   N/I      0x240      0x240   .absSeg94
.abs_section_241                   1   N/I      0x241      0x241   .absSeg95
.abs_section_242                   1   N/I      0x242      0x242   .absSeg96
.abs_section_243                   1   N/I      0x243      0x243   .absSeg97
.abs_section_244                   1   N/I      0x244      0x244   .absSeg98
.abs_section_245                   1   N/I      0x245      0x245   .absSeg99
.abs_section_248                   1   N/I      0x248      0x248   .absSeg100
.abs_section_249                   1   N/I      0x249      0x249   .absSeg101
.abs_section_24a                   1   N/I      0x24A      0x24A   .absSeg102
.abs_section_24b                   1   N/I      0x24B      0x24B   .absSeg103
.abs_section_24c                   1   N/I      0x24C      0x24C   .absSeg104
.abs_section_24d                   1   N/I      0x24D      0x24D   .absSeg105
.abs_section_24e                   1   N/I      0x24E      0x24E   .absSeg106
.abs_section_250                   1   N/I      0x250      0x250   .absSeg107
.abs_section_251                   1   N/I      0x251      0x251   .absSeg108
.abs_section_252                   1   N/I      0x252      0x252   .absSeg109
.abs_section_253                   1   N/I      0x253      0x253   .absSeg110
.abs_section_254                   1   N/I      0x254      0x254   .absSeg111
.abs_section_255                   1   N/I      0x255      0x255   .absSeg112
.abs_section_256                   1   N/I      0x256      0x256   .absSeg113
.abs_section_257                   1   N/I      0x257      0x257   .absSeg114
.abs_section_258                   1   N/I      0x258      0x258   .absSeg115
.abs_section_259                   1   N/I      0x259      0x259   .absSeg116
.abs_section_25a                   1   N/I      0x25A      0x25A   .absSeg117
.abs_section_25b                   1   N/I      0x25B      0x25B   .absSeg118
.abs_section_25c                   1   N/I      0x25C      0x25C   .absSeg119
.abs_section_25d                   1   N/I      0x25D      0x25D   .absSeg120
.abs_section_25e                   1   N/I      0x25E      0x25E   .absSeg121
.abs_section_25f                   1   N/I      0x25F      0x25F   .absSeg122
.abs_section_260                   1   N/I      0x260      0x260   .absSeg123
.abs_section_261                   1   N/I      0x261      0x261   .absSeg124
.abs_section_262                   1   N/I      0x262      0x262   .absSeg125
.abs_section_263                   1   N/I      0x263      0x263   .absSeg126
.abs_section_264                   1   N/I      0x264      0x264   .absSeg127
.abs_section_265                   1   N/I      0x265      0x265   .absSeg128
.abs_section_266                   1   N/I      0x266      0x266   .absSeg129
.abs_section_267                   1   N/I      0x267      0x267   .absSeg130
.abs_section_268                   1   N/I      0x268      0x268   .absSeg131
.abs_section_269                   1   N/I      0x269      0x269   .absSeg132
.abs_section_26a                   1   N/I      0x26A      0x26A   .absSeg133
.abs_section_26b                   1   N/I      0x26B      0x26B   .absSeg134
.abs_section_26c                   1   N/I      0x26C      0x26C   .absSeg135
.abs_section_26d                   1   N/I      0x26D      0x26D   .absSeg136
.abs_section_26e                   1   N/I      0x26E      0x26E   .absSeg137
.abs_section_0                     2   N/I        0x0        0x1   .absSeg138
.abs_section_2                     2   N/I        0x2        0x3   .absSeg139
.abs_section_1a                    2   N/I       0x1A       0x1B   .absSeg140
.abs_section_22                    2   N/I       0x22       0x23   .absSeg141
.abs_section_26                    2   N/I       0x26       0x27   .absSeg142
.abs_section_2b                    2   N/I       0x2B       0x2C   .absSeg143
.abs_section_2e                    2   N/I       0x2E       0x2F   .absSeg144
.abs_section_44                    2   N/I       0x44       0x45   .absSeg145
.abs_section_58                    2   N/I       0x58       0x59   .absSeg146
.abs_section_5a                    2   N/I       0x5A       0x5B   .absSeg147
.abs_section_5c                    2   N/I       0x5C       0x5D   .absSeg148
.abs_section_5e                    2   N/I       0x5E       0x5F   .absSeg149
.abs_section_62                    2   N/I       0x62       0x63   .absSeg150
.abs_section_80                    2   N/I       0x80       0x81   .absSeg151
.abs_section_82                    2   N/I       0x82       0x83   .absSeg152
.abs_section_84                    2   N/I       0x84       0x85   .absSeg153
.abs_section_90                    2   N/I       0x90       0x91   .absSeg154
.abs_section_92                    2   N/I       0x92       0x93   .absSeg155
.abs_section_94                    2   N/I       0x94       0x95   .absSeg156
.abs_section_96                    2   N/I       0x96       0x97   .absSeg157
.abs_section_98                    2   N/I       0x98       0x99   .absSeg158
.abs_section_9a                    2   N/I       0x9A       0x9B   .absSeg159
.abs_section_9c                    2   N/I       0x9C       0x9D   .absSeg160
.abs_section_9e                    2   N/I       0x9E       0x9F   .absSeg161
.abs_section_c8                    2   N/I       0xC8       0xC9   .absSeg162
.abs_section_d0                    2   N/I       0xD0       0xD1   .absSeg163
.abs_section_146                   2   N/I      0x146      0x147   .absSeg164
.abs_section_148                   2   N/I      0x148      0x149   .absSeg165
.abs_section_14a                   2   N/I      0x14A      0x14B   .absSeg166
.abs_section_14c                   2   N/I      0x14C      0x14D   .absSeg167
.abs_section_152                   2   N/I      0x152      0x153   .absSeg168
.abs_section_154                   2   N/I      0x154      0x155   .absSeg169
.abs_section_158                   2   N/I      0x158      0x159   .absSeg170
.abs_section_15a                   2   N/I      0x15A      0x15B   .absSeg171
.abs_section_15c                   2   N/I      0x15C      0x15D   .absSeg172
.abs_section_15e                   2   N/I      0x15E      0x15F   .absSeg173
.abs_section_160                   2   N/I      0x160      0x161   .absSeg174
.abs_section_162                   2   N/I      0x162      0x163   .absSeg175
.abs_section_164                   2   N/I      0x164      0x165   .absSeg176
.abs_section_166                   2   N/I      0x166      0x167   .absSeg177
.abs_section_168                   2   N/I      0x168      0x169   .absSeg178
.abs_section_16a                   2   N/I      0x16A      0x16B   .absSeg179
.abs_section_16c                   2   N/I      0x16C      0x16D   .absSeg180
.abs_section_16e                   2   N/I      0x16E      0x16F   .absSeg181
.abs_section_ff80                128     R     0xFF80     0xFFFF   .absSeg182
.common                            1   R/W     0x2014     0x2014   RAM
A0_CODE                           11     R   0x3D8116   0x3D8120   PAGE_3D
A1_CODE                           11     R   0x3D8121   0x3D812B   PAGE_3D
leds_CODE                         15     R   0x3D812C   0x3D813A   PAGE_3D
.stack                           128   R/W     0x2015     0x2094   RAM

Summary of section sizes per section type:
READ_ONLY (R):         2BC (dec:      700)
READ_WRITE (R/W):       95 (dec:      149)
NO_INIT (N/I):          E2 (dec:      226)

*********************************************************************************************
VECTOR-ALLOCATION SECTION
    Address     InitValue   InitFunction
---------------------------------------------------------------------------------------------

*********************************************************************************************
OBJECT-ALLOCATION SECTION
     Name               Module                 Addr   hSize   dSize     Ref    Section   RLIB
---------------------------------------------------------------------------------------------
MODULE:                 -- Start12.c.o --
- PROCEDURES:
     Init                                    3D8000      29      41       2   .text       
     _Startup                                  C042       B      11       1   NON_BANKED  
- VARIABLES:
     _startupData                              C038       6       6       3   .startData  
- LABELS:
     __SEG_END_SSTACK                          2095       0       0       1               
MODULE:                 -- Cpu.c.o --
- PROCEDURES:
     PE_low_level_init                       3D8029      7D     125       2   .text       
     Cpu_Interrupt                             C000       2       2      59   .init       
     Cpu_Delay100US                            C002       C      12       1   .init       
     _EntryPoint                               C00E      2A      42       3   .init       
- VARIABLES:
MODULE:                 -- IO_Map.c.o --
- PROCEDURES:
- VARIABLES:
     _PORTE                                       8       1       1       0   .abs_section_8
     _DDRE                                        9       1       1       0   .abs_section_9
     _PEAR                                        A       1       1       1   .abs_section_a
     _MODE                                        B       1       1       0   .abs_section_b
     _PUCR                                        C       1       1       1   .abs_section_c
     _RDRIV                                       D       1       1       1   .abs_section_d
     _EBICTL                                      E       1       1       0   .abs_section_e
     _INITRM                                     10       1       1       1   .abs_section_10
     _INITRG                                     11       1       1       0   .abs_section_11
     _MISC                                       13       1       1       1   .abs_section_13
     _ITCR                                       15       1       1       0   .abs_section_15
     _ITEST                                      16       1       1       0   .abs_section_16
     _MEMSIZ0                                    1C       1       1       0   .abs_section_1c
     _MEMSIZ1                                    1D       1       1       0   .abs_section_1d
     _INTCR                                      1E       1       1       1   .abs_section_1e
     _HPRIO                                      1F       1       1       0   .abs_section_1f
     _DBGC1                                      20       1       1       0   .abs_section_20
     _DBGSC                                      21       1       1       0   .abs_section_21
     _DBGCNT                                     24       1       1       0   .abs_section_24
     _DBGCCX                                     25       1       1       0   .abs_section_25
     _DBGC2                                      28       1       1       0   .abs_section_28
     _DBGC3                                      29       1       1       0   .abs_section_29
     _DBGCAX                                     2A       1       1       0   .abs_section_2a
     _DBGCBX                                     2D       1       1       0   .abs_section_2d
     _PPAGE                                      30       1       1       0   .abs_section_30
     _PORTK                                      32       1       1       0   .abs_section_32
     _DDRK                                       33       1       1       0   .abs_section_33
     _SYNR                                       34       1       1       1   .abs_section_34
     _REFDV                                      35       1       1       1   .abs_section_35
     _CRGFLG                                     37       1       1       1   .abs_section_37
     _CRGINT                                     38       1       1       1   .abs_section_38
     _CLKSEL                                     39       1       1       2   .abs_section_39
     _PLLCTL                                     3A       1       1       2   .abs_section_3a
     _RTICTL                                     3B       1       1       0   .abs_section_3b
     _COPCTL                                     3C       1       1       1   .abs_section_3c
     _ARMCOP                                     3F       1       1       0   .abs_section_3f
     _TIOS                                       40       1       1       1   .abs_section_40
     _CFORC                                      41       1       1       0   .abs_section_41
     _OC7M                                       42       1       1       1   .abs_section_42
     _OC7D                                       43       1       1       0   .abs_section_43
     _TSCR1                                      46       1       1       2   .abs_section_46
     _TTOV                                       47       1       1       1   .abs_section_47
     _TCTL1                                      48       1       1       1   .abs_section_48
     _TCTL3                                      4A       1       1       0   .abs_section_4a
     _TIE                                        4C       1       1       1   .abs_section_4c
     _TSCR2                                      4D       1       1       2   .abs_section_4d
     _TFLG1                                      4E       1       1       2   .abs_section_4e
     _TFLG2                                      4F       1       1       0   .abs_section_4f
     _PACTL                                      60       1       1       1   .abs_section_60
     _PAFLG                                      61       1       1       0   .abs_section_61
     _ATDSTAT0                                   86       1       1       0   .abs_section_86
     _ATDTEST1                                   89       1       1       0   .abs_section_89
     _ATDSTAT1                                   8B       1       1       0   .abs_section_8b
     _ATDDIEN                                    8D       1       1       0   .abs_section_8d
     _PORTAD                                     8F       1       1       0   .abs_section_8f
     _SCI0CR1                                    CA       1       1       1   .abs_section_ca
     _SCI0CR2                                    CB       1       1       2   .abs_section_cb
     _SCI0SR1                                    CC       1       1       3   .abs_section_cc
     _SCI0SR2                                    CD       1       1       1   .abs_section_cd
     _SCI0DRH                                    CE       1       1       0   .abs_section_ce
     _SCI0DRL                                    CF       1       1       3   .abs_section_cf
     _SCI1CR1                                    D2       1       1       0   .abs_section_d2
     _SCI1CR2                                    D3       1       1       0   .abs_section_d3
     _SCI1SR1                                    D4       1       1       0   .abs_section_d4
     _SCI1SR2                                    D5       1       1       0   .abs_section_d5
     _SCI1DRH                                    D6       1       1       0   .abs_section_d6
     _SCI1DRL                                    D7       1       1       0   .abs_section_d7
     _SPICR1                                     D8       1       1       0   .abs_section_d8
     _SPICR2                                     D9       1       1       0   .abs_section_d9
     _SPIBR                                      DA       1       1       0   .abs_section_da
     _SPISR                                      DB       1       1       0   .abs_section_db
     _SPIDR                                      DD       1       1       0   .abs_section_dd
     _IBAD                                       E0       1       1       0   .abs_section_e0
     _IBFD                                       E1       1       1       0   .abs_section_e1
     _IBCR                                       E2       1       1       0   .abs_section_e2
     _IBSR                                       E3       1       1       0   .abs_section_e3
     _IBDR                                       E4       1       1       0   .abs_section_e4
     _FCLKDIV                                   100       1       1       0   .abs_section_100
     _FSEC                                      101       1       1       0   .abs_section_101
     _FCNFG                                     103       1       1       0   .abs_section_103
     _FPROT                                     104       1       1       0   .abs_section_104
     _FSTAT                                     105       1       1       0   .abs_section_105
     _FCMD                                      106       1       1       0   .abs_section_106
     _EPHYCTL0                                  120       1       1       0   .abs_section_120
     _EPHYCTL1                                  121       1       1       0   .abs_section_121
     _EPHYSR                                    122       1       1       0   .abs_section_122
     _NETCTL                                    140       1       1       0   .abs_section_140
     _RXCTS                                     143       1       1       0   .abs_section_143
     _TXCTS                                     144       1       1       0   .abs_section_144
     _ETCTL                                     145       1       1       0   .abs_section_145
     _SWRST                                     14E       1       1       0   .abs_section_14e
     _MPADR                                     150       1       1       0   .abs_section_150
     _MRADR                                     151       1       1       0   .abs_section_151
     _MCMST                                     156       1       1       0   .abs_section_156
     _PTT                                       240       1       1       0   .abs_section_240
     _PTIT                                      241       1       1       0   .abs_section_241
     _DDRT                                      242       1       1       0   .abs_section_242
     _RDRT                                      243       1       1       1   .abs_section_243
     _PERT                                      244       1       1       0   .abs_section_244
     _PPST                                      245       1       1       0   .abs_section_245
     _PTS                                       248       1       1       0   .abs_section_248
     _PTIS                                      249       1       1       0   .abs_section_249
     _DDRS                                      24A       1       1       0   .abs_section_24a
     _RDRS                                      24B       1       1       1   .abs_section_24b
     _PERS                                      24C       1       1       0   .abs_section_24c
     _PPSS                                      24D       1       1       0   .abs_section_24d
     _WOMS                                      24E       1       1       1   .abs_section_24e
     _PTG                                       250       1       1       0   .abs_section_250
     _PTIG                                      251       1       1       0   .abs_section_251
     _DDRG                                      252       1       1       0   .abs_section_252
     _RDRG                                      253       1       1       1   .abs_section_253
     _PERG                                      254       1       1       0   .abs_section_254
     _PPSG                                      255       1       1       0   .abs_section_255
     _PIEG                                      256       1       1       0   .abs_section_256
     _PIFG                                      257       1       1       0   .abs_section_257
     _PTH                                       258       1       1       2   .abs_section_258
     _PTIH                                      259       1       1       0   .abs_section_259
     _DDRH                                      25A       1       1       1   .abs_section_25a
     _RDRH                                      25B       1       1       1   .abs_section_25b
     _PERH                                      25C       1       1       1   .abs_section_25c
     _PPSH                                      25D       1       1       1   .abs_section_25d
     _PIEH                                      25E       1       1       1   .abs_section_25e
     _PIFH                                      25F       1       1       0   .abs_section_25f
     _PTJ                                       260       1       1       0   .abs_section_260
     _PTIJ                                      261       1       1       0   .abs_section_261
     _DDRJ                                      262       1       1       0   .abs_section_262
     _RDRJ                                      263       1       1       1   .abs_section_263
     _PERJ                                      264       1       1       0   .abs_section_264
     _PPSJ                                      265       1       1       0   .abs_section_265
     _PIEJ                                      266       1       1       0   .abs_section_266
     _PIFJ                                      267       1       1       0   .abs_section_267
     _PTL                                       268       1       1       3   .abs_section_268
     _PTIL                                      269       1       1       0   .abs_section_269
     _DDRL                                      26A       1       1       1   .abs_section_26a
     _RDRL                                      26B       1       1       1   .abs_section_26b
     _PERL                                      26C       1       1       0   .abs_section_26c
     _PPSL                                      26D       1       1       0   .abs_section_26d
     _WOML                                      26E       1       1       1   .abs_section_26e
     _PORTAB                                      0       2       2       5   .abs_section_0
     _DDRAB                                       2       2       2       1   .abs_section_2
     _PARTID                                     1A       2       2       0   .abs_section_1a
     _DBGTB                                      22       2       2       0   .abs_section_22
     _DBGCC                                      26       2       2       0   .abs_section_26
     _DBGCA                                      2B       2       2       0   .abs_section_2b
     _DBGCB                                      2E       2       2       0   .abs_section_2e
     _TCNT                                       44       2       2       0   .abs_section_44
     _TC4                                        58       2       2       1   .abs_section_58
     _TC5                                        5A       2       2       0   .abs_section_5a
     _TC6                                        5C       2       2       0   .abs_section_5c
     _TC7                                        5E       2       2       1   .abs_section_5e
     _PACNT                                      62       2       2       0   .abs_section_62
     _ATDCTL01                                   80       2       2       0   .abs_section_80
     _ATDCTL23                                   82       2       2       0   .abs_section_82
     _ATDCTL45                                   84       2       2       0   .abs_section_84
     _ATDDR0                                     90       2       2       0   .abs_section_90
     _ATDDR1                                     92       2       2       0   .abs_section_92
     _ATDDR2                                     94       2       2       0   .abs_section_94
     _ATDDR3                                     96       2       2       0   .abs_section_96
     _ATDDR4                                     98       2       2       0   .abs_section_98
     _ATDDR5                                     9A       2       2       0   .abs_section_9a
     _ATDDR6                                     9C       2       2       0   .abs_section_9c
     _ATDDR7                                     9E       2       2       0   .abs_section_9e
     _SCI0BD                                     C8       2       2       1   .abs_section_c8
     _SCI1BD                                     D0       2       2       0   .abs_section_d0
     _ETYPE                                     146       2       2       0   .abs_section_146
     _PTIME                                     148       2       2       0   .abs_section_148
     _IEVENT                                    14A       2       2       0   .abs_section_14a
     _IMASK                                     14C       2       2       0   .abs_section_14c
     _MWDATA                                    152       2       2       0   .abs_section_152
     _MRDATA                                    154       2       2       0   .abs_section_154
     _BUFCFG                                    158       2       2       0   .abs_section_158
     _RXAEFP                                    15A       2       2       0   .abs_section_15a
     _RXBEFP                                    15C       2       2       0   .abs_section_15c
     _TXEFP                                     15E       2       2       0   .abs_section_15e
     _MCHASH3                                   160       2       2       0   .abs_section_160
     _MCHASH2                                   162       2       2       0   .abs_section_162
     _MCHASH1                                   164       2       2       0   .abs_section_164
     _MCHASH0                                   166       2       2       0   .abs_section_166
     _MACAD2                                    168       2       2       0   .abs_section_168
     _MACAD1                                    16A       2       2       0   .abs_section_16a
     _MACAD0                                    16C       2       2       0   .abs_section_16c
     _EMISC                                     16E       2       2       0   .abs_section_16e
MODULE:                 -- Vectors.c.o --
- PROCEDURES:
- VARIABLES:
     _InterruptVectorTable                     FF80      80     128       0   .abs_section_ff80
MODULE:                 -- Events.c.o --
- PROCEDURES:
     TI1_OnInterrupt                         3D80A6       1       1       2   .text       
- VARIABLES:
MODULE:                 -- cik1.c.o --
- PROCEDURES:
     button_check                            3D80A7      1E      30       2   .text       
     UART_SendChar                           3D80C5       9       9       2   .text       
     UART_SendString                         3D80CE      18      24       2   .text       
     main                                    3D80E6      1A      26       2   .text       
     UART_Rx                                   C04D      92     146       1   NON_BANKED  
- VARIABLES:
     response                                  2000      14      20       1   .data       
     counter                                   2014       1       1       2   .common     
MODULE:                 -- A0.c.o --
- PROCEDURES:
     A0_PutVal                               3D8116       B      11       4   A0_CODE     
- VARIABLES:
MODULE:                 -- A1.c.o --
- PROCEDURES:
     A1_PutVal                               3D8121       B      11       4   A1_CODE     
- VARIABLES:
MODULE:                 -- TI1.c.o --
- PROCEDURES:
     TI1_Interrupt                             C0DF       9       9       1   NON_BANKED  
- VARIABLES:
MODULE:                 -- leds.c.o --
- PROCEDURES:
     leds_PutVal                             3D812C       F      15       6   leds_CODE   
- VARIABLES:
MODULE:                 -- SCI2.c.o --
- PROCEDURES:
     SCI2_Init                               3D8100      16      22       2   .text       
- VARIABLES:

*********************************************************************************************
MODULE STATISTIC
  Name                                      Data   Code  Const
---------------------------------------------------------------------------------------------
  Start12.c.o                                  0     52      0
  Cpu.c.o                                      0    181      0
  IO_Map.c.o                                 226      0      0
  Vectors.c.o                                  0      0    128
  Events.c.o                                   0      1      0
  cik1.c.o                                    21    235      0
  A0.c.o                                       0     11      0
  A1.c.o                                       0     11      0
  TI1.c.o                                      0      9      0
  leds.c.o                                     0     15      0
  SCI2.c.o                                     0     22      0
  other                                      128     10     25

*********************************************************************************************
SECTION USE IN OBJECT-ALLOCATION SECTION
---------------------------------------------------------------------------------------------
SECTION: ".text"
  Init PE_low_level_init TI1_OnInterrupt button_check UART_SendChar 
  UART_SendString main SCI2_Init 
SECTION: ".data"
  response 
SECTION: ".init"
  Cpu_Interrupt Cpu_Delay100US _EntryPoint 
SECTION: "NON_BANKED"
  _Startup UART_Rx TI1_Interrupt 
SECTION: ".common"
  counter 
SECTION: "A0_CODE"
  A0_PutVal 
SECTION: "A1_CODE"
  A1_PutVal 
SECTION: "leds_CODE"
  leds_PutVal 
SECTION: ".abs_section_8"
  _PORTE 
SECTION: ".abs_section_9"
  _DDRE 
SECTION: ".abs_section_a"
  _PEAR 
SECTION: ".abs_section_b"
  _MODE 
SECTION: ".abs_section_c"
  _PUCR 
SECTION: ".abs_section_d"
  _RDRIV 
SECTION: ".abs_section_e"
  _EBICTL 
SECTION: ".abs_section_10"
  _INITRM 
SECTION: ".abs_section_11"
  _INITRG 
SECTION: ".abs_section_13"
  _MISC 
SECTION: ".abs_section_15"
  _ITCR 
SECTION: ".abs_section_16"
  _ITEST 
SECTION: ".abs_section_1c"
  _MEMSIZ0 
SECTION: ".abs_section_1d"
  _MEMSIZ1 
SECTION: ".abs_section_1e"
  _INTCR 
SECTION: ".abs_section_1f"
  _HPRIO 
SECTION: ".abs_section_20"
  _DBGC1 
SECTION: ".abs_section_21"
  _DBGSC 
SECTION: ".abs_section_24"
  _DBGCNT 
SECTION: ".abs_section_25"
  _DBGCCX 
SECTION: ".abs_section_28"
  _DBGC2 
SECTION: ".abs_section_29"
  _DBGC3 
SECTION: ".abs_section_2a"
  _DBGCAX 
SECTION: ".abs_section_2d"
  _DBGCBX 
SECTION: ".abs_section_30"
  _PPAGE 
SECTION: ".abs_section_32"
  _PORTK 
SECTION: ".abs_section_33"
  _DDRK 
SECTION: ".abs_section_34"
  _SYNR 
SECTION: ".abs_section_35"
  _REFDV 
SECTION: ".abs_section_37"
  _CRGFLG 
SECTION: ".abs_section_38"
  _CRGINT 
SECTION: ".abs_section_39"
  _CLKSEL 
SECTION: ".abs_section_3a"
  _PLLCTL 
SECTION: ".abs_section_3b"
  _RTICTL 
SECTION: ".abs_section_3c"
  _COPCTL 
SECTION: ".abs_section_3f"
  _ARMCOP 
SECTION: ".abs_section_40"
  _TIOS 
SECTION: ".abs_section_41"
  _CFORC 
SECTION: ".abs_section_42"
  _OC7M 
SECTION: ".abs_section_43"
  _OC7D 
SECTION: ".abs_section_46"
  _TSCR1 
SECTION: ".abs_section_47"
  _TTOV 
SECTION: ".abs_section_48"
  _TCTL1 
SECTION: ".abs_section_4a"
  _TCTL3 
SECTION: ".abs_section_4c"
  _TIE 
SECTION: ".abs_section_4d"
  _TSCR2 
SECTION: ".abs_section_4e"
  _TFLG1 
SECTION: ".abs_section_4f"
  _TFLG2 
SECTION: ".abs_section_60"
  _PACTL 
SECTION: ".abs_section_61"
  _PAFLG 
SECTION: ".abs_section_86"
  _ATDSTAT0 
SECTION: ".abs_section_89"
  _ATDTEST1 
SECTION: ".abs_section_8b"
  _ATDSTAT1 
SECTION: ".abs_section_8d"
  _ATDDIEN 
SECTION: ".abs_section_8f"
  _PORTAD 
SECTION: ".abs_section_ca"
  _SCI0CR1 
SECTION: ".abs_section_cb"
  _SCI0CR2 
SECTION: ".abs_section_cc"
  _SCI0SR1 
SECTION: ".abs_section_cd"
  _SCI0SR2 
SECTION: ".abs_section_ce"
  _SCI0DRH 
SECTION: ".abs_section_cf"
  _SCI0DRL 
SECTION: ".abs_section_d2"
  _SCI1CR1 
SECTION: ".abs_section_d3"
  _SCI1CR2 
SECTION: ".abs_section_d4"
  _SCI1SR1 
SECTION: ".abs_section_d5"
  _SCI1SR2 
SECTION: ".abs_section_d6"
  _SCI1DRH 
SECTION: ".abs_section_d7"
  _SCI1DRL 
SECTION: ".abs_section_d8"
  _SPICR1 
SECTION: ".abs_section_d9"
  _SPICR2 
SECTION: ".abs_section_da"
  _SPIBR 
SECTION: ".abs_section_db"
  _SPISR 
SECTION: ".abs_section_dd"
  _SPIDR 
SECTION: ".abs_section_e0"
  _IBAD 
SECTION: ".abs_section_e1"
  _IBFD 
SECTION: ".abs_section_e2"
  _IBCR 
SECTION: ".abs_section_e3"
  _IBSR 
SECTION: ".abs_section_e4"
  _IBDR 
SECTION: ".abs_section_100"
  _FCLKDIV 
SECTION: ".abs_section_101"
  _FSEC 
SECTION: ".abs_section_103"
  _FCNFG 
SECTION: ".abs_section_104"
  _FPROT 
SECTION: ".abs_section_105"
  _FSTAT 
SECTION: ".abs_section_106"
  _FCMD 
SECTION: ".abs_section_120"
  _EPHYCTL0 
SECTION: ".abs_section_121"
  _EPHYCTL1 
SECTION: ".abs_section_122"
  _EPHYSR 
SECTION: ".abs_section_140"
  _NETCTL 
SECTION: ".abs_section_143"
  _RXCTS 
SECTION: ".abs_section_144"
  _TXCTS 
SECTION: ".abs_section_145"
  _ETCTL 
SECTION: ".abs_section_14e"
  _SWRST 
SECTION: ".abs_section_150"
  _MPADR 
SECTION: ".abs_section_151"
  _MRADR 
SECTION: ".abs_section_156"
  _MCMST 
SECTION: ".abs_section_240"
  _PTT 
SECTION: ".abs_section_241"
  _PTIT 
SECTION: ".abs_section_242"
  _DDRT 
SECTION: ".abs_section_243"
  _RDRT 
SECTION: ".abs_section_244"
  _PERT 
SECTION: ".abs_section_245"
  _PPST 
SECTION: ".abs_section_248"
  _PTS 
SECTION: ".abs_section_249"
  _PTIS 
SECTION: ".abs_section_24a"
  _DDRS 
SECTION: ".abs_section_24b"
  _RDRS 
SECTION: ".abs_section_24c"
  _PERS 
SECTION: ".abs_section_24d"
  _PPSS 
SECTION: ".abs_section_24e"
  _WOMS 
SECTION: ".abs_section_250"
  _PTG 
SECTION: ".abs_section_251"
  _PTIG 
SECTION: ".abs_section_252"
  _DDRG 
SECTION: ".abs_section_253"
  _RDRG 
SECTION: ".abs_section_254"
  _PERG 
SECTION: ".abs_section_255"
  _PPSG 
SECTION: ".abs_section_256"
  _PIEG 
SECTION: ".abs_section_257"
  _PIFG 
SECTION: ".abs_section_258"
  _PTH 
SECTION: ".abs_section_259"
  _PTIH 
SECTION: ".abs_section_25a"
  _DDRH 
SECTION: ".abs_section_25b"
  _RDRH 
SECTION: ".abs_section_25c"
  _PERH 
SECTION: ".abs_section_25d"
  _PPSH 
SECTION: ".abs_section_25e"
  _PIEH 
SECTION: ".abs_section_25f"
  _PIFH 
SECTION: ".abs_section_260"
  _PTJ 
SECTION: ".abs_section_261"
  _PTIJ 
SECTION: ".abs_section_262"
  _DDRJ 
SECTION: ".abs_section_263"
  _RDRJ 
SECTION: ".abs_section_264"
  _PERJ 
SECTION: ".abs_section_265"
  _PPSJ 
SECTION: ".abs_section_266"
  _PIEJ 
SECTION: ".abs_section_267"
  _PIFJ 
SECTION: ".abs_section_268"
  _PTL 
SECTION: ".abs_section_269"
  _PTIL 
SECTION: ".abs_section_26a"
  _DDRL 
SECTION: ".abs_section_26b"
  _RDRL 
SECTION: ".abs_section_26c"
  _PERL 
SECTION: ".abs_section_26d"
  _PPSL 
SECTION: ".abs_section_26e"
  _WOML 
SECTION: ".abs_section_0"
  _PORTAB 
SECTION: ".abs_section_2"
  _DDRAB 
SECTION: ".abs_section_1a"
  _PARTID 
SECTION: ".abs_section_22"
  _DBGTB 
SECTION: ".abs_section_26"
  _DBGCC 
SECTION: ".abs_section_2b"
  _DBGCA 
SECTION: ".abs_section_2e"
  _DBGCB 
SECTION: ".abs_section_44"
  _TCNT 
SECTION: ".abs_section_58"
  _TC4 
SECTION: ".abs_section_5a"
  _TC5 
SECTION: ".abs_section_5c"
  _TC6 
SECTION: ".abs_section_5e"
  _TC7 
SECTION: ".abs_section_62"
  _PACNT 
SECTION: ".abs_section_80"
  _ATDCTL01 
SECTION: ".abs_section_82"
  _ATDCTL23 
SECTION: ".abs_section_84"
  _ATDCTL45 
SECTION: ".abs_section_90"
  _ATDDR0 
SECTION: ".abs_section_92"
  _ATDDR1 
SECTION: ".abs_section_94"
  _ATDDR2 
SECTION: ".abs_section_96"
  _ATDDR3 
SECTION: ".abs_section_98"
  _ATDDR4 
SECTION: ".abs_section_9a"
  _ATDDR5 
SECTION: ".abs_section_9c"
  _ATDDR6 
SECTION: ".abs_section_9e"
  _ATDDR7 
SECTION: ".abs_section_c8"
  _SCI0BD 
SECTION: ".abs_section_d0"
  _SCI1BD 
SECTION: ".abs_section_146"
  _ETYPE 
SECTION: ".abs_section_148"
  _PTIME 
SECTION: ".abs_section_14a"
  _IEVENT 
SECTION: ".abs_section_14c"
  _IMASK 
SECTION: ".abs_section_152"
  _MWDATA 
SECTION: ".abs_section_154"
  _MRDATA 
SECTION: ".abs_section_158"
  _BUFCFG 
SECTION: ".abs_section_15a"
  _RXAEFP 
SECTION: ".abs_section_15c"
  _RXBEFP 
SECTION: ".abs_section_15e"
  _TXEFP 
SECTION: ".abs_section_160"
  _MCHASH3 
SECTION: ".abs_section_162"
  _MCHASH2 
SECTION: ".abs_section_164"
  _MCHASH1 
SECTION: ".abs_section_166"
  _MCHASH0 
SECTION: ".abs_section_168"
  _MACAD2 
SECTION: ".abs_section_16a"
  _MACAD1 
SECTION: ".abs_section_16c"
  _MACAD0 
SECTION: ".abs_section_16e"
  _EMISC 
SECTION: ".abs_section_ff80"
  _InterruptVectorTable 

*********************************************************************************************
OBJECT LIST SORTED BY ADDRESS
     Name                                      Addr   hSize   dSize     Ref    Section   RLIB
---------------------------------------------------------------------------------------------
     _PORTAB                                      0       2       2       5   .abs_section_0
     _DDRAB                                       2       2       2       1   .abs_section_2
     _PORTE                                       8       1       1       0   .abs_section_8
     _DDRE                                        9       1       1       0   .abs_section_9
     _PEAR                                        A       1       1       1   .abs_section_a
     _MODE                                        B       1       1       0   .abs_section_b
     _PUCR                                        C       1       1       1   .abs_section_c
     _RDRIV                                       D       1       1       1   .abs_section_d
     _EBICTL                                      E       1       1       0   .abs_section_e
     _INITRM                                     10       1       1       1   .abs_section_10
     _INITRG                                     11       1       1       0   .abs_section_11
     _MISC                                       13       1       1       1   .abs_section_13
     _ITCR                                       15       1       1       0   .abs_section_15
     _ITEST                                      16       1       1       0   .abs_section_16
     _PARTID                                     1A       2       2       0   .abs_section_1a
     _MEMSIZ0                                    1C       1       1       0   .abs_section_1c
     _MEMSIZ1                                    1D       1       1       0   .abs_section_1d
     _INTCR                                      1E       1       1       1   .abs_section_1e
     _HPRIO                                      1F       1       1       0   .abs_section_1f
     _DBGC1                                      20       1       1       0   .abs_section_20
     _DBGSC                                      21       1       1       0   .abs_section_21
     _DBGTB                                      22       2       2       0   .abs_section_22
     _DBGCNT                                     24       1       1       0   .abs_section_24
     _DBGCCX                                     25       1       1       0   .abs_section_25
     _DBGCC                                      26       2       2       0   .abs_section_26
     _DBGC2                                      28       1       1       0   .abs_section_28
     _DBGC3                                      29       1       1       0   .abs_section_29
     _DBGCAX                                     2A       1       1       0   .abs_section_2a
     _DBGCA                                      2B       2       2       0   .abs_section_2b
     _DBGCBX                                     2D       1       1       0   .abs_section_2d
     _DBGCB                                      2E       2       2       0   .abs_section_2e
     _PPAGE                                      30       1       1       0   .abs_section_30
     _PORTK                                      32       1       1       0   .abs_section_32
     _DDRK                                       33       1       1       0   .abs_section_33
     _SYNR                                       34       1       1       1   .abs_section_34
     _REFDV                                      35       1       1       1   .abs_section_35
     _CRGFLG                                     37       1       1       1   .abs_section_37
     _CRGINT                                     38       1       1       1   .abs_section_38
     _CLKSEL                                     39       1       1       2   .abs_section_39
     _PLLCTL                                     3A       1       1       2   .abs_section_3a
     _RTICTL                                     3B       1       1       0   .abs_section_3b
     _COPCTL                                     3C       1       1       1   .abs_section_3c
     _ARMCOP                                     3F       1       1       0   .abs_section_3f
     _TIOS                                       40       1       1       1   .abs_section_40
     _CFORC                                      41       1       1       0   .abs_section_41
     _OC7M                                       42       1       1       1   .abs_section_42
     _OC7D                                       43       1       1       0   .abs_section_43
     _TCNT                                       44       2       2       0   .abs_section_44
     _TSCR1                                      46       1       1       2   .abs_section_46
     _TTOV                                       47       1       1       1   .abs_section_47
     _TCTL1                                      48       1       1       1   .abs_section_48
     _TCTL3                                      4A       1       1       0   .abs_section_4a
     _TIE                                        4C       1       1       1   .abs_section_4c
     _TSCR2                                      4D       1       1       2   .abs_section_4d
     _TFLG1                                      4E       1       1       2   .abs_section_4e
     _TFLG2                                      4F       1       1       0   .abs_section_4f
     _TC4                                        58       2       2       1   .abs_section_58
     _TC5                                        5A       2       2       0   .abs_section_5a
     _TC6                                        5C       2       2       0   .abs_section_5c
     _TC7                                        5E       2       2       1   .abs_section_5e
     _PACTL                                      60       1       1       1   .abs_section_60
     _PAFLG                                      61       1       1       0   .abs_section_61
     _PACNT                                      62       2       2       0   .abs_section_62
     _ATDCTL01                                   80       2       2       0   .abs_section_80
     _ATDCTL23                                   82       2       2       0   .abs_section_82
     _ATDCTL45                                   84       2       2       0   .abs_section_84
     _ATDSTAT0                                   86       1       1       0   .abs_section_86
     _ATDTEST1                                   89       1       1       0   .abs_section_89
     _ATDSTAT1                                   8B       1       1       0   .abs_section_8b
     _ATDDIEN                                    8D       1       1       0   .abs_section_8d
     _PORTAD                                     8F       1       1       0   .abs_section_8f
     _ATDDR0                                     90       2       2       0   .abs_section_90
     _ATDDR1                                     92       2       2       0   .abs_section_92
     _ATDDR2                                     94       2       2       0   .abs_section_94
     _ATDDR3                                     96       2       2       0   .abs_section_96
     _ATDDR4                                     98       2       2       0   .abs_section_98
     _ATDDR5                                     9A       2       2       0   .abs_section_9a
     _ATDDR6                                     9C       2       2       0   .abs_section_9c
     _ATDDR7                                     9E       2       2       0   .abs_section_9e
     _SCI0BD                                     C8       2       2       1   .abs_section_c8
     _SCI0CR1                                    CA       1       1       1   .abs_section_ca
     _SCI0CR2                                    CB       1       1       2   .abs_section_cb
     _SCI0SR1                                    CC       1       1       3   .abs_section_cc
     _SCI0SR2                                    CD       1       1       1   .abs_section_cd
     _SCI0DRH                                    CE       1       1       0   .abs_section_ce
     _SCI0DRL                                    CF       1       1       3   .abs_section_cf
     _SCI1BD                                     D0       2       2       0   .abs_section_d0
     _SCI1CR1                                    D2       1       1       0   .abs_section_d2
     _SCI1CR2                                    D3       1       1       0   .abs_section_d3
     _SCI1SR1                                    D4       1       1       0   .abs_section_d4
     _SCI1SR2                                    D5       1       1       0   .abs_section_d5
     _SCI1DRH                                    D6       1       1       0   .abs_section_d6
     _SCI1DRL                                    D7       1       1       0   .abs_section_d7
     _SPICR1                                     D8       1       1       0   .abs_section_d8
     _SPICR2                                     D9       1       1       0   .abs_section_d9
     _SPIBR                                      DA       1       1       0   .abs_section_da
     _SPISR                                      DB       1       1       0   .abs_section_db
     _SPIDR                                      DD       1       1       0   .abs_section_dd
     _IBAD                                       E0       1       1       0   .abs_section_e0
     _IBFD                                       E1       1       1       0   .abs_section_e1
     _IBCR                                       E2       1       1       0   .abs_section_e2
     _IBSR                                       E3       1       1       0   .abs_section_e3
     _IBDR                                       E4       1       1       0   .abs_section_e4
     _FCLKDIV                                   100       1       1       0   .abs_section_100
     _FSEC                                      101       1       1       0   .abs_section_101
     _FCNFG                                     103       1       1       0   .abs_section_103
     _FPROT                                     104       1       1       0   .abs_section_104
     _FSTAT                                     105       1       1       0   .abs_section_105
     _FCMD                                      106       1       1       0   .abs_section_106
     _EPHYCTL0                                  120       1       1       0   .abs_section_120
     _EPHYCTL1                                  121       1       1       0   .abs_section_121
     _EPHYSR                                    122       1       1       0   .abs_section_122
     _NETCTL                                    140       1       1       0   .abs_section_140
     _RXCTS                                     143       1       1       0   .abs_section_143
     _TXCTS                                     144       1       1       0   .abs_section_144
     _ETCTL                                     145       1       1       0   .abs_section_145
     _ETYPE                                     146       2       2       0   .abs_section_146
     _PTIME                                     148       2       2       0   .abs_section_148
     _IEVENT                                    14A       2       2       0   .abs_section_14a
     _IMASK                                     14C       2       2       0   .abs_section_14c
     _SWRST                                     14E       1       1       0   .abs_section_14e
     _MPADR                                     150       1       1       0   .abs_section_150
     _MRADR                                     151       1       1       0   .abs_section_151
     _MWDATA                                    152       2       2       0   .abs_section_152
     _MRDATA                                    154       2       2       0   .abs_section_154
     _MCMST                                     156       1       1       0   .abs_section_156
     _BUFCFG                                    158       2       2       0   .abs_section_158
     _RXAEFP                                    15A       2       2       0   .abs_section_15a
     _RXBEFP                                    15C       2       2       0   .abs_section_15c
     _TXEFP                                     15E       2       2       0   .abs_section_15e
     _MCHASH3                                   160       2       2       0   .abs_section_160
     _MCHASH2                                   162       2       2       0   .abs_section_162
     _MCHASH1                                   164       2       2       0   .abs_section_164
     _MCHASH0                                   166       2       2       0   .abs_section_166
     _MACAD2                                    168       2       2       0   .abs_section_168
     _MACAD1                                    16A       2       2       0   .abs_section_16a
     _MACAD0                                    16C       2       2       0   .abs_section_16c
     _EMISC                                     16E       2       2       0   .abs_section_16e
     _PTT                                       240       1       1       0   .abs_section_240
     _PTIT                                      241       1       1       0   .abs_section_241
     _DDRT                                      242       1       1       0   .abs_section_242
     _RDRT                                      243       1       1       1   .abs_section_243
     _PERT                                      244       1       1       0   .abs_section_244
     _PPST                                      245       1       1       0   .abs_section_245
     _PTS                                       248       1       1       0   .abs_section_248
     _PTIS                                      249       1       1       0   .abs_section_249
     _DDRS                                      24A       1       1       0   .abs_section_24a
     _RDRS                                      24B       1       1       1   .abs_section_24b
     _PERS                                      24C       1       1       0   .abs_section_24c
     _PPSS                                      24D       1       1       0   .abs_section_24d
     _WOMS                                      24E       1       1       1   .abs_section_24e
     _PTG                                       250       1       1       0   .abs_section_250
     _PTIG                                      251       1       1       0   .abs_section_251
     _DDRG                                      252       1       1       0   .abs_section_252
     _RDRG                                      253       1       1       1   .abs_section_253
     _PERG                                      254       1       1       0   .abs_section_254
     _PPSG                                      255       1       1       0   .abs_section_255
     _PIEG                                      256       1       1       0   .abs_section_256
     _PIFG                                      257       1       1       0   .abs_section_257
     _PTH                                       258       1       1       2   .abs_section_258
     _PTIH                                      259       1       1       0   .abs_section_259
     _DDRH                                      25A       1       1       1   .abs_section_25a
     _RDRH                                      25B       1       1       1   .abs_section_25b
     _PERH                                      25C       1       1       1   .abs_section_25c
     _PPSH                                      25D       1       1       1   .abs_section_25d
     _PIEH                                      25E       1       1       1   .abs_section_25e
     _PIFH                                      25F       1       1       0   .abs_section_25f
     _PTJ                                       260       1       1       0   .abs_section_260
     _PTIJ                                      261       1       1       0   .abs_section_261
     _DDRJ                                      262       1       1       0   .abs_section_262
     _RDRJ                                      263       1       1       1   .abs_section_263
     _PERJ                                      264       1       1       0   .abs_section_264
     _PPSJ                                      265       1       1       0   .abs_section_265
     _PIEJ                                      266       1       1       0   .abs_section_266
     _PIFJ                                      267       1       1       0   .abs_section_267
     _PTL                                       268       1       1       3   .abs_section_268
     _PTIL                                      269       1       1       0   .abs_section_269
     _DDRL                                      26A       1       1       1   .abs_section_26a
     _RDRL                                      26B       1       1       1   .abs_section_26b
     _PERL                                      26C       1       1       0   .abs_section_26c
     _PPSL                                      26D       1       1       0   .abs_section_26d
     _WOML                                      26E       1       1       1   .abs_section_26e
     response                                  2000      14      20       1   .data       
     counter                                   2014       1       1       2   .common     
     Cpu_Interrupt                             C000       2       2      59   .init       
     Cpu_Delay100US                            C002       C      12       1   .init       
     _EntryPoint                               C00E      2A      42       3   .init       
     _Startup                                  C042       B      11       1   NON_BANKED  
     UART_Rx                                   C04D      92     146       1   NON_BANKED  
     TI1_Interrupt                             C0DF       9       9       1   NON_BANKED  
     _InterruptVectorTable                     FF80      80     128       0   .abs_section_ff80
     Init                                    3D8000      29      41       2   .text       
     PE_low_level_init                       3D8029      7D     125       2   .text       
     TI1_OnInterrupt                         3D80A6       1       1       2   .text       
     button_check                            3D80A7      1E      30       2   .text       
     UART_SendChar                           3D80C5       9       9       2   .text       
     UART_SendString                         3D80CE      18      24       2   .text       
     main                                    3D80E6      1A      26       2   .text       
     SCI2_Init                               3D8100      16      22       2   .text       
     A0_PutVal                               3D8116       B      11       4   A0_CODE     
     A1_PutVal                               3D8121       B      11       4   A1_CODE     
     leds_PutVal                             3D812C       F      15       6   leds_CODE   

*********************************************************************************************
UNUSED-OBJECTS SECTION
---------------------------------------------------------------------------------------------
NOT USED PROCEDURES
leds.c.o:
  leds_GetMsk leds_GetVal leds_GetBit leds_PutBit leds_ClrBit leds_SetBit 
  leds_NegBit 
NOT USED VARIABLES
Cpu.c.o:
  CCR_reg 
Events.c.o:
  tickA0 tickA1 tickL 
leds.c.o:
  leds_Table 

*********************************************************************************************
COPYDOWN SECTION
---------------------------------------------------------------------------------------------
------- ROM-ADDRESS: 0xC0E8 ---- SIZE       4 ---
Filling bytes inserted
 00132000
------- ROM-ADDRESS: 0xC0EC ---- RAM-ADDRESS: 0x2000 ---- SIZE      19 ---
Name of initialized Object : response
 4F64656272 616C656D20 706F6C6563
 656E6965
------- ROM-ADDRESS: 0xC0FF ---- SIZE       2 ---
Filling bytes inserted
 0000

*********************************************************************************************
OBJECT-DEPENDENCIES SECTION
---------------------------------------------------------------------------------------------
_EntryPoint               USES _INITRM _MISC _PEAR _CLKSEL _PLLCTL _SYNR 
                                _REFDV _CRGFLG _Startup 
_Startup                  USES __SEG_END_SSTACK Init main 
UART_Rx                   USES _SCI0SR1 _SCI0DRL response UART_SendString 
                                A0_PutVal A1_PutVal leds_PutVal 
TI1_Interrupt             USES _TFLG1 TI1_OnInterrupt 
_InterruptVectorTable     USES Cpu_Interrupt UART_Rx TI1_Interrupt _EntryPoint 
Init                      USES _startupData 
PE_low_level_init         USES _PORTAB _PUCR _DDRAB _PIEH _PPSH _PERH _DDRH 
                                _TSCR1 _PACTL _OC7M _TIOS _TCTL1 _TTOV _TSCR2 _TFLG1 
                                _TIE _PTL _WOML _DDRL _WOMS _RDRS _CRGINT _COPCTL 
                                _RDRIV _RDRH _RDRJ _RDRT _RDRL _RDRG _INTCR _TC4 _TC7 
                                SCI2_Init 
button_check              USES _PTH Cpu_Delay100US counter leds_PutVal 
UART_SendChar             USES _SCI0SR1 _SCI0DRL 
UART_SendString           USES UART_SendChar 
main                      USES PE_low_level_init leds_PutVal A0_PutVal 
                                A1_PutVal button_check 
SCI2_Init                 USES _SCI0CR2 _SCI0SR1 _SCI0DRL _SCI0SR2 _SCI0BD 
                                _SCI0CR1 
A0_PutVal                 USES _PORTAB 
A1_PutVal                 USES _PORTAB 
leds_PutVal               USES _PTL 

*********************************************************************************************
DEPENDENCY TREE
*********************************************************************************************
 main and _Startup Group
 | 
 +- main                
 |  | 
 |  +- PE_low_level_init   
 |  |  | 
 |  |  +- SCI2_Init           
 |  |       
 |  +- leds_PutVal         
 |  |    
 |  +- A0_PutVal           
 |  |    
 |  +- A1_PutVal           
 |  |    
 |  +- button_check        
 |     | 
 |     +- Cpu_Delay100US      
 |     |    
 |     +- leds_PutVal          (see above)
 |        
 +- _EntryPoint         
    | 
    +- _Startup            
       | 
       +- Init                
       |    
       +- main                 (see above)
          
 _InterruptVectorTable
 | 
 +- Cpu_Interrupt       
 |    
 +- UART_Rx             
 |  | 
 |  +- UART_SendString     
 |  |  | 
 |  |  +- UART_SendChar       
 |  |       
 |  +- A0_PutVal            (see above)
 |  |  
 |  +- A1_PutVal            (see above)
 |  |  
 |  +- leds_PutVal          (see above)
 |     
 +- TI1_Interrupt       
 |  | 
 |  +- TI1_OnInterrupt     
 |       
 +- _EntryPoint          (see above)
    
*********************************************************************************************
STATISTIC SECTION
---------------------------------------------------------------------------------------------

ExeFile:
--------
Number of blocks to be downloaded: 8
Total size of all blocks to be downloaded: 700

