19:37:15 **** Build of configuration Debug for project tes01 ****
make all 
'Building file: ../startup/startup_stm32l1xx_xl.s'
'Invoking: MCU GCC Assembler'
C:\Users\bluemann\Desktop\nucleo\L152\tes01\Debug
arm-none-eabi-as -mcpu=cortex-m3 -mthumb -mfloat-abi=soft -I"C:/Users/bluemann/Desktop/nucleo/L152/tes01/inc" -I"C:/Users/bluemann/Desktop/nucleo/L152/tes01/CMSIS/core" -I"C:/Users/bluemann/Desktop/nucleo/L152/tes01/CMSIS/device" -I"C:/Users/bluemann/Desktop/nucleo/L152/tes01/StdPeriph_Driver/inc" -I"C:/Users/bluemann/Desktop/nucleo/L152/tes01/Utilities" -g -o "startup/startup_stm32l1xx_xl.o" "../startup/startup_stm32l1xx_xl.s"
'Finished building: ../startup/startup_stm32l1xx_xl.s'
' '
'Building file: ../src/main.c'
'Invoking: MCU GCC Compiler'
C:\Users\bluemann\Desktop\nucleo\L152\tes01\Debug
arm-none-eabi-gcc -mcpu=cortex-m3 -mthumb -mfloat-abi=soft -DSTM32L1 -DSTM32L152RETx -DNUCLEO_L152RE -DSTM32 -DDEBUG -DUSE_STDPERIPH_DRIVER -DSTM32L1XX_XL -I"C:/Users/bluemann/Desktop/nucleo/L152/tes01/inc" -I"C:/Users/bluemann/Desktop/nucleo/L152/tes01/CMSIS/core" -I"C:/Users/bluemann/Desktop/nucleo/L152/tes01/CMSIS/device" -I"C:/Users/bluemann/Desktop/nucleo/L152/tes01/StdPeriph_Driver/inc" -I"C:/Users/bluemann/Desktop/nucleo/L152/tes01/Utilities" -O0 -g3 -Wall -fmessage-length=0 -ffunction-sections -c -MMD -MP -MF"src/main.d" -MT"src/main.o" -o "src/main.o" "../src/main.c"
'Finished building: ../src/main.c'
' '
'Building file: ../src/syscalls.c'
'Invoking: MCU GCC Compiler'
C:\Users\bluemann\Desktop\nucleo\L152\tes01\Debug
arm-none-eabi-gcc -mcpu=cortex-m3 -mthumb -mfloat-abi=soft -DSTM32L1 -DSTM32L152RETx -DNUCLEO_L152RE -DSTM32 -DDEBUG -DUSE_STDPERIPH_DRIVER -DSTM32L1XX_XL -I"C:/Users/bluemann/Desktop/nucleo/L152/tes01/inc" -I"C:/Users/bluemann/Desktop/nucleo/L152/tes01/CMSIS/core" -I"C:/Users/bluemann/Desktop/nucleo/L152/tes01/CMSIS/device" -I"C:/Users/bluemann/Desktop/nucleo/L152/tes01/StdPeriph_Driver/inc" -I"C:/Users/bluemann/Desktop/nucleo/L152/tes01/Utilities" -O0 -g3 -Wall -fmessage-length=0 -ffunction-sections -c -MMD -MP -MF"src/syscalls.d" -MT"src/syscalls.o" -o "src/syscalls.o" "../src/syscalls.c"
'Finished building: ../src/syscalls.c'
' '
'Building file: ../src/system_stm32l1xx.c'
'Invoking: MCU GCC Compiler'
C:\Users\bluemann\Desktop\nucleo\L152\tes01\Debug
arm-none-eabi-gcc -mcpu=cortex-m3 -mthumb -mfloat-abi=soft -DSTM32L1 -DSTM32L152RETx -DNUCLEO_L152RE -DSTM32 -DDEBUG -DUSE_STDPERIPH_DRIVER -DSTM32L1XX_XL -I"C:/Users/bluemann/Desktop/nucleo/L152/tes01/inc" -I"C:/Users/bluemann/Desktop/nucleo/L152/tes01/CMSIS/core" -I"C:/Users/bluemann/Desktop/nucleo/L152/tes01/CMSIS/device" -I"C:/Users/bluemann/Desktop/nucleo/L152/tes01/StdPeriph_Driver/inc" -I"C:/Users/bluemann/Desktop/nucleo/L152/tes01/Utilities" -O0 -g3 -Wall -fmessage-length=0 -ffunction-sections -c -MMD -MP -MF"src/system_stm32l1xx.d" -MT"src/system_stm32l1xx.o" -o "src/system_stm32l1xx.o" "../src/system_stm32l1xx.c"
../src/system_stm32l1xx.c: In function 'SetSysClock':
../src/system_stm32l1xx.c:288:52: warning: unused variable 'HSEStatus' [-Wunused-variable]
   __IO uint32_t StartUpCounter = 0, HSIStatus = 0, HSEStatus = 0;
                                                    ^
'Finished building: ../src/system_stm32l1xx.c'
' '
'Building file: ../Utilities/stm32l1xx_nucleo.c'
'Invoking: MCU GCC Compiler'
C:\Users\bluemann\Desktop\nucleo\L152\tes01\Debug
arm-none-eabi-gcc -mcpu=cortex-m3 -mthumb -mfloat-abi=soft -DSTM32L1 -DSTM32L152RETx -DNUCLEO_L152RE -DSTM32 -DDEBUG -DUSE_STDPERIPH_DRIVER -DSTM32L1XX_XL -I"C:/Users/bluemann/Desktop/nucleo/L152/tes01/inc" -I"C:/Users/bluemann/Desktop/nucleo/L152/tes01/CMSIS/core" -I"C:/Users/bluemann/Desktop/nucleo/L152/tes01/CMSIS/device" -I"C:/Users/bluemann/Desktop/nucleo/L152/tes01/StdPeriph_Driver/inc" -I"C:/Users/bluemann/Desktop/nucleo/L152/tes01/Utilities" -O0 -g3 -Wall -fmessage-length=0 -ffunction-sections -c -MMD -MP -MF"Utilities/stm32l1xx_nucleo.d" -MT"Utilities/stm32l1xx_nucleo.o" -o "Utilities/stm32l1xx_nucleo.o" "../Utilities/stm32l1xx_nucleo.c"
'Finished building: ../Utilities/stm32l1xx_nucleo.c'
' '
'Building file: ../StdPeriph_Driver/src/misc.c'
'Invoking: MCU GCC Compiler'
C:\Users\bluemann\Desktop\nucleo\L152\tes01\Debug
arm-none-eabi-gcc -mcpu=cortex-m3 -mthumb -mfloat-abi=soft -DSTM32L1 -DSTM32L152RETx -DNUCLEO_L152RE -DSTM32 -DDEBUG -DUSE_STDPERIPH_DRIVER -DSTM32L1XX_XL -I"C:/Users/bluemann/Desktop/nucleo/L152/tes01/inc" -I"C:/Users/bluemann/Desktop/nucleo/L152/tes01/CMSIS/core" -I"C:/Users/bluemann/Desktop/nucleo/L152/tes01/CMSIS/device" -I"C:/Users/bluemann/Desktop/nucleo/L152/tes01/StdPeriph_Driver/inc" -I"C:/Users/bluemann/Desktop/nucleo/L152/tes01/Utilities" -O0 -g3 -Wall -fmessage-length=0 -ffunction-sections -c -MMD -MP -MF"StdPeriph_Driver/src/misc.d" -MT"StdPeriph_Driver/src/misc.o" -o "StdPeriph_Driver/src/misc.o" "../StdPeriph_Driver/src/misc.c"
'Finished building: ../StdPeriph_Driver/src/misc.c'
' '
'Building file: ../StdPeriph_Driver/src/stm32l1xx_adc.c'
'Invoking: MCU GCC Compiler'
C:\Users\bluemann\Desktop\nucleo\L152\tes01\Debug
arm-none-eabi-gcc -mcpu=cortex-m3 -mthumb -mfloat-abi=soft -DSTM32L1 -DSTM32L152RETx -DNUCLEO_L152RE -DSTM32 -DDEBUG -DUSE_STDPERIPH_DRIVER -DSTM32L1XX_XL -I"C:/Users/bluemann/Desktop/nucleo/L152/tes01/inc" -I"C:/Users/bluemann/Desktop/nucleo/L152/tes01/CMSIS/core" -I"C:/Users/bluemann/Desktop/nucleo/L152/tes01/CMSIS/device" -I"C:/Users/bluemann/Desktop/nucleo/L152/tes01/StdPeriph_Driver/inc" -I"C:/Users/bluemann/Desktop/nucleo/L152/tes01/Utilities" -O0 -g3 -Wall -fmessage-length=0 -ffunction-sections -c -MMD -MP -MF"StdPeriph_Driver/src/stm32l1xx_adc.d" -MT"StdPeriph_Driver/src/stm32l1xx_adc.o" -o "StdPeriph_Driver/src/stm32l1xx_adc.o" "../StdPeriph_Driver/src/stm32l1xx_adc.c"
'Finished building: ../StdPeriph_Driver/src/stm32l1xx_adc.c'
' '
'Building file: ../StdPeriph_Driver/src/stm32l1xx_aes.c'
'Invoking: MCU GCC Compiler'
C:\Users\bluemann\Desktop\nucleo\L152\tes01\Debug
arm-none-eabi-gcc -mcpu=cortex-m3 -mthumb -mfloat-abi=soft -DSTM32L1 -DSTM32L152RETx -DNUCLEO_L152RE -DSTM32 -DDEBUG -DUSE_STDPERIPH_DRIVER -DSTM32L1XX_XL -I"C:/Users/bluemann/Desktop/nucleo/L152/tes01/inc" -I"C:/Users/bluemann/Desktop/nucleo/L152/tes01/CMSIS/core" -I"C:/Users/bluemann/Desktop/nucleo/L152/tes01/CMSIS/device" -I"C:/Users/bluemann/Desktop/nucleo/L152/tes01/StdPeriph_Driver/inc" -I"C:/Users/bluemann/Desktop/nucleo/L152/tes01/Utilities" -O0 -g3 -Wall -fmessage-length=0 -ffunction-sections -c -MMD -MP -MF"StdPeriph_Driver/src/stm32l1xx_aes.d" -MT"StdPeriph_Driver/src/stm32l1xx_aes.o" -o "StdPeriph_Driver/src/stm32l1xx_aes.o" "../StdPeriph_Driver/src/stm32l1xx_aes.c"
'Finished building: ../StdPeriph_Driver/src/stm32l1xx_aes.c'
' '
'Building file: ../StdPeriph_Driver/src/stm32l1xx_aes_util.c'
'Invoking: MCU GCC Compiler'
C:\Users\bluemann\Desktop\nucleo\L152\tes01\Debug
arm-none-eabi-gcc -mcpu=cortex-m3 -mthumb -mfloat-abi=soft -DSTM32L1 -DSTM32L152RETx -DNUCLEO_L152RE -DSTM32 -DDEBUG -DUSE_STDPERIPH_DRIVER -DSTM32L1XX_XL -I"C:/Users/bluemann/Desktop/nucleo/L152/tes01/inc" -I"C:/Users/bluemann/Desktop/nucleo/L152/tes01/CMSIS/core" -I"C:/Users/bluemann/Desktop/nucleo/L152/tes01/CMSIS/device" -I"C:/Users/bluemann/Desktop/nucleo/L152/tes01/StdPeriph_Driver/inc" -I"C:/Users/bluemann/Desktop/nucleo/L152/tes01/Utilities" -O0 -g3 -Wall -fmessage-length=0 -ffunction-sections -c -MMD -MP -MF"StdPeriph_Driver/src/stm32l1xx_aes_util.d" -MT"StdPeriph_Driver/src/stm32l1xx_aes_util.o" -o "StdPeriph_Driver/src/stm32l1xx_aes_util.o" "../StdPeriph_Driver/src/stm32l1xx_aes_util.c"
'Finished building: ../StdPeriph_Driver/src/stm32l1xx_aes_util.c'
' '
'Building file: ../StdPeriph_Driver/src/stm32l1xx_comp.c'
'Invoking: MCU GCC Compiler'
C:\Users\bluemann\Desktop\nucleo\L152\tes01\Debug
arm-none-eabi-gcc -mcpu=cortex-m3 -mthumb -mfloat-abi=soft -DSTM32L1 -DSTM32L152RETx -DNUCLEO_L152RE -DSTM32 -DDEBUG -DUSE_STDPERIPH_DRIVER -DSTM32L1XX_XL -I"C:/Users/bluemann/Desktop/nucleo/L152/tes01/inc" -I"C:/Users/bluemann/Desktop/nucleo/L152/tes01/CMSIS/core" -I"C:/Users/bluemann/Desktop/nucleo/L152/tes01/CMSIS/device" -I"C:/Users/bluemann/Desktop/nucleo/L152/tes01/StdPeriph_Driver/inc" -I"C:/Users/bluemann/Desktop/nucleo/L152/tes01/Utilities" -O0 -g3 -Wall -fmessage-length=0 -ffunction-sections -c -MMD -MP -MF"StdPeriph_Driver/src/stm32l1xx_comp.d" -MT"StdPeriph_Driver/src/stm32l1xx_comp.o" -o "StdPeriph_Driver/src/stm32l1xx_comp.o" "../StdPeriph_Driver/src/stm32l1xx_comp.c"
'Finished building: ../StdPeriph_Driver/src/stm32l1xx_comp.c'
' '
'Building file: ../StdPeriph_Driver/src/stm32l1xx_crc.c'
'Invoking: MCU GCC Compiler'
C:\Users\bluemann\Desktop\nucleo\L152\tes01\Debug
arm-none-eabi-gcc -mcpu=cortex-m3 -mthumb -mfloat-abi=soft -DSTM32L1 -DSTM32L152RETx -DNUCLEO_L152RE -DSTM32 -DDEBUG -DUSE_STDPERIPH_DRIVER -DSTM32L1XX_XL -I"C:/Users/bluemann/Desktop/nucleo/L152/tes01/inc" -I"C:/Users/bluemann/Desktop/nucleo/L152/tes01/CMSIS/core" -I"C:/Users/bluemann/Desktop/nucleo/L152/tes01/CMSIS/device" -I"C:/Users/bluemann/Desktop/nucleo/L152/tes01/StdPeriph_Driver/inc" -I"C:/Users/bluemann/Desktop/nucleo/L152/tes01/Utilities" -O0 -g3 -Wall -fmessage-length=0 -ffunction-sections -c -MMD -MP -MF"StdPeriph_Driver/src/stm32l1xx_crc.d" -MT"StdPeriph_Driver/src/stm32l1xx_crc.o" -o "StdPeriph_Driver/src/stm32l1xx_crc.o" "../StdPeriph_Driver/src/stm32l1xx_crc.c"
'Finished building: ../StdPeriph_Driver/src/stm32l1xx_crc.c'
' '
'Building file: ../StdPeriph_Driver/src/stm32l1xx_dac.c'
'Invoking: MCU GCC Compiler'
C:\Users\bluemann\Desktop\nucleo\L152\tes01\Debug
arm-none-eabi-gcc -mcpu=cortex-m3 -mthumb -mfloat-abi=soft -DSTM32L1 -DSTM32L152RETx -DNUCLEO_L152RE -DSTM32 -DDEBUG -DUSE_STDPERIPH_DRIVER -DSTM32L1XX_XL -I"C:/Users/bluemann/Desktop/nucleo/L152/tes01/inc" -I"C:/Users/bluemann/Desktop/nucleo/L152/tes01/CMSIS/core" -I"C:/Users/bluemann/Desktop/nucleo/L152/tes01/CMSIS/device" -I"C:/Users/bluemann/Desktop/nucleo/L152/tes01/StdPeriph_Driver/inc" -I"C:/Users/bluemann/Desktop/nucleo/L152/tes01/Utilities" -O0 -g3 -Wall -fmessage-length=0 -ffunction-sections -c -MMD -MP -MF"StdPeriph_Driver/src/stm32l1xx_dac.d" -MT"StdPeriph_Driver/src/stm32l1xx_dac.o" -o "StdPeriph_Driver/src/stm32l1xx_dac.o" "../StdPeriph_Driver/src/stm32l1xx_dac.c"
'Finished building: ../StdPeriph_Driver/src/stm32l1xx_dac.c'
' '
'Building file: ../StdPeriph_Driver/src/stm32l1xx_dbgmcu.c'
'Invoking: MCU GCC Compiler'
C:\Users\bluemann\Desktop\nucleo\L152\tes01\Debug
arm-none-eabi-gcc -mcpu=cortex-m3 -mthumb -mfloat-abi=soft -DSTM32L1 -DSTM32L152RETx -DNUCLEO_L152RE -DSTM32 -DDEBUG -DUSE_STDPERIPH_DRIVER -DSTM32L1XX_XL -I"C:/Users/bluemann/Desktop/nucleo/L152/tes01/inc" -I"C:/Users/bluemann/Desktop/nucleo/L152/tes01/CMSIS/core" -I"C:/Users/bluemann/Desktop/nucleo/L152/tes01/CMSIS/device" -I"C:/Users/bluemann/Desktop/nucleo/L152/tes01/StdPeriph_Driver/inc" -I"C:/Users/bluemann/Desktop/nucleo/L152/tes01/Utilities" -O0 -g3 -Wall -fmessage-length=0 -ffunction-sections -c -MMD -MP -MF"StdPeriph_Driver/src/stm32l1xx_dbgmcu.d" -MT"StdPeriph_Driver/src/stm32l1xx_dbgmcu.o" -o "StdPeriph_Driver/src/stm32l1xx_dbgmcu.o" "../StdPeriph_Driver/src/stm32l1xx_dbgmcu.c"
'Finished building: ../StdPeriph_Driver/src/stm32l1xx_dbgmcu.c'
' '
'Building file: ../StdPeriph_Driver/src/stm32l1xx_dma.c'
'Invoking: MCU GCC Compiler'
C:\Users\bluemann\Desktop\nucleo\L152\tes01\Debug
arm-none-eabi-gcc -mcpu=cortex-m3 -mthumb -mfloat-abi=soft -DSTM32L1 -DSTM32L152RETx -DNUCLEO_L152RE -DSTM32 -DDEBUG -DUSE_STDPERIPH_DRIVER -DSTM32L1XX_XL -I"C:/Users/bluemann/Desktop/nucleo/L152/tes01/inc" -I"C:/Users/bluemann/Desktop/nucleo/L152/tes01/CMSIS/core" -I"C:/Users/bluemann/Desktop/nucleo/L152/tes01/CMSIS/device" -I"C:/Users/bluemann/Desktop/nucleo/L152/tes01/StdPeriph_Driver/inc" -I"C:/Users/bluemann/Desktop/nucleo/L152/tes01/Utilities" -O0 -g3 -Wall -fmessage-length=0 -ffunction-sections -c -MMD -MP -MF"StdPeriph_Driver/src/stm32l1xx_dma.d" -MT"StdPeriph_Driver/src/stm32l1xx_dma.o" -o "StdPeriph_Driver/src/stm32l1xx_dma.o" "../StdPeriph_Driver/src/stm32l1xx_dma.c"
'Finished building: ../StdPeriph_Driver/src/stm32l1xx_dma.c'
' '
'Building file: ../StdPeriph_Driver/src/stm32l1xx_exti.c'
'Invoking: MCU GCC Compiler'
C:\Users\bluemann\Desktop\nucleo\L152\tes01\Debug
arm-none-eabi-gcc -mcpu=cortex-m3 -mthumb -mfloat-abi=soft -DSTM32L1 -DSTM32L152RETx -DNUCLEO_L152RE -DSTM32 -DDEBUG -DUSE_STDPERIPH_DRIVER -DSTM32L1XX_XL -I"C:/Users/bluemann/Desktop/nucleo/L152/tes01/inc" -I"C:/Users/bluemann/Desktop/nucleo/L152/tes01/CMSIS/core" -I"C:/Users/bluemann/Desktop/nucleo/L152/tes01/CMSIS/device" -I"C:/Users/bluemann/Desktop/nucleo/L152/tes01/StdPeriph_Driver/inc" -I"C:/Users/bluemann/Desktop/nucleo/L152/tes01/Utilities" -O0 -g3 -Wall -fmessage-length=0 -ffunction-sections -c -MMD -MP -MF"StdPeriph_Driver/src/stm32l1xx_exti.d" -MT"StdPeriph_Driver/src/stm32l1xx_exti.o" -o "StdPeriph_Driver/src/stm32l1xx_exti.o" "../StdPeriph_Driver/src/stm32l1xx_exti.c"
'Finished building: ../StdPeriph_Driver/src/stm32l1xx_exti.c'
' '
'Building file: ../StdPeriph_Driver/src/stm32l1xx_flash.c'
'Invoking: MCU GCC Compiler'
C:\Users\bluemann\Desktop\nucleo\L152\tes01\Debug
arm-none-eabi-gcc -mcpu=cortex-m3 -mthumb -mfloat-abi=soft -DSTM32L1 -DSTM32L152RETx -DNUCLEO_L152RE -DSTM32 -DDEBUG -DUSE_STDPERIPH_DRIVER -DSTM32L1XX_XL -I"C:/Users/bluemann/Desktop/nucleo/L152/tes01/inc" -I"C:/Users/bluemann/Desktop/nucleo/L152/tes01/CMSIS/core" -I"C:/Users/bluemann/Desktop/nucleo/L152/tes01/CMSIS/device" -I"C:/Users/bluemann/Desktop/nucleo/L152/tes01/StdPeriph_Driver/inc" -I"C:/Users/bluemann/Desktop/nucleo/L152/tes01/Utilities" -O0 -g3 -Wall -fmessage-length=0 -ffunction-sections -c -MMD -MP -MF"StdPeriph_Driver/src/stm32l1xx_flash.d" -MT"StdPeriph_Driver/src/stm32l1xx_flash.o" -o "StdPeriph_Driver/src/stm32l1xx_flash.o" "../StdPeriph_Driver/src/stm32l1xx_flash.c"
'Finished building: ../StdPeriph_Driver/src/stm32l1xx_flash.c'
' '
'Building file: ../StdPeriph_Driver/src/stm32l1xx_flash_ramfunc.c'
'Invoking: MCU GCC Compiler'
C:\Users\bluemann\Desktop\nucleo\L152\tes01\Debug
arm-none-eabi-gcc -mcpu=cortex-m3 -mthumb -mfloat-abi=soft -DSTM32L1 -DSTM32L152RETx -DNUCLEO_L152RE -DSTM32 -DDEBUG -DUSE_STDPERIPH_DRIVER -DSTM32L1XX_XL -I"C:/Users/bluemann/Desktop/nucleo/L152/tes01/inc" -I"C:/Users/bluemann/Desktop/nucleo/L152/tes01/CMSIS/core" -I"C:/Users/bluemann/Desktop/nucleo/L152/tes01/CMSIS/device" -I"C:/Users/bluemann/Desktop/nucleo/L152/tes01/StdPeriph_Driver/inc" -I"C:/Users/bluemann/Desktop/nucleo/L152/tes01/Utilities" -O0 -g3 -Wall -fmessage-length=0 -ffunction-sections -c -MMD -MP -MF"StdPeriph_Driver/src/stm32l1xx_flash_ramfunc.d" -MT"StdPeriph_Driver/src/stm32l1xx_flash_ramfunc.o" -o "StdPeriph_Driver/src/stm32l1xx_flash_ramfunc.o" "../StdPeriph_Driver/src/stm32l1xx_flash_ramfunc.c"
'Finished building: ../StdPeriph_Driver/src/stm32l1xx_flash_ramfunc.c'
' '
'Building file: ../StdPeriph_Driver/src/stm32l1xx_fsmc.c'
'Invoking: MCU GCC Compiler'
C:\Users\bluemann\Desktop\nucleo\L152\tes01\Debug
arm-none-eabi-gcc -mcpu=cortex-m3 -mthumb -mfloat-abi=soft -DSTM32L1 -DSTM32L152RETx -DNUCLEO_L152RE -DSTM32 -DDEBUG -DUSE_STDPERIPH_DRIVER -DSTM32L1XX_XL -I"C:/Users/bluemann/Desktop/nucleo/L152/tes01/inc" -I"C:/Users/bluemann/Desktop/nucleo/L152/tes01/CMSIS/core" -I"C:/Users/bluemann/Desktop/nucleo/L152/tes01/CMSIS/device" -I"C:/Users/bluemann/Desktop/nucleo/L152/tes01/StdPeriph_Driver/inc" -I"C:/Users/bluemann/Desktop/nucleo/L152/tes01/Utilities" -O0 -g3 -Wall -fmessage-length=0 -ffunction-sections -c -MMD -MP -MF"StdPeriph_Driver/src/stm32l1xx_fsmc.d" -MT"StdPeriph_Driver/src/stm32l1xx_fsmc.o" -o "StdPeriph_Driver/src/stm32l1xx_fsmc.o" "../StdPeriph_Driver/src/stm32l1xx_fsmc.c"
'Finished building: ../StdPeriph_Driver/src/stm32l1xx_fsmc.c'
' '
'Building file: ../StdPeriph_Driver/src/stm32l1xx_gpio.c'
'Invoking: MCU GCC Compiler'
C:\Users\bluemann\Desktop\nucleo\L152\tes01\Debug
arm-none-eabi-gcc -mcpu=cortex-m3 -mthumb -mfloat-abi=soft -DSTM32L1 -DSTM32L152RETx -DNUCLEO_L152RE -DSTM32 -DDEBUG -DUSE_STDPERIPH_DRIVER -DSTM32L1XX_XL -I"C:/Users/bluemann/Desktop/nucleo/L152/tes01/inc" -I"C:/Users/bluemann/Desktop/nucleo/L152/tes01/CMSIS/core" -I"C:/Users/bluemann/Desktop/nucleo/L152/tes01/CMSIS/device" -I"C:/Users/bluemann/Desktop/nucleo/L152/tes01/StdPeriph_Driver/inc" -I"C:/Users/bluemann/Desktop/nucleo/L152/tes01/Utilities" -O0 -g3 -Wall -fmessage-length=0 -ffunction-sections -c -MMD -MP -MF"StdPeriph_Driver/src/stm32l1xx_gpio.d" -MT"StdPeriph_Driver/src/stm32l1xx_gpio.o" -o "StdPeriph_Driver/src/stm32l1xx_gpio.o" "../StdPeriph_Driver/src/stm32l1xx_gpio.c"
'Finished building: ../StdPeriph_Driver/src/stm32l1xx_gpio.c'
' '
'Building file: ../StdPeriph_Driver/src/stm32l1xx_i2c.c'
'Invoking: MCU GCC Compiler'
C:\Users\bluemann\Desktop\nucleo\L152\tes01\Debug
arm-none-eabi-gcc -mcpu=cortex-m3 -mthumb -mfloat-abi=soft -DSTM32L1 -DSTM32L152RETx -DNUCLEO_L152RE -DSTM32 -DDEBUG -DUSE_STDPERIPH_DRIVER -DSTM32L1XX_XL -I"C:/Users/bluemann/Desktop/nucleo/L152/tes01/inc" -I"C:/Users/bluemann/Desktop/nucleo/L152/tes01/CMSIS/core" -I"C:/Users/bluemann/Desktop/nucleo/L152/tes01/CMSIS/device" -I"C:/Users/bluemann/Desktop/nucleo/L152/tes01/StdPeriph_Driver/inc" -I"C:/Users/bluemann/Desktop/nucleo/L152/tes01/Utilities" -O0 -g3 -Wall -fmessage-length=0 -ffunction-sections -c -MMD -MP -MF"StdPeriph_Driver/src/stm32l1xx_i2c.d" -MT"StdPeriph_Driver/src/stm32l1xx_i2c.o" -o "StdPeriph_Driver/src/stm32l1xx_i2c.o" "../StdPeriph_Driver/src/stm32l1xx_i2c.c"
'Finished building: ../StdPeriph_Driver/src/stm32l1xx_i2c.c'
' '
'Building file: ../StdPeriph_Driver/src/stm32l1xx_iwdg.c'
'Invoking: MCU GCC Compiler'
C:\Users\bluemann\Desktop\nucleo\L152\tes01\Debug
arm-none-eabi-gcc -mcpu=cortex-m3 -mthumb -mfloat-abi=soft -DSTM32L1 -DSTM32L152RETx -DNUCLEO_L152RE -DSTM32 -DDEBUG -DUSE_STDPERIPH_DRIVER -DSTM32L1XX_XL -I"C:/Users/bluemann/Desktop/nucleo/L152/tes01/inc" -I"C:/Users/bluemann/Desktop/nucleo/L152/tes01/CMSIS/core" -I"C:/Users/bluemann/Desktop/nucleo/L152/tes01/CMSIS/device" -I"C:/Users/bluemann/Desktop/nucleo/L152/tes01/StdPeriph_Driver/inc" -I"C:/Users/bluemann/Desktop/nucleo/L152/tes01/Utilities" -O0 -g3 -Wall -fmessage-length=0 -ffunction-sections -c -MMD -MP -MF"StdPeriph_Driver/src/stm32l1xx_iwdg.d" -MT"StdPeriph_Driver/src/stm32l1xx_iwdg.o" -o "StdPeriph_Driver/src/stm32l1xx_iwdg.o" "../StdPeriph_Driver/src/stm32l1xx_iwdg.c"
'Finished building: ../StdPeriph_Driver/src/stm32l1xx_iwdg.c'
' '
'Building file: ../StdPeriph_Driver/src/stm32l1xx_lcd.c'
'Invoking: MCU GCC Compiler'
C:\Users\bluemann\Desktop\nucleo\L152\tes01\Debug
arm-none-eabi-gcc -mcpu=cortex-m3 -mthumb -mfloat-abi=soft -DSTM32L1 -DSTM32L152RETx -DNUCLEO_L152RE -DSTM32 -DDEBUG -DUSE_STDPERIPH_DRIVER -DSTM32L1XX_XL -I"C:/Users/bluemann/Desktop/nucleo/L152/tes01/inc" -I"C:/Users/bluemann/Desktop/nucleo/L152/tes01/CMSIS/core" -I"C:/Users/bluemann/Desktop/nucleo/L152/tes01/CMSIS/device" -I"C:/Users/bluemann/Desktop/nucleo/L152/tes01/StdPeriph_Driver/inc" -I"C:/Users/bluemann/Desktop/nucleo/L152/tes01/Utilities" -O0 -g3 -Wall -fmessage-length=0 -ffunction-sections -c -MMD -MP -MF"StdPeriph_Driver/src/stm32l1xx_lcd.d" -MT"StdPeriph_Driver/src/stm32l1xx_lcd.o" -o "StdPeriph_Driver/src/stm32l1xx_lcd.o" "../StdPeriph_Driver/src/stm32l1xx_lcd.c"
'Finished building: ../StdPeriph_Driver/src/stm32l1xx_lcd.c'
' '
'Building file: ../StdPeriph_Driver/src/stm32l1xx_opamp.c'
'Invoking: MCU GCC Compiler'
C:\Users\bluemann\Desktop\nucleo\L152\tes01\Debug
arm-none-eabi-gcc -mcpu=cortex-m3 -mthumb -mfloat-abi=soft -DSTM32L1 -DSTM32L152RETx -DNUCLEO_L152RE -DSTM32 -DDEBUG -DUSE_STDPERIPH_DRIVER -DSTM32L1XX_XL -I"C:/Users/bluemann/Desktop/nucleo/L152/tes01/inc" -I"C:/Users/bluemann/Desktop/nucleo/L152/tes01/CMSIS/core" -I"C:/Users/bluemann/Desktop/nucleo/L152/tes01/CMSIS/device" -I"C:/Users/bluemann/Desktop/nucleo/L152/tes01/StdPeriph_Driver/inc" -I"C:/Users/bluemann/Desktop/nucleo/L152/tes01/Utilities" -O0 -g3 -Wall -fmessage-length=0 -ffunction-sections -c -MMD -MP -MF"StdPeriph_Driver/src/stm32l1xx_opamp.d" -MT"StdPeriph_Driver/src/stm32l1xx_opamp.o" -o "StdPeriph_Driver/src/stm32l1xx_opamp.o" "../StdPeriph_Driver/src/stm32l1xx_opamp.c"
'Finished building: ../StdPeriph_Driver/src/stm32l1xx_opamp.c'
' '
'Building file: ../StdPeriph_Driver/src/stm32l1xx_pwr.c'
'Invoking: MCU GCC Compiler'
C:\Users\bluemann\Desktop\nucleo\L152\tes01\Debug
arm-none-eabi-gcc -mcpu=cortex-m3 -mthumb -mfloat-abi=soft -DSTM32L1 -DSTM32L152RETx -DNUCLEO_L152RE -DSTM32 -DDEBUG -DUSE_STDPERIPH_DRIVER -DSTM32L1XX_XL -I"C:/Users/bluemann/Desktop/nucleo/L152/tes01/inc" -I"C:/Users/bluemann/Desktop/nucleo/L152/tes01/CMSIS/core" -I"C:/Users/bluemann/Desktop/nucleo/L152/tes01/CMSIS/device" -I"C:/Users/bluemann/Desktop/nucleo/L152/tes01/StdPeriph_Driver/inc" -I"C:/Users/bluemann/Desktop/nucleo/L152/tes01/Utilities" -O0 -g3 -Wall -fmessage-length=0 -ffunction-sections -c -MMD -MP -MF"StdPeriph_Driver/src/stm32l1xx_pwr.d" -MT"StdPeriph_Driver/src/stm32l1xx_pwr.o" -o "StdPeriph_Driver/src/stm32l1xx_pwr.o" "../StdPeriph_Driver/src/stm32l1xx_pwr.c"
'Finished building: ../StdPeriph_Driver/src/stm32l1xx_pwr.c'
' '
'Building file: ../StdPeriph_Driver/src/stm32l1xx_rcc.c'
'Invoking: MCU GCC Compiler'
C:\Users\bluemann\Desktop\nucleo\L152\tes01\Debug
arm-none-eabi-gcc -mcpu=cortex-m3 -mthumb -mfloat-abi=soft -DSTM32L1 -DSTM32L152RETx -DNUCLEO_L152RE -DSTM32 -DDEBUG -DUSE_STDPERIPH_DRIVER -DSTM32L1XX_XL -I"C:/Users/bluemann/Desktop/nucleo/L152/tes01/inc" -I"C:/Users/bluemann/Desktop/nucleo/L152/tes01/CMSIS/core" -I"C:/Users/bluemann/Desktop/nucleo/L152/tes01/CMSIS/device" -I"C:/Users/bluemann/Desktop/nucleo/L152/tes01/StdPeriph_Driver/inc" -I"C:/Users/bluemann/Desktop/nucleo/L152/tes01/Utilities" -O0 -g3 -Wall -fmessage-length=0 -ffunction-sections -c -MMD -MP -MF"StdPeriph_Driver/src/stm32l1xx_rcc.d" -MT"StdPeriph_Driver/src/stm32l1xx_rcc.o" -o "StdPeriph_Driver/src/stm32l1xx_rcc.o" "../StdPeriph_Driver/src/stm32l1xx_rcc.c"
'Finished building: ../StdPeriph_Driver/src/stm32l1xx_rcc.c'
' '
'Building file: ../StdPeriph_Driver/src/stm32l1xx_rtc.c'
'Invoking: MCU GCC Compiler'
C:\Users\bluemann\Desktop\nucleo\L152\tes01\Debug
arm-none-eabi-gcc -mcpu=cortex-m3 -mthumb -mfloat-abi=soft -DSTM32L1 -DSTM32L152RETx -DNUCLEO_L152RE -DSTM32 -DDEBUG -DUSE_STDPERIPH_DRIVER -DSTM32L1XX_XL -I"C:/Users/bluemann/Desktop/nucleo/L152/tes01/inc" -I"C:/Users/bluemann/Desktop/nucleo/L152/tes01/CMSIS/core" -I"C:/Users/bluemann/Desktop/nucleo/L152/tes01/CMSIS/device" -I"C:/Users/bluemann/Desktop/nucleo/L152/tes01/StdPeriph_Driver/inc" -I"C:/Users/bluemann/Desktop/nucleo/L152/tes01/Utilities" -O0 -g3 -Wall -fmessage-length=0 -ffunction-sections -c -MMD -MP -MF"StdPeriph_Driver/src/stm32l1xx_rtc.d" -MT"StdPeriph_Driver/src/stm32l1xx_rtc.o" -o "StdPeriph_Driver/src/stm32l1xx_rtc.o" "../StdPeriph_Driver/src/stm32l1xx_rtc.c"
'Finished building: ../StdPeriph_Driver/src/stm32l1xx_rtc.c'
' '
'Building file: ../StdPeriph_Driver/src/stm32l1xx_sdio.c'
'Invoking: MCU GCC Compiler'
C:\Users\bluemann\Desktop\nucleo\L152\tes01\Debug
arm-none-eabi-gcc -mcpu=cortex-m3 -mthumb -mfloat-abi=soft -DSTM32L1 -DSTM32L152RETx -DNUCLEO_L152RE -DSTM32 -DDEBUG -DUSE_STDPERIPH_DRIVER -DSTM32L1XX_XL -I"C:/Users/bluemann/Desktop/nucleo/L152/tes01/inc" -I"C:/Users/bluemann/Desktop/nucleo/L152/tes01/CMSIS/core" -I"C:/Users/bluemann/Desktop/nucleo/L152/tes01/CMSIS/device" -I"C:/Users/bluemann/Desktop/nucleo/L152/tes01/StdPeriph_Driver/inc" -I"C:/Users/bluemann/Desktop/nucleo/L152/tes01/Utilities" -O0 -g3 -Wall -fmessage-length=0 -ffunction-sections -c -MMD -MP -MF"StdPeriph_Driver/src/stm32l1xx_sdio.d" -MT"StdPeriph_Driver/src/stm32l1xx_sdio.o" -o "StdPeriph_Driver/src/stm32l1xx_sdio.o" "../StdPeriph_Driver/src/stm32l1xx_sdio.c"
'Finished building: ../StdPeriph_Driver/src/stm32l1xx_sdio.c'
' '
'Building file: ../StdPeriph_Driver/src/stm32l1xx_spi.c'
'Invoking: MCU GCC Compiler'
C:\Users\bluemann\Desktop\nucleo\L152\tes01\Debug
arm-none-eabi-gcc -mcpu=cortex-m3 -mthumb -mfloat-abi=soft -DSTM32L1 -DSTM32L152RETx -DNUCLEO_L152RE -DSTM32 -DDEBUG -DUSE_STDPERIPH_DRIVER -DSTM32L1XX_XL -I"C:/Users/bluemann/Desktop/nucleo/L152/tes01/inc" -I"C:/Users/bluemann/Desktop/nucleo/L152/tes01/CMSIS/core" -I"C:/Users/bluemann/Desktop/nucleo/L152/tes01/CMSIS/device" -I"C:/Users/bluemann/Desktop/nucleo/L152/tes01/StdPeriph_Driver/inc" -I"C:/Users/bluemann/Desktop/nucleo/L152/tes01/Utilities" -O0 -g3 -Wall -fmessage-length=0 -ffunction-sections -c -MMD -MP -MF"StdPeriph_Driver/src/stm32l1xx_spi.d" -MT"StdPeriph_Driver/src/stm32l1xx_spi.o" -o "StdPeriph_Driver/src/stm32l1xx_spi.o" "../StdPeriph_Driver/src/stm32l1xx_spi.c"
'Finished building: ../StdPeriph_Driver/src/stm32l1xx_spi.c'
' '
'Building file: ../StdPeriph_Driver/src/stm32l1xx_syscfg.c'
'Invoking: MCU GCC Compiler'
C:\Users\bluemann\Desktop\nucleo\L152\tes01\Debug
arm-none-eabi-gcc -mcpu=cortex-m3 -mthumb -mfloat-abi=soft -DSTM32L1 -DSTM32L152RETx -DNUCLEO_L152RE -DSTM32 -DDEBUG -DUSE_STDPERIPH_DRIVER -DSTM32L1XX_XL -I"C:/Users/bluemann/Desktop/nucleo/L152/tes01/inc" -I"C:/Users/bluemann/Desktop/nucleo/L152/tes01/CMSIS/core" -I"C:/Users/bluemann/Desktop/nucleo/L152/tes01/CMSIS/device" -I"C:/Users/bluemann/Desktop/nucleo/L152/tes01/StdPeriph_Driver/inc" -I"C:/Users/bluemann/Desktop/nucleo/L152/tes01/Utilities" -O0 -g3 -Wall -fmessage-length=0 -ffunction-sections -c -MMD -MP -MF"StdPeriph_Driver/src/stm32l1xx_syscfg.d" -MT"StdPeriph_Driver/src/stm32l1xx_syscfg.o" -o "StdPeriph_Driver/src/stm32l1xx_syscfg.o" "../StdPeriph_Driver/src/stm32l1xx_syscfg.c"
'Finished building: ../StdPeriph_Driver/src/stm32l1xx_syscfg.c'
' '
'Building file: ../StdPeriph_Driver/src/stm32l1xx_tim.c'
'Invoking: MCU GCC Compiler'
C:\Users\bluemann\Desktop\nucleo\L152\tes01\Debug
arm-none-eabi-gcc -mcpu=cortex-m3 -mthumb -mfloat-abi=soft -DSTM32L1 -DSTM32L152RETx -DNUCLEO_L152RE -DSTM32 -DDEBUG -DUSE_STDPERIPH_DRIVER -DSTM32L1XX_XL -I"C:/Users/bluemann/Desktop/nucleo/L152/tes01/inc" -I"C:/Users/bluemann/Desktop/nucleo/L152/tes01/CMSIS/core" -I"C:/Users/bluemann/Desktop/nucleo/L152/tes01/CMSIS/device" -I"C:/Users/bluemann/Desktop/nucleo/L152/tes01/StdPeriph_Driver/inc" -I"C:/Users/bluemann/Desktop/nucleo/L152/tes01/Utilities" -O0 -g3 -Wall -fmessage-length=0 -ffunction-sections -c -MMD -MP -MF"StdPeriph_Driver/src/stm32l1xx_tim.d" -MT"StdPeriph_Driver/src/stm32l1xx_tim.o" -o "StdPeriph_Driver/src/stm32l1xx_tim.o" "../StdPeriph_Driver/src/stm32l1xx_tim.c"
'Finished building: ../StdPeriph_Driver/src/stm32l1xx_tim.c'
' '
'Building file: ../StdPeriph_Driver/src/stm32l1xx_usart.c'
'Invoking: MCU GCC Compiler'
C:\Users\bluemann\Desktop\nucleo\L152\tes01\Debug
arm-none-eabi-gcc -mcpu=cortex-m3 -mthumb -mfloat-abi=soft -DSTM32L1 -DSTM32L152RETx -DNUCLEO_L152RE -DSTM32 -DDEBUG -DUSE_STDPERIPH_DRIVER -DSTM32L1XX_XL -I"C:/Users/bluemann/Desktop/nucleo/L152/tes01/inc" -I"C:/Users/bluemann/Desktop/nucleo/L152/tes01/CMSIS/core" -I"C:/Users/bluemann/Desktop/nucleo/L152/tes01/CMSIS/device" -I"C:/Users/bluemann/Desktop/nucleo/L152/tes01/StdPeriph_Driver/inc" -I"C:/Users/bluemann/Desktop/nucleo/L152/tes01/Utilities" -O0 -g3 -Wall -fmessage-length=0 -ffunction-sections -c -MMD -MP -MF"StdPeriph_Driver/src/stm32l1xx_usart.d" -MT"StdPeriph_Driver/src/stm32l1xx_usart.o" -o "StdPeriph_Driver/src/stm32l1xx_usart.o" "../StdPeriph_Driver/src/stm32l1xx_usart.c"
'Finished building: ../StdPeriph_Driver/src/stm32l1xx_usart.c'
' '
'Building file: ../StdPeriph_Driver/src/stm32l1xx_wwdg.c'
'Invoking: MCU GCC Compiler'
C:\Users\bluemann\Desktop\nucleo\L152\tes01\Debug
arm-none-eabi-gcc -mcpu=cortex-m3 -mthumb -mfloat-abi=soft -DSTM32L1 -DSTM32L152RETx -DNUCLEO_L152RE -DSTM32 -DDEBUG -DUSE_STDPERIPH_DRIVER -DSTM32L1XX_XL -I"C:/Users/bluemann/Desktop/nucleo/L152/tes01/inc" -I"C:/Users/bluemann/Desktop/nucleo/L152/tes01/CMSIS/core" -I"C:/Users/bluemann/Desktop/nucleo/L152/tes01/CMSIS/device" -I"C:/Users/bluemann/Desktop/nucleo/L152/tes01/StdPeriph_Driver/inc" -I"C:/Users/bluemann/Desktop/nucleo/L152/tes01/Utilities" -O0 -g3 -Wall -fmessage-length=0 -ffunction-sections -c -MMD -MP -MF"StdPeriph_Driver/src/stm32l1xx_wwdg.d" -MT"StdPeriph_Driver/src/stm32l1xx_wwdg.o" -o "StdPeriph_Driver/src/stm32l1xx_wwdg.o" "../StdPeriph_Driver/src/stm32l1xx_wwdg.c"
'Finished building: ../StdPeriph_Driver/src/stm32l1xx_wwdg.c'
' '
'Building target: tes01.elf'
'Invoking: MCU GCC Linker'
arm-none-eabi-gcc -mcpu=cortex-m3 -mthumb -mfloat-abi=soft -T"C:\Users\bluemann\Desktop\nucleo\L152\tes01\LinkerScript.ld" -Wl,-Map=output.map -Wl,--gc-sections -lm -o "tes01.elf" @"objects.list"  
'Finished building target: tes01.elf'
' '
make --no-print-directory post-build
'Generating binary and Printing size information:'
arm-none-eabi-objcopy -O binary "tes01.elf" "tes01.bin"
arm-none-eabi-size "tes01.elf"
   text	   data	    bss	    dec	    hex	filename
   1228	   1076	   1568	   3872	    f20	tes01.elf
' '
19:38:04 **** Incremental Build of configuration Debug for project tes01 ****
make all 
make: Nothing to be done for `all'.
19:38:50 **** Incremental Build of configuration Debug for project tes01 ****
make all 
make: Nothing to be done for `all'.
19:39:18 **** Incremental Build of configuration Debug for project tes01 ****
make all 
make: Nothing to be done for `all'.
19:40:42 **** Incremental Build of configuration Debug for project tes01 ****
make all 
'Building file: ../src/main.c'
'Invoking: MCU GCC Compiler'
C:\Users\bluemann\Desktop\nucleo\L152\tes01\Debug
arm-none-eabi-gcc -mcpu=cortex-m3 -mthumb -mfloat-abi=soft -DSTM32L1 -DSTM32L152RETx -DNUCLEO_L152RE -DSTM32 -DDEBUG -DUSE_STDPERIPH_DRIVER -DSTM32L1XX_XL -I"C:/Users/bluemann/Desktop/nucleo/L152/tes01/inc" -I"C:/Users/bluemann/Desktop/nucleo/L152/tes01/CMSIS/core" -I"C:/Users/bluemann/Desktop/nucleo/L152/tes01/CMSIS/device" -I"C:/Users/bluemann/Desktop/nucleo/L152/tes01/StdPeriph_Driver/inc" -I"C:/Users/bluemann/Desktop/nucleo/L152/tes01/Utilities" -O0 -g3 -Wall -fmessage-length=0 -ffunction-sections -c -MMD -MP -MF"src/main.d" -MT"src/main.o" -o "src/main.o" "../src/main.c"
'Finished building: ../src/main.c'
' '
'Building target: tes01.elf'
'Invoking: MCU GCC Linker'
arm-none-eabi-gcc -mcpu=cortex-m3 -mthumb -mfloat-abi=soft -T"C:\Users\bluemann\Desktop\nucleo\L152\tes01\LinkerScript.ld" -Wl,-Map=output.map -Wl,--gc-sections -lm -o "tes01.elf" @"objects.list"  
'Finished building target: tes01.elf'
' '
make --no-print-directory post-build
'Generating binary and Printing size information:'
arm-none-eabi-objcopy -O binary "tes01.elf" "tes01.bin"
arm-none-eabi-size "tes01.elf"
   text	   data	    bss	    dec	    hex	filename
   1240	   1076	   1568	   3884	    f2c	tes01.elf
' '
19:40:48 **** Incremental Build of configuration Debug for project tes01 ****
make all 
make: Nothing to be done for `all'.
19:40:54 **** Incremental Build of configuration Debug for project tes01 ****
make all 
make: Nothing to be done for `all'.
19:43:28 **** Incremental Build of configuration Debug for project tes01 ****
make all 
'Building file: ../src/main.c'
'Invoking: MCU GCC Compiler'
C:\Users\bluemann\Desktop\nucleo\L152\tes01\Debug
arm-none-eabi-gcc -mcpu=cortex-m3 -mthumb -mfloat-abi=soft -DSTM32L1 -DSTM32L152RETx -DNUCLEO_L152RE -DSTM32 -DDEBUG -DUSE_STDPERIPH_DRIVER -DSTM32L1XX_XL -I"C:/Users/bluemann/Desktop/nucleo/L152/tes01/inc" -I"C:/Users/bluemann/Desktop/nucleo/L152/tes01/CMSIS/core" -I"C:/Users/bluemann/Desktop/nucleo/L152/tes01/CMSIS/device" -I"C:/Users/bluemann/Desktop/nucleo/L152/tes01/StdPeriph_Driver/inc" -I"C:/Users/bluemann/Desktop/nucleo/L152/tes01/Utilities" -O0 -g3 -Wall -fmessage-length=0 -ffunction-sections -c -MMD -MP -MF"src/main.d" -MT"src/main.o" -o "src/main.o" "../src/main.c"
../src/main.c: In function 'main':
../src/main.c:23:19: error: 'GPIO_Mode_Out_PP' undeclared (first use in this function)
  gpio.GPIO_Mode = GPIO_Mode_Out_PP;  // jako wyjœcie
                   ^
../src/main.c:23:19: note: each undeclared identifier is reported only once for each function it appears in
make: *** [src/main.o] Error 1
19:44:19 **** Incremental Build of configuration Debug for project tes01 ****
make all 
'Building file: ../src/main.c'
'Invoking: MCU GCC Compiler'
C:\Users\bluemann\Desktop\nucleo\L152\tes01\Debug
arm-none-eabi-gcc -mcpu=cortex-m3 -mthumb -mfloat-abi=soft -DSTM32L1 -DSTM32L152RETx -DNUCLEO_L152RE -DSTM32 -DDEBUG -DUSE_STDPERIPH_DRIVER -DSTM32L1XX_XL -I"C:/Users/bluemann/Desktop/nucleo/L152/tes01/inc" -I"C:/Users/bluemann/Desktop/nucleo/L152/tes01/CMSIS/core" -I"C:/Users/bluemann/Desktop/nucleo/L152/tes01/CMSIS/device" -I"C:/Users/bluemann/Desktop/nucleo/L152/tes01/StdPeriph_Driver/inc" -I"C:/Users/bluemann/Desktop/nucleo/L152/tes01/Utilities" -O0 -g3 -Wall -fmessage-length=0 -ffunction-sections -c -MMD -MP -MF"src/main.d" -MT"src/main.o" -o "src/main.o" "../src/main.c"
../src/main.c: In function 'main':
../src/main.c:24:28: error: 'RCC_APB2Periph_GPIOA' undeclared (first use in this function)
     RCC_APB2PeriphClockCmd(RCC_APB2Periph_GPIOA, ENABLE); // uruchomienie zegara modulu GPIO
                            ^
../src/main.c:24:28: note: each undeclared identifier is reported only once for each function it appears in
../src/main.c:28:22: error: 'GPIO_Mode_Out_PP' undeclared (first use in this function)
     gpio.GPIO_Mode = GPIO_Mode_Out_PP; // jako wyjscie
                      ^
make: *** [src/main.o] Error 1
19:47:50 **** Incremental Build of configuration Debug for project tes01 ****
make all 
'Building file: ../src/main.c'
'Invoking: MCU GCC Compiler'
C:\Users\bluemann\Desktop\nucleo\L152\tes01\Debug
arm-none-eabi-gcc -mcpu=cortex-m3 -mthumb -mfloat-abi=soft -DSTM32L1 -DSTM32L152RETx -DNUCLEO_L152RE -DSTM32 -DDEBUG -DUSE_STDPERIPH_DRIVER -DSTM32L1XX_XL -I"C:/Users/bluemann/Desktop/nucleo/L152/tes01/inc" -I"C:/Users/bluemann/Desktop/nucleo/L152/tes01/CMSIS/core" -I"C:/Users/bluemann/Desktop/nucleo/L152/tes01/CMSIS/device" -I"C:/Users/bluemann/Desktop/nucleo/L152/tes01/StdPeriph_Driver/inc" -I"C:/Users/bluemann/Desktop/nucleo/L152/tes01/Utilities" -O0 -g3 -Wall -fmessage-length=0 -ffunction-sections -c -MMD -MP -MF"src/main.d" -MT"src/main.o" -o "src/main.o" "../src/main.c"
../src/main.c: In function 'main':
../src/main.c:24:5: warning: implicit declaration of function 'RCC_APBPeriphClockCmd' [-Wimplicit-function-declaration]
     RCC_APBPeriphClockCmd(RCC_APB2Periph_GPIOA, ENABLE); // uruchomienie zegara modulu GPIO
     ^
../src/main.c:24:27: error: 'RCC_APB2Periph_GPIOA' undeclared (first use in this function)
     RCC_APBPeriphClockCmd(RCC_APB2Periph_GPIOA, ENABLE); // uruchomienie zegara modulu GPIO
                           ^
../src/main.c:24:27: note: each undeclared identifier is reported only once for each function it appears in
../src/main.c:28:20: error: incompatible types when assigning to type 'GPIOMode_TypeDef {aka enum <anonymous>}' from type 'GPIO_InitTypeDef {aka struct <anonymous>}'
     gpio.GPIO_Mode = gpio
                    ^
../src/main.c:29:5: error: expected ';' before 'GPIO_Init'
     GPIO_Init(GPIOA, &gpio); // inicjalizacja modulu GPIOA
     ^
make: *** [src/main.o] Error 1
19:48:34 **** Incremental Build of configuration Debug for project tes01 ****
make all 
'Building file: ../src/main.c'
'Invoking: MCU GCC Compiler'
C:\Users\bluemann\Desktop\nucleo\L152\tes01\Debug
arm-none-eabi-gcc -mcpu=cortex-m3 -mthumb -mfloat-abi=soft -DSTM32L1 -DSTM32L152RETx -DNUCLEO_L152RE -DSTM32 -DDEBUG -DUSE_STDPERIPH_DRIVER -DSTM32L1XX_XL -I"C:/Users/bluemann/Desktop/nucleo/L152/tes01/inc" -I"C:/Users/bluemann/Desktop/nucleo/L152/tes01/CMSIS/core" -I"C:/Users/bluemann/Desktop/nucleo/L152/tes01/CMSIS/device" -I"C:/Users/bluemann/Desktop/nucleo/L152/tes01/StdPeriph_Driver/inc" -I"C:/Users/bluemann/Desktop/nucleo/L152/tes01/Utilities" -O0 -g3 -Wall -fmessage-length=0 -ffunction-sections -c -MMD -MP -MF"src/main.d" -MT"src/main.o" -o "src/main.o" "../src/main.c"
../src/main.c: In function 'main':
../src/main.c:24:5: warning: implicit declaration of function 'RCC_APBPeriphClockCmd' [-Wimplicit-function-declaration]
     RCC_APBPeriphClockCmd(RCC_APB2Periph_GPIOA, ENABLE); // uruchomienie zegara modulu GPIO
     ^
../src/main.c:24:27: error: 'RCC_APB2Periph_GPIOA' undeclared (first use in this function)
     RCC_APBPeriphClockCmd(RCC_APB2Periph_GPIOA, ENABLE); // uruchomienie zegara modulu GPIO
                           ^
../src/main.c:24:27: note: each undeclared identifier is reported only once for each function it appears in
make: *** [src/main.o] Error 1
19:48:43 **** Incremental Build of configuration Debug for project tes01 ****
make all 
'Building file: ../src/main.c'
'Invoking: MCU GCC Compiler'
C:\Users\bluemann\Desktop\nucleo\L152\tes01\Debug
arm-none-eabi-gcc -mcpu=cortex-m3 -mthumb -mfloat-abi=soft -DSTM32L1 -DSTM32L152RETx -DNUCLEO_L152RE -DSTM32 -DDEBUG -DUSE_STDPERIPH_DRIVER -DSTM32L1XX_XL -I"C:/Users/bluemann/Desktop/nucleo/L152/tes01/inc" -I"C:/Users/bluemann/Desktop/nucleo/L152/tes01/CMSIS/core" -I"C:/Users/bluemann/Desktop/nucleo/L152/tes01/CMSIS/device" -I"C:/Users/bluemann/Desktop/nucleo/L152/tes01/StdPeriph_Driver/inc" -I"C:/Users/bluemann/Desktop/nucleo/L152/tes01/Utilities" -O0 -g3 -Wall -fmessage-length=0 -ffunction-sections -c -MMD -MP -MF"src/main.d" -MT"src/main.o" -o "src/main.o" "../src/main.c"
../src/main.c: In function 'main':
../src/main.c:24:28: error: 'RCC_APB2Periph_GPIOA' undeclared (first use in this function)
     RCC_APB2PeriphClockCmd(RCC_APB2Periph_GPIOA, ENABLE); // uruchomienie zegara modulu GPIO
                            ^
../src/main.c:24:28: note: each undeclared identifier is reported only once for each function it appears in
make: *** [src/main.o] Error 1
